Archive member included to satisfy reference by file (symbol)

.\CortexM3\ARM_GCC_541\Debug\DC-Motor-PWM.a(UART_1.o)
                              .\CortexM3\ARM_GCC_541\Debug\main.o (UART_1_Start)
.\CortexM3\ARM_GCC_541\Debug\DC-Motor-PWM.a(isr_uart_rx.o)
                              .\CortexM3\ARM_GCC_541\Debug\main.o (isr_uart_rx_StartEx)
.\CortexM3\ARM_GCC_541\Debug\DC-Motor-PWM.a(UART_1_IntClock.o)
                              .\CortexM3\ARM_GCC_541\Debug\DC-Motor-PWM.a(UART_1.o) (UART_1_IntClock_Start)
.\CortexM3\ARM_GCC_541\Debug\DC-Motor-PWM.a(CyLib.o)
                              .\CortexM3\ARM_GCC_541\Debug\Cm3Start.o (CyHalt)
.\CortexM3\ARM_GCC_541\Debug\DC-Motor-PWM.a(cyPm.o)
                              .\CortexM3\ARM_GCC_541\Debug\DC-Motor-PWM.a(CyLib.o) (CyPmReadStatus)
.\CortexM3\ARM_GCC_541\Debug\DC-Motor-PWM.a(Pin_1_H.o)
                              .\CortexM3\ARM_GCC_541\Debug\main.o (Pin_1_H_Write)
.\CortexM3\ARM_GCC_541\Debug\DC-Motor-PWM.a(Pin_2_H.o)
                              .\CortexM3\ARM_GCC_541\Debug\main.o (Pin_2_H_Write)
.\CortexM3\ARM_GCC_541\Debug\DC-Motor-PWM.a(PWM_M1.o)
                              .\CortexM3\ARM_GCC_541\Debug\main.o (PWM_M1_WriteCompare)
.\CortexM3\ARM_GCC_541\Debug\DC-Motor-PWM.a(PWM_M2.o)
                              .\CortexM3\ARM_GCC_541\Debug\main.o (PWM_M2_WriteCompare)
.\CortexM3\ARM_GCC_541\Debug\DC-Motor-PWM.a(SPI_Slave.o)
                              .\CortexM3\ARM_GCC_541\Debug\main.o (SPI_Slave_WriteTxData)
.\CortexM3\ARM_GCC_541\Debug\DC-Motor-PWM.a(SPI_Slave_INT.o)
                              .\CortexM3\ARM_GCC_541\Debug\DC-Motor-PWM.a(SPI_Slave.o) (SPI_Slave_RX_ISR)
.\CortexM3\ARM_GCC_541\Debug\DC-Motor-PWM.a(CyBootAsmGnu.o)
                              .\CortexM3\ARM_GCC_541\Debug\cyfitter_cfg.o (CyDelayCycles)
.\CortexM3\ARM_GCC_541\Debug\DC-Motor-PWM.a(CyFlash.o)
                              .\CortexM3\ARM_GCC_541\Debug\DC-Motor-PWM.a(cyPm.o) (CyFlash_SetWaitCycles)
.\CortexM3\ARM_GCC_541\Debug\DC-Motor-PWM.a(CySpc.o)
                              .\CortexM3\ARM_GCC_541\Debug\DC-Motor-PWM.a(CyFlash.o) (CySpcStart)
c:/program files (x86)/cypress/psoc creator/4.1/psoc creator/import/gnu/arm/5.4.1/bin/../lib/gcc/arm-none-eabi/5.4.1/../../../../arm-none-eabi/lib/armv7-m\libg_nano.a(lib_a-errno.o)
                              .\CortexM3\ARM_GCC_541\Debug\Cm3Start.o (__errno)
c:/program files (x86)/cypress/psoc creator/4.1/psoc creator/import/gnu/arm/5.4.1/bin/../lib/gcc/arm-none-eabi/5.4.1/../../../../arm-none-eabi/lib/armv7-m\libg_nano.a(lib_a-exit.o)
                              c:/program files (x86)/cypress/psoc creator/4.1/psoc creator/import/gnu/arm/5.4.1/bin/../lib/gcc/arm-none-eabi/5.4.1/../../../../arm-none-eabi/lib/armv7-m/crt0.o (exit)
c:/program files (x86)/cypress/psoc creator/4.1/psoc creator/import/gnu/arm/5.4.1/bin/../lib/gcc/arm-none-eabi/5.4.1/../../../../arm-none-eabi/lib/armv7-m\libg_nano.a(lib_a-impure.o)
                              c:/program files (x86)/cypress/psoc creator/4.1/psoc creator/import/gnu/arm/5.4.1/bin/../lib/gcc/arm-none-eabi/5.4.1/../../../../arm-none-eabi/lib/armv7-m\libg_nano.a(lib_a-exit.o) (_global_impure_ptr)
c:/program files (x86)/cypress/psoc creator/4.1/psoc creator/import/gnu/arm/5.4.1/bin/../lib/gcc/arm-none-eabi/5.4.1/../../../../arm-none-eabi/lib/armv7-m\libg_nano.a(lib_a-init.o)
                              c:/program files (x86)/cypress/psoc creator/4.1/psoc creator/import/gnu/arm/5.4.1/bin/../lib/gcc/arm-none-eabi/5.4.1/../../../../arm-none-eabi/lib/armv7-m/crt0.o (__libc_init_array)
c:/program files (x86)/cypress/psoc creator/4.1/psoc creator/import/gnu/arm/5.4.1/bin/../lib/gcc/arm-none-eabi/5.4.1/../../../../arm-none-eabi/lib/armv7-m\libg_nano.a(lib_a-memcpy-stub.o)
                              .\CortexM3\ARM_GCC_541\Debug\cyfitter_cfg.o (memcpy)
c:/program files (x86)/cypress/psoc creator/4.1/psoc creator/import/gnu/arm/5.4.1/bin/../lib/gcc/arm-none-eabi/5.4.1/../../../../arm-none-eabi/lib/armv7-m\libg_nano.a(lib_a-memset.o)
                              c:/program files (x86)/cypress/psoc creator/4.1/psoc creator/import/gnu/arm/5.4.1/bin/../lib/gcc/arm-none-eabi/5.4.1/../../../../arm-none-eabi/lib/armv7-m/crt0.o (memset)
c:/program files (x86)/cypress/psoc creator/4.1/psoc creator/import/gnu/arm/5.4.1/bin/../lib/gcc/arm-none-eabi/5.4.1/../../../../arm-none-eabi/lib/armv7-m\libg_nano.a(lib_a-nano-vfprintf_float.o)
                              (_printf_float)
c:/program files (x86)/cypress/psoc creator/4.1/psoc creator/import/gnu/arm/5.4.1/bin/../lib/gcc/arm-none-eabi/5.4.1/../../../../arm-none-eabi/lib/armv7-m\libg_nano.a(lib_a-nano-vfprintf_i.o)
                              c:/program files (x86)/cypress/psoc creator/4.1/psoc creator/import/gnu/arm/5.4.1/bin/../lib/gcc/arm-none-eabi/5.4.1/../../../../arm-none-eabi/lib/armv7-m\libg_nano.a(lib_a-nano-vfprintf_float.o) (_printf_common)
[...]
Memory Configuration

Name             Origin             Length             Attributes
rom              0x00000000         0x00040000         xr
ram              0x1fff8000         0x00010000         xrw
*default*        0x00000000         0xffffffff

Linker script and memory map

LOAD c:/program files (x86)/cypress/psoc creator/4.1/psoc creator/import/gnu/arm/5.4.1/bin/../lib/gcc/arm-none-eabi/5.4.1/armv7-m/crti.o
LOAD c:/program files (x86)/cypress/psoc creator/4.1/psoc creator/import/gnu/arm/5.4.1/bin/../lib/gcc/arm-none-eabi/5.4.1/armv7-m/crtbegin.o
LOAD c:/program files (x86)/cypress/psoc creator/4.1/psoc creator/import/gnu/arm/5.4.1/bin/../lib/gcc/arm-none-eabi/5.4.1/../../../../arm-none-eabi/lib/armv7-m/crt0.o
START GROUP
LOAD .\CortexM3\ARM_GCC_541\Debug\main.o
LOAD .\CortexM3\ARM_GCC_541\Debug\cyfitter_cfg.o
LOAD .\CortexM3\ARM_GCC_541\Debug\cymetadata.o
LOAD .\CortexM3\ARM_GCC_541\Debug\Cm3Start.o
LOAD .\CortexM3\ARM_GCC_541\Debug\DC-Motor-PWM.a
LOAD C:\Program Files (x86)\Cypress\PSoC Creator\4.1\PSoC Creator\psoc\content\cycomponentlibrary\CyComponentLibrary.cylib\CortexM3\ARM_GCC_541\Debug\CyComponentLibrary.a
END GROUP
START GROUP
LOAD c:/program files (x86)/cypress/psoc creator/4.1/psoc creator/import/gnu/arm/5.4.1/bin/../lib/gcc/arm-none-eabi/5.4.1/armv7-m\libgcc.a
LOAD c:/program files (x86)/cypress/psoc creator/4.1/psoc creator/import/gnu/arm/5.4.1/bin/../lib/gcc/arm-none-eabi/5.4.1/../../../../arm-none-eabi/lib/armv7-m\libg_nano.a
LOAD c:/program files (x86)/cypress/psoc creator/4.1/psoc creator/import/gnu/arm/5.4.1/bin/../lib/gcc/arm-none-eabi/5.4.1/../../../../arm-none-eabi/lib/armv7-m\libc_nano.a
END GROUP
START GROUP
LOAD c:/program files (x86)/cypress/psoc creator/4.1/psoc creator/import/gnu/arm/5.4.1/bin/../lib/gcc/arm-none-eabi/5.4.1/armv7-m\libgcc.a
LOAD c:/program files (x86)/cypress/psoc creator/4.1/psoc creator/import/gnu/arm/5.4.1/bin/../lib/gcc/arm-none-eabi/5.4.1/../../../../arm-none-eabi/lib/armv7-m\libc_nano.a
END GROUP
LOAD c:/program files (x86)/cypress/psoc creator/4.1/psoc creator/import/gnu/arm/5.4.1/bin/../lib/gcc/arm-none-eabi/5.4.1/armv7-m/crtend.o
LOAD c:/program files (x86)/cypress/psoc creator/4.1/psoc creator/import/gnu/arm/5.4.1/bin/../lib/gcc/arm-none-eabi/5.4.1/armv7-m/crtn.o
START GROUP
LOAD c:/program files (x86)/cypress/psoc creator/4.1/psoc creator/import/gnu/arm/5.4.1/bin/../lib/gcc/arm-none-eabi/5.4.1/armv7-m\libgcc.a
LOAD c:/program files (x86)/cypress/psoc creator/4.1/psoc creator/import/gnu/arm/5.4.1/bin/../lib/gcc/arm-none-eabi/5.4.1/../../../../arm-none-eabi/lib/armv7-m\libc.a
LOAD c:/program files (x86)/cypress/psoc creator/4.1/psoc creator/import/gnu/arm/5.4.1/bin/../lib/gcc/arm-none-eabi/5.4.1/../../../../arm-none-eabi/lib/armv7-m\libnosys.a
END GROUP
                0x00000000                CY_APPL_ORIGIN = 0x0
                0x00000100                CY_FLASH_ROW_SIZE = 0x100
                0x00000020                CY_ECC_ROW_SIZE = 0x20
                0x00000000                CY_EE_IN_BTLDR = 0x0
                0x00000000                CY_APPL_LOADABLE = 0x0
                0x00000800                CY_EE_SIZE = 0x800
                0x00000001                CY_APPL_NUM = 0x1
                0x00000001                CY_APPL_MAX = 0x1
                0x00000040                CY_METADATA_SIZE = 0x40
                0x00000000                CY_APPL_LOADABLE = 0x0
                0x00000000                CY_CHECKSUM_EXCLUDE_SIZE = ALIGN (0x0, CY_FLASH_ROW_SIZE)
                [!provide]                PROVIDE (__cy_heap_start, _end)
                0x00000001                PROVIDE (__cy_region_num, ((__cy_regions_end - __cy_regions) / 0x10))
                0x20008000                PROVIDE (__cy_stack, (ORIGIN (ram) + LENGTH (ram)))
                [!provide]                PROVIDE (__cy_heap_end, (__cy_stack - 0x800))

.cybootloader   0x00000000        0x0
 *(.cybootloader)
                0x00000000                appl1_start = CY_APPL_ORIGIN?CY_APPL_ORIGIN:ALIGN (CY_FLASH_ROW_SIZE)
                0x0001ff00                appl2_start = (appl1_start + ALIGN ((((LENGTH (rom) - appl1_start) - (0x2 * CY_FLASH_ROW_SIZE)) / 0x2), CY_FLASH_ROW_SIZE))
                0x00000000                appl_start = (CY_APPL_NUM == 0x1)?appl1_start:appl2_start
                0x00000000                ecc_offset = ((appl_start / CY_FLASH_ROW_SIZE) * CY_ECC_ROW_SIZE)
                0x00000000                ee_offset = (CY_APPL_LOADABLE && ! (CY_EE_IN_BTLDR))?((CY_EE_SIZE / CY_APPL_MAX) * (CY_APPL_NUM - 0x1)):0x0
                0x00000800                ee_size = (CY_APPL_LOADABLE && ! (CY_EE_IN_BTLDR))?(CY_EE_SIZE / CY_APPL_MAX):CY_EE_SIZE
                [!provide]                PROVIDE (CY_ECC_OFFSET, ecc_offset)

.text           0x00000000     0x2d58
 CREATE_OBJECT_SYMBOLS
                0x00000000                PROVIDE (__cy_interrupt_vector, RomVectors)
 *(.romvectors)
 .romvectors    0x00000000       0x10 .\CortexM3\ARM_GCC_541\Debug\Cm3Start.o
                0x00000000                RomVectors
                0x00000001                ASSERT ((. != __cy_interrupt_vector), No interrupt vector)
                0x00000001                ASSERT (CY_APPL_ORIGIN?(SIZEOF (.cybootloader) <= CY_APPL_ORIGIN):0x1, Wrong image location)
                0x00000010                PROVIDE (__cy_reset, Reset)
 *(.text.Reset)
 .text.Reset    0x00000010       0x18 .\CortexM3\ARM_GCC_541\Debug\Cm3Start.o
                0x00000010                Reset
                0x00000001                ASSERT ((. != __cy_reset), No reset code)
 *(.dma_init)
                0x00000001                ASSERT ((((appl_start + .) <= 0x10000) || 0x1), DMA Init must be within the first 64k of flash)
 *(.text .text.* .gnu.linkonce.t.*)
 .text          0x00000028       0x5c c:/program files (x86)/cypress/psoc creator/4.1/psoc creator/import/gnu/arm/5.4.1/bin/../lib/gcc/arm-none-eabi/5.4.1/armv7-m/crtbegin.o
 .text.main     0x00000084       0xe4 .\CortexM3\ARM_GCC_541\Debug\main.o
                0x00000084                main
 .text.decreaseSpeed
                0x00000168       0x3c .\CortexM3\ARM_GCC_541\Debug\main.o
                0x00000168                decreaseSpeed
 .text.increaseSpeed
                0x000001a4       0x38 .\CortexM3\ARM_GCC_541\Debug\main.o
                0x000001a4                increaseSpeed
 .text.driveForwards
                0x000001dc       0x3c .\CortexM3\ARM_GCC_541\Debug\main.o
                0x000001dc                driveForwards
 .text.driveBackwards
                0x00000218       0x3c .\CortexM3\ARM_GCC_541\Debug\main.o
                0x00000218                driveBackwards
 .text.stop     0x00000254       0x24 .\CortexM3\ARM_GCC_541\Debug\main.o
                0x00000254                stop
 .text.handleByteReceived
                0x00000278       0x3c .\CortexM3\ARM_GCC_541\Debug\main.o
                0x00000278                handleByteReceived
 .text.ISR_UART_rx_handler
                0x000002b4       0x24 .\CortexM3\ARM_GCC_541\Debug\main.o
                0x000002b4                ISR_UART_rx_handler
 .text.CyClockStartupError
                0x000002d8        0x4 .\CortexM3\ARM_GCC_541\Debug\cyfitter_cfg.o
 .text.cfg_write_bytes32
                0x000002dc       0x34 .\CortexM3\ARM_GCC_541\Debug\cyfitter_cfg.o
 .text.AnalogSetDefault
                0x00000310       0x28 .\CortexM3\ARM_GCC_541\Debug\cyfitter_cfg.o
 .text.CYMEMZERO
                0x00000338        0xc .\CortexM3\ARM_GCC_541\Debug\cyfitter_cfg.o
 .text.ClockSetup
                0x00000344       0xf4 .\CortexM3\ARM_GCC_541\Debug\cyfitter_cfg.o
 .text.CYCONFIGCPY
                0x00000438        0x8 .\CortexM3\ARM_GCC_541\Debug\cyfitter_cfg.o
 .text.cyfitter_cfg
                0x00000440      0x120 .\CortexM3\ARM_GCC_541\Debug\cyfitter_cfg.o
                0x00000440                cyfitter_cfg
 .text.IntDefaultHandler
                0x00000560       0x10 .\CortexM3\ARM_GCC_541\Debug\Cm3Start.o
                0x00000560                IntDefaultHandler
 .text._sbrk    0x00000570       0x30 .\CortexM3\ARM_GCC_541\Debug\Cm3Start.o
                0x00000570                _sbrk
 .text.Start_c  0x000005a0       0x4c .\CortexM3\ARM_GCC_541\Debug\Cm3Start.o
                0x000005a0                Start_c
 .text.initialize_psoc
                0x000005ec       0x68 .\CortexM3\ARM_GCC_541\Debug\Cm3Start.o
                0x000005ec                initialize_psoc
 .text.UART_1_Init
                0x00000654       0x28 .\CortexM3\ARM_GCC_541\Debug\DC-Motor-PWM.a(UART_1.o)
                0x00000654                UART_1_Init
 .text.UART_1_Enable
                0x0000067c       0x38 .\CortexM3\ARM_GCC_541\Debug\DC-Motor-PWM.a(UART_1.o)
                0x0000067c                UART_1_Enable
 .text.UART_1_Start
                0x000006b4       0x1c .\CortexM3\ARM_GCC_541\Debug\DC-Motor-PWM.a(UART_1.o)
                0x000006b4                UART_1_Start
 .text.UART_1_ReadRxData
                0x000006d0        0xc .\CortexM3\ARM_GCC_541\Debug\DC-Motor-PWM.a(UART_1.o)
                0x000006d0                UART_1_ReadRxData
 .text.UART_1_GetRxBufferSize
                0x000006dc       0x18 .\CortexM3\ARM_GCC_541\Debug\DC-Motor-PWM.a(UART_1.o)
                0x000006dc                UART_1_GetRxBufferSize
 .text.UART_1_WriteTxData
                0x000006f4       0x14 .\CortexM3\ARM_GCC_541\Debug\DC-Motor-PWM.a(UART_1.o)
                0x000006f4                UART_1_WriteTxData
 .text.UART_1_PutChar
                0x00000708       0x18 .\CortexM3\ARM_GCC_541\Debug\DC-Motor-PWM.a(UART_1.o)
                0x00000708                UART_1_PutChar
 .text.UART_1_PutString
                0x00000720       0x24 .\CortexM3\ARM_GCC_541\Debug\DC-Motor-PWM.a(UART_1.o)
                0x00000720                UART_1_PutString
 .text.isr_uart_rx_SetVector
                0x00000744        0xc .\CortexM3\ARM_GCC_541\Debug\DC-Motor-PWM.a(isr_uart_rx.o)
                0x00000744                isr_uart_rx_SetVector
 .text.isr_uart_rx_SetPriority
                0x00000750       0x10 .\CortexM3\ARM_GCC_541\Debug\DC-Motor-PWM.a(isr_uart_rx.o)
                0x00000750                isr_uart_rx_SetPriority
 .text.isr_uart_rx_Enable
                0x00000760        0xc .\CortexM3\ARM_GCC_541\Debug\DC-Motor-PWM.a(isr_uart_rx.o)
                0x00000760                isr_uart_rx_Enable
 .text.isr_uart_rx_Disable
                0x0000076c        0xc .\CortexM3\ARM_GCC_541\Debug\DC-Motor-PWM.a(isr_uart_rx.o)
                0x0000076c                isr_uart_rx_Disable
 .text.isr_uart_rx_StartEx
                0x00000778       0x1c .\CortexM3\ARM_GCC_541\Debug\DC-Motor-PWM.a(isr_uart_rx.o)
                0x00000778                isr_uart_rx_StartEx
 .text.UART_1_IntClock_Start
                0x00000794       0x1c .\CortexM3\ARM_GCC_541\Debug\DC-Motor-PWM.a(UART_1_IntClock.o)
                0x00000794                UART_1_IntClock_Start
 .text.Pin_1_H_Write
                0x000007b0       0x18 .\CortexM3\ARM_GCC_541\Debug\DC-Motor-PWM.a(Pin_1_H.o)
                0x000007b0                Pin_1_H_Write
 .text.Pin_2_H_Write
                0x000007c8       0x18 .\CortexM3\ARM_GCC_541\Debug\DC-Motor-PWM.a(Pin_2_H.o)
                0x000007c8                Pin_2_H_Write
 .text.PWM_M1_Enable
                0x000007e0       0x10 .\CortexM3\ARM_GCC_541\Debug\DC-Motor-PWM.a(PWM_M1.o)
                0x000007e0                PWM_M1_Enable
 .text.PWM_M1_WriteCounter
                0x000007f0        0xc .\CortexM3\ARM_GCC_541\Debug\DC-Motor-PWM.a(PWM_M1.o)
                0x000007f0                PWM_M1_WriteCounter
 .text.PWM_M1_WritePeriod
                0x000007fc        0xc .\CortexM3\ARM_GCC_541\Debug\DC-Motor-PWM.a(PWM_M1.o)
                0x000007fc                PWM_M1_WritePeriod
 .text.PWM_M1_WriteCompare
                0x00000808        0xc .\CortexM3\ARM_GCC_541\Debug\DC-Motor-PWM.a(PWM_M1.o)
                0x00000808                PWM_M1_WriteCompare
 .text.PWM_M1_SetInterruptMode
                0x00000814        0xc .\CortexM3\ARM_GCC_541\Debug\DC-Motor-PWM.a(PWM_M1.o)
                0x00000814                PWM_M1_SetInterruptMode
 .text.PWM_M1_ReadStatusRegister
                0x00000820        0xc .\CortexM3\ARM_GCC_541\Debug\DC-Motor-PWM.a(PWM_M1.o)
                0x00000820                PWM_M1_ReadStatusRegister
 .text.PWM_M1_ReadCapture
                0x0000082c        0xc .\CortexM3\ARM_GCC_541\Debug\DC-Motor-PWM.a(PWM_M1.o)
                0x0000082c                PWM_M1_ReadCapture
 .text.PWM_M1_ClearFIFO
                0x00000838       0x14 .\CortexM3\ARM_GCC_541\Debug\DC-Motor-PWM.a(PWM_M1.o)
                0x00000838                PWM_M1_ClearFIFO
 .text.PWM_M1_Init
                0x0000084c       0x50 .\CortexM3\ARM_GCC_541\Debug\DC-Motor-PWM.a(PWM_M1.o)
                0x0000084c                PWM_M1_Init
 .text.PWM_M1_Start
                0x0000089c       0x1c .\CortexM3\ARM_GCC_541\Debug\DC-Motor-PWM.a(PWM_M1.o)
                0x0000089c                PWM_M1_Start
 .text.PWM_M2_Enable
                0x000008b8       0x10 .\CortexM3\ARM_GCC_541\Debug\DC-Motor-PWM.a(PWM_M2.o)
                0x000008b8                PWM_M2_Enable
 .text.PWM_M2_WriteCounter
                0x000008c8        0xc .\CortexM3\ARM_GCC_541\Debug\DC-Motor-PWM.a(PWM_M2.o)
                0x000008c8                PWM_M2_WriteCounter
 .text.PWM_M2_WritePeriod
                0x000008d4        0xc .\CortexM3\ARM_GCC_541\Debug\DC-Motor-PWM.a(PWM_M2.o)
                0x000008d4                PWM_M2_WritePeriod
 .text.PWM_M2_WriteCompare
                0x000008e0        0xc .\CortexM3\ARM_GCC_541\Debug\DC-Motor-PWM.a(PWM_M2.o)
                0x000008e0                PWM_M2_WriteCompare
 .text.PWM_M2_SetInterruptMode
                0x000008ec        0xc .\CortexM3\ARM_GCC_541\Debug\DC-Motor-PWM.a(PWM_M2.o)
                0x000008ec                PWM_M2_SetInterruptMode
 .text.PWM_M2_ReadStatusRegister
                0x000008f8        0xc .\CortexM3\ARM_GCC_541\Debug\DC-Motor-PWM.a(PWM_M2.o)
                0x000008f8                PWM_M2_ReadStatusRegister
 .text.PWM_M2_ReadCapture
                0x00000904        0xc .\CortexM3\ARM_GCC_541\Debug\DC-Motor-PWM.a(PWM_M2.o)
                0x00000904                PWM_M2_ReadCapture
 .text.PWM_M2_ClearFIFO
                0x00000910       0x14 .\CortexM3\ARM_GCC_541\Debug\DC-Motor-PWM.a(PWM_M2.o)
                0x00000910                PWM_M2_ClearFIFO
 .text.PWM_M2_Init
                0x00000924       0x50 .\CortexM3\ARM_GCC_541\Debug\DC-Motor-PWM.a(PWM_M2.o)
                0x00000924                PWM_M2_Init
 .text.PWM_M2_Start
                0x00000974       0x1c .\CortexM3\ARM_GCC_541\Debug\DC-Motor-PWM.a(PWM_M2.o)
                0x00000974                PWM_M2_Start
 .text.SPI_Slave_WriteTxData
                0x00000990       0x18 .\CortexM3\ARM_GCC_541\Debug\DC-Motor-PWM.a(SPI_Slave.o)
                0x00000990                SPI_Slave_WriteTxData
 .text.SPI_Slave_ClearRxBuffer
                0x000009a8       0x1c .\CortexM3\ARM_GCC_541\Debug\DC-Motor-PWM.a(SPI_Slave.o)
                0x000009a8                SPI_Slave_ClearRxBuffer
 .text.SPI_Slave_ClearTxBuffer
                0x000009c4       0x24 .\CortexM3\ARM_GCC_541\Debug\DC-Motor-PWM.a(SPI_Slave.o)
                0x000009c4                SPI_Slave_ClearTxBuffer
 .text          0x000009e8       0x20 .\CortexM3\ARM_GCC_541\Debug\DC-Motor-PWM.a(CyBootAsmGnu.o)
                0x000009e8                CyDelayCycles
                0x000009f8                CyEnterCriticalSection
                0x00000a00                CyExitCriticalSection
 .text.__errno  0x00000a08        0xc c:/program files (x86)/cypress/psoc creator/4.1/psoc creator/import/gnu/arm/5.4.1/bin/../lib/gcc/arm-none-eabi/5.4.1/../../../../arm-none-eabi/lib/armv7-m\libg_nano.a(lib_a-errno.o)
                0x00000a08                __errno
 .text.__libc_init_array
                0x00000a14       0x4c c:/program files (x86)/cypress/psoc creator/4.1/psoc creator/import/gnu/arm/5.4.1/bin/../lib/gcc/arm-none-eabi/5.4.1/../../../../arm-none-eabi/lib/armv7-m\libg_nano.a(lib_a-init.o)
                0x00000a14                __libc_init_array
 .text.memcpy   0x00000a60       0x16 c:/program files (x86)/cypress/psoc creator/4.1/psoc creator/import/gnu/arm/5.4.1/bin/../lib/gcc/arm-none-eabi/5.4.1/../../../../arm-none-eabi/lib/armv7-m\libg_nano.a(lib_a-memcpy-stub.o)
                0x00000a60                memcpy
 .text.memset   0x00000a76       0x10 c:/program files (x86)/cypress/psoc creator/4.1/psoc creator/import/gnu/arm/5.4.1/bin/../lib/gcc/arm-none-eabi/5.4.1/../../../../arm-none-eabi/lib/armv7-m\libg_nano.a(lib_a-memset.o)
                0x00000a76                memset
 .text.__cvt    0x00000a86       0xc0 c:/program files (x86)/cypress/psoc creator/4.1/psoc creator/import/gnu/arm/5.4.1/bin/../lib/gcc/arm-none-eabi/5.4.1/../../../../arm-none-eabi/lib/armv7-m\libg_nano.a(lib_a-nano-vfprintf_float.o)
                0x00000a86                __cvt
 .text.__exponent
                0x00000b46       0x62 c:/program files (x86)/cypress/psoc creator/4.1/psoc creator/import/gnu/arm/5.4.1/bin/../lib/gcc/arm-none-eabi/5.4.1/../../../../arm-none-eabi/lib/armv7-m\libg_nano.a(lib_a-nano-vfprintf_float.o)
                0x00000b46                __exponent
 .text._printf_float
                0x00000ba8      0x488 c:/program files (x86)/cypress/psoc creator/4.1/psoc creator/import/gnu/arm/5.4.1/bin/../lib/gcc/arm-none-eabi/5.4.1/../../../../arm-none-eabi/lib/armv7-m\libg_nano.a(lib_a-nano-vfprintf_float.o)
                0x00000ba8                _printf_float
 .text._printf_common
                0x00001030       0xec c:/program files (x86)/cypress/psoc creator/4.1/psoc creator/import/gnu/arm/5.4.1/bin/../lib/gcc/arm-none-eabi/5.4.1/../../../../arm-none-eabi/lib/armv7-m\libg_nano.a(lib_a-nano-vfprintf_i.o)
                0x00001030                _printf_common
 .text          0x0000111c       0x10 c:/program files (x86)/cypress/psoc creator/4.1/psoc creator/import/gnu/arm/5.4.1/bin/../lib/gcc/arm-none-eabi/5.4.1/../../../../arm-none-eabi/lib/armv7-m\libg_nano.a(lib_a-strlen.o)
                0x0000111c                strlen
 .text.quorem   0x0000112c      0x116 c:/program files (x86)/cypress/psoc creator/4.1/psoc creator/import/gnu/arm/5.4.1/bin/../lib/gcc/arm-none-eabi/5.4.1/../../../../arm-none-eabi/lib/armv7-m\libg_nano.a(lib_a-dtoa.o)
 *fill*         0x00001242        0x6 
 .text._dtoa_r  0x00001248      0xb30 c:/program files (x86)/cypress/psoc creator/4.1/psoc creator/import/gnu/arm/5.4.1/bin/../lib/gcc/arm-none-eabi/5.4.1/../../../../arm-none-eabi/lib/armv7-m\libg_nano.a(lib_a-dtoa.o)
                0x00001248                _dtoa_r
 .text._localeconv_r
                0x00001d78        0x8 c:/program files (x86)/cypress/psoc creator/4.1/psoc creator/import/gnu/arm/5.4.1/bin/../lib/gcc/arm-none-eabi/5.4.1/../../../../arm-none-eabi/lib/armv7-m\libg_nano.a(lib_a-locale.o)
                0x00001d78                _localeconv_r
 .text.malloc   0x00001d80       0x10 c:/program files (x86)/cypress/psoc creator/4.1/psoc creator/import/gnu/arm/5.4.1/bin/../lib/gcc/arm-none-eabi/5.4.1/../../../../arm-none-eabi/lib/armv7-m\libg_nano.a(lib_a-malloc.o)
                0x00001d80                malloc
 .text._Balloc  0x00001d90       0x6a c:/program files (x86)/cypress/psoc creator/4.1/psoc creator/import/gnu/arm/5.4.1/bin/../lib/gcc/arm-none-eabi/5.4.1/../../../../arm-none-eabi/lib/armv7-m\libg_nano.a(lib_a-mprec.o)
                0x00001d90                _Balloc
 .text._Bfree   0x00001dfa       0x2e c:/program files (x86)/cypress/psoc creator/4.1/psoc creator/import/gnu/arm/5.4.1/bin/../lib/gcc/arm-none-eabi/5.4.1/../../../../arm-none-eabi/lib/armv7-m\libg_nano.a(lib_a-mprec.o)
                0x00001dfa                _Bfree
 .text.__multadd
                0x00001e28       0x76 c:/program files (x86)/cypress/psoc creator/4.1/psoc creator/import/gnu/arm/5.4.1/bin/../lib/gcc/arm-none-eabi/5.4.1/../../../../arm-none-eabi/lib/armv7-m\libg_nano.a(lib_a-mprec.o)
                0x00001e28                __multadd
 .text.__hi0bits
                0x00001e9e       0x40 c:/program files (x86)/cypress/psoc creator/4.1/psoc creator/import/gnu/arm/5.4.1/bin/../lib/gcc/arm-none-eabi/5.4.1/../../../../arm-none-eabi/lib/armv7-m\libg_nano.a(lib_a-mprec.o)
                0x00001e9e                __hi0bits
 .text.__lo0bits
                0x00001ede       0x5a c:/program files (x86)/cypress/psoc creator/4.1/psoc creator/import/gnu/arm/5.4.1/bin/../lib/gcc/arm-none-eabi/5.4.1/../../../../arm-none-eabi/lib/armv7-m\libg_nano.a(lib_a-mprec.o)
                0x00001ede                __lo0bits
 .text.__i2b    0x00001f38       0x12 c:/program files (x86)/cypress/psoc creator/4.1/psoc creator/import/gnu/arm/5.4.1/bin/../lib/gcc/arm-none-eabi/5.4.1/../../../../arm-none-eabi/lib/armv7-m\libg_nano.a(lib_a-mprec.o)
                0x00001f38                __i2b
 .text.__multiply
                0x00001f4a      0x120 c:/program files (x86)/cypress/psoc creator/4.1/psoc creator/import/gnu/arm/5.4.1/bin/../lib/gcc/arm-none-eabi/5.4.1/../../../../arm-none-eabi/lib/armv7-m\libg_nano.a(lib_a-mprec.o)
                0x00001f4a                __multiply
 *fill*         0x0000206a        0x2 
 .text.__pow5mult
                0x0000206c       0x9c c:/program files (x86)/cypress/psoc creator/4.1/psoc creator/import/gnu/arm/5.4.1/bin/../lib/gcc/arm-none-eabi/5.4.1/../../../../arm-none-eabi/lib/armv7-m\libg_nano.a(lib_a-mprec.o)
                0x0000206c                __pow5mult
 .text.__lshift
                0x00002108       0xa2 c:/program files (x86)/cypress/psoc creator/4.1/psoc creator/import/gnu/arm/5.4.1/bin/../lib/gcc/arm-none-eabi/5.4.1/../../../../arm-none-eabi/lib/armv7-m\libg_nano.a(lib_a-mprec.o)
                0x00002108                __lshift
 .text.__mcmp   0x000021aa       0x38 c:/program files (x86)/cypress/psoc creator/4.1/psoc creator/import/gnu/arm/5.4.1/bin/../lib/gcc/arm-none-eabi/5.4.1/../../../../arm-none-eabi/lib/armv7-m\libg_nano.a(lib_a-mprec.o)
                0x000021aa                __mcmp
 .text.__mdiff  0x000021e2       0xbe c:/program files (x86)/cypress/psoc creator/4.1/psoc creator/import/gnu/arm/5.4.1/bin/../lib/gcc/arm-none-eabi/5.4.1/../../../../arm-none-eabi/lib/armv7-m\libg_nano.a(lib_a-mprec.o)
                0x000021e2                __mdiff
 .text.__d2b    0x000022a0       0x9c c:/program files (x86)/cypress/psoc creator/4.1/psoc creator/import/gnu/arm/5.4.1/bin/../lib/gcc/arm-none-eabi/5.4.1/../../../../arm-none-eabi/lib/armv7-m\libg_nano.a(lib_a-mprec.o)
                0x000022a0                __d2b
 .text._calloc_r
                0x0000233c       0x1c c:/program files (x86)/cypress/psoc creator/4.1/psoc creator/import/gnu/arm/5.4.1/bin/../lib/gcc/arm-none-eabi/5.4.1/../../../../arm-none-eabi/lib/armv7-m\libg_nano.a(lib_a-nano-callocr.o)
                0x0000233c                _calloc_r
 .text._malloc_r
                0x00002358       0xbc c:/program files (x86)/cypress/psoc creator/4.1/psoc creator/import/gnu/arm/5.4.1/bin/../lib/gcc/arm-none-eabi/5.4.1/../../../../arm-none-eabi/lib/armv7-m\libg_nano.a(lib_a-nano-mallocr.o)
                0x00002358                _malloc_r
 .text._sbrk_r  0x00002414       0x20 c:/program files (x86)/cypress/psoc creator/4.1/psoc creator/import/gnu/arm/5.4.1/bin/../lib/gcc/arm-none-eabi/5.4.1/../../../../arm-none-eabi/lib/armv7-m\libg_nano.a(lib_a-sbrkr.o)
                0x00002414                _sbrk_r
 .text.__malloc_lock
                0x00002434        0x2 c:/program files (x86)/cypress/psoc creator/4.1/psoc creator/import/gnu/arm/5.4.1/bin/../lib/gcc/arm-none-eabi/5.4.1/../../../../arm-none-eabi/lib/armv7-m\libg_nano.a(lib_a-mlock.o)
                0x00002434                __malloc_lock
 .text.__malloc_unlock
                0x00002436        0x2 c:/program files (x86)/cypress/psoc creator/4.1/psoc creator/import/gnu/arm/5.4.1/bin/../lib/gcc/arm-none-eabi/5.4.1/../../../../arm-none-eabi/lib/armv7-m\libg_nano.a(lib_a-mlock.o)
                0x00002436                __malloc_unlock
 .text          0x00002438      0x370 c:/program files (x86)/cypress/psoc creator/4.1/psoc creator/import/gnu/arm/5.4.1/bin/../lib/gcc/arm-none-eabi/5.4.1/armv7-m\libgcc.a(_arm_addsubdf3.o)
                0x00002438                __aeabi_drsub
                0x00002440                __aeabi_dsub
                0x00002440                __subdf3
                0x00002444                __aeabi_dadd
                0x00002444                __adddf3
                0x000026bc                __floatunsidf
                0x000026bc                __aeabi_ui2d
                0x000026dc                __floatsidf
                0x000026dc                __aeabi_i2d
                0x00002700                __aeabi_f2d
                0x00002700                __extendsfdf2
                0x0000273c                __floatundidf
                0x0000273c                __aeabi_ul2d
                0x0000274c                __floatdidf
                0x0000274c                __aeabi_l2d
 .text          0x000027a8      0x424 c:/program files (x86)/cypress/psoc creator/4.1/psoc creator/import/gnu/arm/5.4.1/bin/../lib/gcc/arm-none-eabi/5.4.1/armv7-m\libgcc.a(_arm_muldivdf3.o)
                0x000027a8                __aeabi_dmul
                0x000027a8                __muldf3
                0x000029fc                __divdf3
                0x000029fc                __aeabi_ddiv
 .text          0x00002bcc      0x110 c:/program files (x86)/cypress/psoc creator/4.1/psoc creator/import/gnu/arm/5.4.1/bin/../lib/gcc/arm-none-eabi/5.4.1/armv7-m\libgcc.a(_arm_cmpdf2.o)
                0x00002bcc                __gtdf2
                0x00002bcc                __gedf2
                0x00002bd4                __ltdf2
                0x00002bd4                __ledf2
                0x00002bdc                __nedf2
                0x00002bdc                __eqdf2
                0x00002bdc                __cmpdf2
                0x00002c58                __aeabi_cdrcmple
                0x00002c68                __aeabi_cdcmpeq
                0x00002c68                __aeabi_cdcmple
                0x00002c78                __aeabi_dcmpeq
                0x00002c8c                __aeabi_dcmplt
                0x00002ca0                __aeabi_dcmple
                0x00002cb4                __aeabi_dcmpge
                0x00002cc8                __aeabi_dcmpgt
 .text          0x00002cdc       0x2c c:/program files (x86)/cypress/psoc creator/4.1/psoc creator/import/gnu/arm/5.4.1/bin/../lib/gcc/arm-none-eabi/5.4.1/armv7-m\libgcc.a(_arm_unorddf2.o)
                0x00002cdc                __unorddf2
                0x00002cdc                __aeabi_dcmpun
 .text          0x00002d08       0x50 c:/program files (x86)/cypress/psoc creator/4.1/psoc creator/import/gnu/arm/5.4.1/bin/../lib/gcc/arm-none-eabi/5.4.1/armv7-m\libgcc.a(_arm_fixdfsi.o)
                0x00002d08                __aeabi_d2iz
                0x00002d08                __fixdfsi
 *(.plt)
 *(.gnu.warning)
 *(.glue_7t)
 .glue_7t       0x00002d58        0x0 linker stubs
 *(.glue_7)
 .glue_7        0x00002d58        0x0 linker stubs
 *(.vfp11_veneer)
 .vfp11_veneer  0x00002d58        0x0 linker stubs
 *(.bootloader)
 *(.ARM.extab* .gnu.linkonce.armextab.*)
 *(.gcc_except_table)

.v4_bx          0x00002d58        0x0
 .v4_bx         0x00002d58        0x0 linker stubs

.iplt           0x00002d58        0x0
 .iplt          0x00002d58        0x0 c:/program files (x86)/cypress/psoc creator/4.1/psoc creator/import/gnu/arm/5.4.1/bin/../lib/gcc/arm-none-eabi/5.4.1/armv7-m/crtbegin.o

.eh_frame_hdr
 *(.eh_frame_hdr)

.eh_frame       0x00002d58        0x4
 *(.eh_frame)
 .eh_frame      0x00002d58        0x0 c:/program files (x86)/cypress/psoc creator/4.1/psoc creator/import/gnu/arm/5.4.1/bin/../lib/gcc/arm-none-eabi/5.4.1/armv7-m/crtbegin.o
 .eh_frame      0x00002d58        0x4 c:/program files (x86)/cypress/psoc creator/4.1/psoc creator/import/gnu/arm/5.4.1/bin/../lib/gcc/arm-none-eabi/5.4.1/armv7-m/crtend.o
                [!provide]                PROVIDE (__exidx_start, .)

.ARM.exidx
 *(.ARM.exidx* .gnu.linkonce.armexidx.*)
                0x00002d5c                __exidx_end = .

.rodata         0x00002d60      0x2e0
 *(.rodata .rodata.* .gnu.linkonce.r.*)
 .rodata.str1.4
                0x00002d60      0x158 .\CortexM3\ARM_GCC_541\Debug\main.o
                                0x15b (size before relaxing)
 .rodata        0x00002eb8       0x24 .\CortexM3\ARM_GCC_541\Debug\cyfitter_cfg.o
 .rodata.str1.1
                0x00002edc        0x2 c:/program files (x86)/cypress/psoc creator/4.1/psoc creator/import/gnu/arm/5.4.1/bin/../lib/gcc/arm-none-eabi/5.4.1/../../../../arm-none-eabi/lib/armv7-m\libg_nano.a(lib_a-impure.o)
 .rodata.str1.1
                0x00002ede       0x12 c:/program files (x86)/cypress/psoc creator/4.1/psoc creator/import/gnu/arm/5.4.1/bin/../lib/gcc/arm-none-eabi/5.4.1/../../../../arm-none-eabi/lib/armv7-m\libg_nano.a(lib_a-nano-vfprintf_float.o)
 .rodata.str1.1
                0x00002ef0        0xd c:/program files (x86)/cypress/psoc creator/4.1/psoc creator/import/gnu/arm/5.4.1/bin/../lib/gcc/arm-none-eabi/5.4.1/../../../../arm-none-eabi/lib/armv7-m\libg_nano.a(lib_a-dtoa.o)
                                  0xf (size before relaxing)
 .rodata.str1.1
                0x00002efd        0x8 c:/program files (x86)/cypress/psoc creator/4.1/psoc creator/import/gnu/arm/5.4.1/bin/../lib/gcc/arm-none-eabi/5.4.1/../../../../arm-none-eabi/lib/armv7-m\libg_nano.a(lib_a-locale.o)
                                  0xb (size before relaxing)
 *fill*         0x00002f05        0x3 
 .rodata.__mprec_tens
                0x00002f08       0xc8 c:/program files (x86)/cypress/psoc creator/4.1/psoc creator/import/gnu/arm/5.4.1/bin/../lib/gcc/arm-none-eabi/5.4.1/../../../../arm-none-eabi/lib/armv7-m\libg_nano.a(lib_a-mprec.o)
                0x00002f08                __mprec_tens
 .rodata.p05.5408
                0x00002fd0        0xc c:/program files (x86)/cypress/psoc creator/4.1/psoc creator/import/gnu/arm/5.4.1/bin/../lib/gcc/arm-none-eabi/5.4.1/../../../../arm-none-eabi/lib/armv7-m\libg_nano.a(lib_a-mprec.o)
 *fill*         0x00002fdc        0x4 
 .rodata.__mprec_bigtens
                0x00002fe0       0x28 c:/program files (x86)/cypress/psoc creator/4.1/psoc creator/import/gnu/arm/5.4.1/bin/../lib/gcc/arm-none-eabi/5.4.1/../../../../arm-none-eabi/lib/armv7-m\libg_nano.a(lib_a-mprec.o)
                0x00002fe0                __mprec_bigtens
                0x00003008                . = ALIGN (0x4)
 *(.init)
 .init          0x00003008        0x4 c:/program files (x86)/cypress/psoc creator/4.1/psoc creator/import/gnu/arm/5.4.1/bin/../lib/gcc/arm-none-eabi/5.4.1/armv7-m/crti.o
                0x00003008                _init
 .init          0x0000300c        0x8 c:/program files (x86)/cypress/psoc creator/4.1/psoc creator/import/gnu/arm/5.4.1/bin/../lib/gcc/arm-none-eabi/5.4.1/armv7-m/crtn.o
                0x00003014                . = ALIGN (0x4)
                0x00003014                __preinit_array_start = .
 *(.preinit_array)
                0x00003014                __preinit_array_end = .
                0x00003014                . = ALIGN (0x4)
                0x00003014                __init_array_start = .
 *(SORT(.init_array.*))
 *(.init_array)
 .init_array    0x00003014        0x4 c:/program files (x86)/cypress/psoc creator/4.1/psoc creator/import/gnu/arm/5.4.1/bin/../lib/gcc/arm-none-eabi/5.4.1/armv7-m/crtbegin.o
 .init_array    0x00003018        0x4 .\CortexM3\ARM_GCC_541\Debug\Cm3Start.o
                0x0000301c                __init_array_end = .
                0x0000301c                . = ALIGN (0x4)
 *(.fini)
 .fini          0x0000301c        0x4 c:/program files (x86)/cypress/psoc creator/4.1/psoc creator/import/gnu/arm/5.4.1/bin/../lib/gcc/arm-none-eabi/5.4.1/armv7-m/crti.o
                0x0000301c                _fini
 .fini          0x00003020        0x8 c:/program files (x86)/cypress/psoc creator/4.1/psoc creator/import/gnu/arm/5.4.1/bin/../lib/gcc/arm-none-eabi/5.4.1/armv7-m/crtn.o
                0x00003028                . = ALIGN (0x4)
                0x00003028                __fini_array_start = .
 *(.fini_array)
 .fini_array    0x00003028        0x4 c:/program files (x86)/cypress/psoc creator/4.1/psoc creator/import/gnu/arm/5.4.1/bin/../lib/gcc/arm-none-eabi/5.4.1/armv7-m/crtbegin.o
 *(SORT(.fini_array.*))
                0x0000302c                __fini_array_end = .
                0x0000302c                . = ALIGN (0x4)
 *crtbegin.o(.ctors)
 *(EXCLUDE_FILE(*crtend.o) .ctors)
 *(SORT(.ctors.*))
 *crtend.o(.ctors)
                0x0000302c                . = ALIGN (0x4)
 *crtbegin.o(.dtors)
 *(EXCLUDE_FILE(*crtend.o) .dtors)
 *(SORT(.dtors.*))
 *crtend.o(.dtors)
                0x0000302c                . = ALIGN (0x4)
                0x0000302c                __cy_regions = .
                0x0000302c        0x4 LONG 0x3040 __cy_region_init_ram
                0x00003030        0x4 LONG 0x1fff80c8 __cy_region_start_data
                0x00003034        0x4 LONG 0xa8 __cy_region_init_size_ram
                0x00003038        0x4 LONG 0x30 __cy_region_zero_size_ram
                0x0000303c                __cy_regions_end = .
                0x00003040                . = ALIGN (0x8)
 *fill*         0x0000303c        0x4 
                0x00003040                _etext = .

.cy_checksum_exclude
                0x00003040        0x0
 *(.cy_checksum_exclude)

.ramvectors     0x1fff8000       0xc0
                0x1fff8000                __cy_region_start_ram = .
 *(.ramvectors)
 .ramvectors    0x1fff8000       0xc0 .\CortexM3\ARM_GCC_541\Debug\Cm3Start.o
                0x1fff8000                CyRamVectors

.noinit         0x1fff80c0        0x1
 *(.noinit)
 .noinit        0x1fff80c0        0x1 .\CortexM3\ARM_GCC_541\Debug\DC-Motor-PWM.a(CyLib.o)
                0x1fff80c0                CyResetStatus

.data           0x1fff80c8       0xa8 load address 0x00003040
                0x1fff80c8                __cy_region_start_data = .
 *(.jcr)
 .jcr           0x1fff80c8        0x0 c:/program files (x86)/cypress/psoc creator/4.1/psoc creator/import/gnu/arm/5.4.1/bin/../lib/gcc/arm-none-eabi/5.4.1/armv7-m/crtbegin.o
 .jcr           0x1fff80c8        0x4 c:/program files (x86)/cypress/psoc creator/4.1/psoc creator/import/gnu/arm/5.4.1/bin/../lib/gcc/arm-none-eabi/5.4.1/armv7-m/crtend.o
 *(.got.plt)
 *(.got)
 *(.shdata)
 *(.data .data.* .gnu.linkonce.d.*)
 .data          0x1fff80cc        0x2 .\CortexM3\ARM_GCC_541\Debug\main.o
                0x1fff80cc                speed
                0x1fff80cd                turnspeed
 *fill*         0x1fff80ce        0x2 
 .data          0x1fff80d0        0x4 .\CortexM3\ARM_GCC_541\Debug\Cm3Start.o
 .data.impure_data
                0x1fff80d4       0x60 c:/program files (x86)/cypress/psoc creator/4.1/psoc creator/import/gnu/arm/5.4.1/bin/../lib/gcc/arm-none-eabi/5.4.1/../../../../arm-none-eabi/lib/armv7-m\libg_nano.a(lib_a-impure.o)
 .data._impure_ptr
                0x1fff8134        0x4 c:/program files (x86)/cypress/psoc creator/4.1/psoc creator/import/gnu/arm/5.4.1/bin/../lib/gcc/arm-none-eabi/5.4.1/../../../../arm-none-eabi/lib/armv7-m\libg_nano.a(lib_a-impure.o)
                0x1fff8134                _impure_ptr
 .data.lconv    0x1fff8138       0x38 c:/program files (x86)/cypress/psoc creator/4.1/psoc creator/import/gnu/arm/5.4.1/bin/../lib/gcc/arm-none-eabi/5.4.1/../../../../arm-none-eabi/lib/armv7-m\libg_nano.a(lib_a-locale.o)
                0x1fff8170                . = ALIGN (0x8)
 *(.ram)
                0x1fff8170                _edata = .

.igot.plt       0x1fff8170        0x0 load address 0x000030e8
 .igot.plt      0x1fff8170        0x0 c:/program files (x86)/cypress/psoc creator/4.1/psoc creator/import/gnu/arm/5.4.1/bin/../lib/gcc/arm-none-eabi/5.4.1/armv7-m/crtbegin.o

.bss            0x1fff8170       0x30 load address 0x000030e8
                0x1fff8170                PROVIDE (__bss_start__, .)
 *(.shbss)
 *(.bss .bss.* .gnu.linkonce.b.*)
 .bss           0x1fff8170       0x1c c:/program files (x86)/cypress/psoc creator/4.1/psoc creator/import/gnu/arm/5.4.1/bin/../lib/gcc/arm-none-eabi/5.4.1/armv7-m/crtbegin.o
 .bss           0x1fff818c        0x2 .\CortexM3\ARM_GCC_541\Debug\main.o
                0x1fff818c                received
                0x1fff818d                intFlag
 .bss           0x1fff818e        0x2 .\CortexM3\ARM_GCC_541\Debug\DC-Motor-PWM.a(UART_1.o)
                0x1fff818e                UART_1_initVar
 .bss           0x1fff8190        0x1 .\CortexM3\ARM_GCC_541\Debug\DC-Motor-PWM.a(PWM_M1.o)
                0x1fff8190                PWM_M1_initVar
 .bss           0x1fff8191        0x1 .\CortexM3\ARM_GCC_541\Debug\DC-Motor-PWM.a(PWM_M2.o)
                0x1fff8191                PWM_M2_initVar
 *fill*         0x1fff8192        0x2 
 .bss.__malloc_sbrk_start
                0x1fff8194        0x4 c:/program files (x86)/cypress/psoc creator/4.1/psoc creator/import/gnu/arm/5.4.1/bin/../lib/gcc/arm-none-eabi/5.4.1/../../../../arm-none-eabi/lib/armv7-m\libg_nano.a(lib_a-nano-mallocr.o)
                0x1fff8194                __malloc_sbrk_start
 .bss.__malloc_free_list
                0x1fff8198        0x4 c:/program files (x86)/cypress/psoc creator/4.1/psoc creator/import/gnu/arm/5.4.1/bin/../lib/gcc/arm-none-eabi/5.4.1/../../../../arm-none-eabi/lib/armv7-m\libg_nano.a(lib_a-nano-mallocr.o)
                0x1fff8198                __malloc_free_list
 *(COMMON)
 COMMON         0x1fff819c        0x4 c:/program files (x86)/cypress/psoc creator/4.1/psoc creator/import/gnu/arm/5.4.1/bin/../lib/gcc/arm-none-eabi/5.4.1/../../../../arm-none-eabi/lib/armv7-m\libg_nano.a(lib_a-reent.o)
                0x1fff819c                errno
                0x1fff81a0                . = ALIGN (0x8)
 *(.ram.b)
                0x1fff81a0                _end = .
                0x1fff81a0                __end = .
                0x1fff81a0                PROVIDE (end, .)
                0x1fff81a0                PROVIDE (__bss_end__, .)
                0x00003040                __cy_region_init_ram = LOADADDR (.data)
                0x000000a8                __cy_region_init_size_ram = (_edata - ADDR (.data))
                0x00000030                __cy_region_zero_size_ram = (_end - _edata)

.heap           0x1fff81a0      0x200 load address 0x000030e8
                0x1fff81a0                . = _end
                0x1fff83a0                . = (. + 0x200)
 *fill*         0x1fff81a0      0x200 
                0x1fff83a0                __cy_heap_limit = .

.stack          0x20007800      0x800
                0x20007800                __cy_stack_limit = .
                0x20008000                . = (. + 0x800)
 *fill*         0x20007800      0x800 
                0x00000001                ASSERT ((__cy_stack_limit >= __cy_heap_limit), region RAM overflowed with stack)
                0x00000000                cy_checksum_exclude_size = (CY_APPL_LOADABLE == 0x1)?SIZEOF (.cy_checksum_exclude):0x0
                0x00000001                ASSERT ((cy_checksum_exclude_size <= CY_CHECKSUM_EXCLUDE_SIZE), CY_BOOT: Section .cy_checksum_exclude size exceedes specified limit.)

.cyloadermeta
 *(.cyloadermeta)

.cyloadablemeta
 *(.cyloadablemeta)

.cyconfigecc    0x80000000      0x7d4
 *(.cyconfigecc)
 .cyconfigecc   0x80000000      0x7d4 .\CortexM3\ARM_GCC_541\Debug\cymetadata.o
                0x80000000                cy_meta_configecc

.cycustnvl      0x90000000        0x4
 *(.cycustnvl)
 .cycustnvl     0x90000000        0x4 .\CortexM3\ARM_GCC_541\Debug\cymetadata.o
                0x90000000                cy_meta_custnvl

.cywolatch      0x90100000        0x4
 *(.cywolatch)
 .cywolatch     0x90100000        0x4 .\CortexM3\ARM_GCC_541\Debug\cymetadata.o
                0x90100000                cy_meta_wonvl

.cyeeprom       0x90200000        0x0
 *(.cyeeprom)
                0x00000001                ASSERT ((. <= ((0x90200000 + ee_offset) + ee_size)), .cyeeprom data will not fit in EEPROM)

.cyflashprotect
                0x90400000      0x100
 *(.cyflashprotect)
 .cyflashprotect
                0x90400000      0x100 .\CortexM3\ARM_GCC_541\Debug\cymetadata.o
                0x90400000                cy_meta_flashprotect

.cymeta         0x90500000        0xc
 *(.cymeta)
 .cymeta        0x90500000        0xc .\CortexM3\ARM_GCC_541\Debug\cymetadata.o
                0x90500000                cy_metadata

.rel.dyn        0x000030e8        0x0 load address 0x9050000c
 .rel.iplt      0x000030e8        0x0 c:/program files (x86)/cypress/psoc creator/4.1/psoc creator/import/gnu/arm/5.4.1/bin/../lib/gcc/arm-none-eabi/5.4.1/armv7-m/crtbegin.o

.stab
 *(.stab)

.stabstr
 *(.stabstr)

.debug
 *(.debug)

.line
 *(.line)

.debug_srcinfo
 *(.debug_srcinfo)

.debug_sfnames
 *(.debug_sfnames)

.debug_aranges  0x00000000      0x9f0
 *(.debug_aranges)
 .debug_aranges
                0x00000000       0x60 .\CortexM3\ARM_GCC_541\Debug\main.o
 .debug_aranges
                0x00000060       0x58 .\CortexM3\ARM_GCC_541\Debug\cyfitter_cfg.o
 .debug_aranges
                0x000000b8       0x18 .\CortexM3\ARM_GCC_541\Debug\cymetadata.o
 .debug_aranges
                0x000000d0       0x48 .\CortexM3\ARM_GCC_541\Debug\Cm3Start.o
 .debug_aranges
                0x00000118       0xf0 .\CortexM3\ARM_GCC_541\Debug\DC-Motor-PWM.a(UART_1.o)
 .debug_aranges
                0x00000208       0x80 .\CortexM3\ARM_GCC_541\Debug\DC-Motor-PWM.a(isr_uart_rx.o)
 .debug_aranges
                0x00000288       0x70 .\CortexM3\ARM_GCC_541\Debug\DC-Motor-PWM.a(UART_1_IntClock.o)
 .debug_aranges
                0x000002f8      0x2a0 .\CortexM3\ARM_GCC_541\Debug\DC-Motor-PWM.a(CyLib.o)
 .debug_aranges
                0x00000598       0x98 .\CortexM3\ARM_GCC_541\Debug\DC-Motor-PWM.a(cyPm.o)
 .debug_aranges
                0x00000630       0x38 .\CortexM3\ARM_GCC_541\Debug\DC-Motor-PWM.a(Pin_1_H.o)
 .debug_aranges
                0x00000668       0x38 .\CortexM3\ARM_GCC_541\Debug\DC-Motor-PWM.a(Pin_2_H.o)
 .debug_aranges
                0x000006a0       0x98 .\CortexM3\ARM_GCC_541\Debug\DC-Motor-PWM.a(PWM_M1.o)
 .debug_aranges
                0x00000738       0x98 .\CortexM3\ARM_GCC_541\Debug\DC-Motor-PWM.a(PWM_M2.o)
 .debug_aranges
                0x000007d0       0xe0 .\CortexM3\ARM_GCC_541\Debug\DC-Motor-PWM.a(SPI_Slave.o)
 .debug_aranges
                0x000008b0       0x28 .\CortexM3\ARM_GCC_541\Debug\DC-Motor-PWM.a(SPI_Slave_INT.o)
 .debug_aranges
                0x000008d8       0x20 .\CortexM3\ARM_GCC_541\Debug\DC-Motor-PWM.a(CyBootAsmGnu.o)
 .debug_aranges
                0x000008f8       0x80 .\CortexM3\ARM_GCC_541\Debug\DC-Motor-PWM.a(CyFlash.o)
 .debug_aranges
                0x00000978       0x78 .\CortexM3\ARM_GCC_541\Debug\DC-Motor-PWM.a(CySpc.o)

.debug_pubnames
 *(.debug_pubnames)

.debug_info     0x00000000     0x52df
 *(.debug_info .gnu.linkonce.wi.*)
 .debug_info    0x00000000      0x61e .\CortexM3\ARM_GCC_541\Debug\main.o
 .debug_info    0x0000061e      0x524 .\CortexM3\ARM_GCC_541\Debug\cyfitter_cfg.o
 .debug_info    0x00000b42      0x139 .\CortexM3\ARM_GCC_541\Debug\cymetadata.o
 .debug_info    0x00000c7b      0x3b5 .\CortexM3\ARM_GCC_541\Debug\Cm3Start.o
 .debug_info    0x00001030      0x60c .\CortexM3\ARM_GCC_541\Debug\DC-Motor-PWM.a(UART_1.o)
 .debug_info    0x0000163c      0x2d2 .\CortexM3\ARM_GCC_541\Debug\DC-Motor-PWM.a(isr_uart_rx.o)
 .debug_info    0x0000190e      0x283 .\CortexM3\ARM_GCC_541\Debug\DC-Motor-PWM.a(UART_1_IntClock.o)
 .debug_info    0x00001b91     0x1374 .\CortexM3\ARM_GCC_541\Debug\DC-Motor-PWM.a(CyLib.o)
 .debug_info    0x00002f05      0xa1d .\CortexM3\ARM_GCC_541\Debug\DC-Motor-PWM.a(cyPm.o)
 .debug_info    0x00003922      0x11f .\CortexM3\ARM_GCC_541\Debug\DC-Motor-PWM.a(Pin_1_H.o)
 .debug_info    0x00003a41      0x11f .\CortexM3\ARM_GCC_541\Debug\DC-Motor-PWM.a(Pin_2_H.o)
 .debug_info    0x00003b60      0x334 .\CortexM3\ARM_GCC_541\Debug\DC-Motor-PWM.a(PWM_M1.o)
 .debug_info    0x00003e94      0x334 .\CortexM3\ARM_GCC_541\Debug\DC-Motor-PWM.a(PWM_M2.o)
 .debug_info    0x000041c8      0x518 .\CortexM3\ARM_GCC_541\Debug\DC-Motor-PWM.a(SPI_Slave.o)
 .debug_info    0x000046e0       0xb1 .\CortexM3\ARM_GCC_541\Debug\DC-Motor-PWM.a(SPI_Slave_INT.o)
 .debug_info    0x00004791       0xad .\CortexM3\ARM_GCC_541\Debug\DC-Motor-PWM.a(CyBootAsmGnu.o)
 .debug_info    0x0000483e      0x5b8 .\CortexM3\ARM_GCC_541\Debug\DC-Motor-PWM.a(CyFlash.o)
 .debug_info    0x00004df6      0x4e9 .\CortexM3\ARM_GCC_541\Debug\DC-Motor-PWM.a(CySpc.o)

.debug_abbrev   0x00000000     0x1612
 *(.debug_abbrev)
 .debug_abbrev  0x00000000      0x12e .\CortexM3\ARM_GCC_541\Debug\main.o
 .debug_abbrev  0x0000012e      0x1fe .\CortexM3\ARM_GCC_541\Debug\cyfitter_cfg.o
 .debug_abbrev  0x0000032c       0x77 .\CortexM3\ARM_GCC_541\Debug\cymetadata.o
 .debug_abbrev  0x000003a3      0x1e8 .\CortexM3\ARM_GCC_541\Debug\Cm3Start.o
 .debug_abbrev  0x0000058b      0x175 .\CortexM3\ARM_GCC_541\Debug\DC-Motor-PWM.a(UART_1.o)
 .debug_abbrev  0x00000700      0x173 .\CortexM3\ARM_GCC_541\Debug\DC-Motor-PWM.a(isr_uart_rx.o)
 .debug_abbrev  0x00000873      0x139 .\CortexM3\ARM_GCC_541\Debug\DC-Motor-PWM.a(UART_1_IntClock.o)
 .debug_abbrev  0x000009ac      0x254 .\CortexM3\ARM_GCC_541\Debug\DC-Motor-PWM.a(CyLib.o)
 .debug_abbrev  0x00000c00      0x1ab .\CortexM3\ARM_GCC_541\Debug\DC-Motor-PWM.a(cyPm.o)
 .debug_abbrev  0x00000dab       0x90 .\CortexM3\ARM_GCC_541\Debug\DC-Motor-PWM.a(Pin_1_H.o)
 .debug_abbrev  0x00000e3b       0x90 .\CortexM3\ARM_GCC_541\Debug\DC-Motor-PWM.a(Pin_2_H.o)
 .debug_abbrev  0x00000ecb      0x133 .\CortexM3\ARM_GCC_541\Debug\DC-Motor-PWM.a(PWM_M1.o)
 .debug_abbrev  0x00000ffe      0x133 .\CortexM3\ARM_GCC_541\Debug\DC-Motor-PWM.a(PWM_M2.o)
 .debug_abbrev  0x00001131      0x15f .\CortexM3\ARM_GCC_541\Debug\DC-Motor-PWM.a(SPI_Slave.o)
 .debug_abbrev  0x00001290       0x42 .\CortexM3\ARM_GCC_541\Debug\DC-Motor-PWM.a(SPI_Slave_INT.o)
 .debug_abbrev  0x000012d2       0x14 .\CortexM3\ARM_GCC_541\Debug\DC-Motor-PWM.a(CyBootAsmGnu.o)
 .debug_abbrev  0x000012e6      0x198 .\CortexM3\ARM_GCC_541\Debug\DC-Motor-PWM.a(CyFlash.o)
 .debug_abbrev  0x0000147e      0x194 .\CortexM3\ARM_GCC_541\Debug\DC-Motor-PWM.a(CySpc.o)

.debug_line     0x00000000     0x2455
 *(.debug_line)
 .debug_line    0x00000000      0x296 .\CortexM3\ARM_GCC_541\Debug\main.o
 .debug_line    0x00000296      0x1e4 .\CortexM3\ARM_GCC_541\Debug\cyfitter_cfg.o
 .debug_line    0x0000047a      0x141 .\CortexM3\ARM_GCC_541\Debug\cymetadata.o
 .debug_line    0x000005bb      0x234 .\CortexM3\ARM_GCC_541\Debug\Cm3Start.o
 .debug_line    0x000007ef      0x2c0 .\CortexM3\ARM_GCC_541\Debug\DC-Motor-PWM.a(UART_1.o)
 .debug_line    0x00000aaf      0x138 .\CortexM3\ARM_GCC_541\Debug\DC-Motor-PWM.a(isr_uart_rx.o)
 .debug_line    0x00000be7      0x17e .\CortexM3\ARM_GCC_541\Debug\DC-Motor-PWM.a(UART_1_IntClock.o)
 .debug_line    0x00000d65      0x816 .\CortexM3\ARM_GCC_541\Debug\DC-Motor-PWM.a(CyLib.o)
 .debug_line    0x0000157b      0x364 .\CortexM3\ARM_GCC_541\Debug\DC-Motor-PWM.a(cyPm.o)
 .debug_line    0x000018df       0x94 .\CortexM3\ARM_GCC_541\Debug\DC-Motor-PWM.a(Pin_1_H.o)
 .debug_line    0x00001973       0x94 .\CortexM3\ARM_GCC_541\Debug\DC-Motor-PWM.a(Pin_2_H.o)
 .debug_line    0x00001a07      0x186 .\CortexM3\ARM_GCC_541\Debug\DC-Motor-PWM.a(PWM_M1.o)
 .debug_line    0x00001b8d      0x186 .\CortexM3\ARM_GCC_541\Debug\DC-Motor-PWM.a(PWM_M2.o)
 .debug_line    0x00001d13      0x251 .\CortexM3\ARM_GCC_541\Debug\DC-Motor-PWM.a(SPI_Slave.o)
 .debug_line    0x00001f64       0x66 .\CortexM3\ARM_GCC_541\Debug\DC-Motor-PWM.a(SPI_Slave_INT.o)
 .debug_line    0x00001fca       0x66 .\CortexM3\ARM_GCC_541\Debug\DC-Motor-PWM.a(CyBootAsmGnu.o)
 .debug_line    0x00002030      0x1e9 .\CortexM3\ARM_GCC_541\Debug\DC-Motor-PWM.a(CyFlash.o)
 .debug_line    0x00002219      0x23c .\CortexM3\ARM_GCC_541\Debug\DC-Motor-PWM.a(CySpc.o)

.debug_frame    0x00000000     0x1eb4
 *(.debug_frame)
 .debug_frame   0x00000000      0x110 .\CortexM3\ARM_GCC_541\Debug\main.o
 .debug_frame   0x00000110       0xe4 .\CortexM3\ARM_GCC_541\Debug\cyfitter_cfg.o
 .debug_frame   0x000001f4       0xb8 .\CortexM3\ARM_GCC_541\Debug\Cm3Start.o
 .debug_frame   0x000002ac      0x250 .\CortexM3\ARM_GCC_541\Debug\DC-Motor-PWM.a(UART_1.o)
 .debug_frame   0x000004fc      0x104 .\CortexM3\ARM_GCC_541\Debug\DC-Motor-PWM.a(isr_uart_rx.o)
 .debug_frame   0x00000600       0xe0 .\CortexM3\ARM_GCC_541\Debug\DC-Motor-PWM.a(UART_1_IntClock.o)
 .debug_frame   0x000006e0      0x738 .\CortexM3\ARM_GCC_541\Debug\DC-Motor-PWM.a(CyLib.o)
 .debug_frame   0x00000e18      0x1f8 .\CortexM3\ARM_GCC_541\Debug\DC-Motor-PWM.a(cyPm.o)
 .debug_frame   0x00001010       0x50 .\CortexM3\ARM_GCC_541\Debug\DC-Motor-PWM.a(Pin_1_H.o)
 .debug_frame   0x00001060       0x50 .\CortexM3\ARM_GCC_541\Debug\DC-Motor-PWM.a(Pin_2_H.o)
 .debug_frame   0x000010b0      0x134 .\CortexM3\ARM_GCC_541\Debug\DC-Motor-PWM.a(PWM_M1.o)
 .debug_frame   0x000011e4      0x134 .\CortexM3\ARM_GCC_541\Debug\DC-Motor-PWM.a(PWM_M2.o)
 .debug_frame   0x00001318      0x1f8 .\CortexM3\ARM_GCC_541\Debug\DC-Motor-PWM.a(SPI_Slave.o)
 .debug_frame   0x00001510       0x30 .\CortexM3\ARM_GCC_541\Debug\DC-Motor-PWM.a(SPI_Slave_INT.o)
 .debug_frame   0x00001540      0x174 .\CortexM3\ARM_GCC_541\Debug\DC-Motor-PWM.a(CyFlash.o)
 .debug_frame   0x000016b4      0x160 .\CortexM3\ARM_GCC_541\Debug\DC-Motor-PWM.a(CySpc.o)
 .debug_frame   0x00001814       0x20 c:/program files (x86)/cypress/psoc creator/4.1/psoc creator/import/gnu/arm/5.4.1/bin/../lib/gcc/arm-none-eabi/5.4.1/../../../../arm-none-eabi/lib/armv7-m\libg_nano.a(lib_a-errno.o)
 .debug_frame   0x00001834       0x28 c:/program files (x86)/cypress/psoc creator/4.1/psoc creator/import/gnu/arm/5.4.1/bin/../lib/gcc/arm-none-eabi/5.4.1/../../../../arm-none-eabi/lib/armv7-m\libg_nano.a(lib_a-exit.o)
 .debug_frame   0x0000185c       0x2c c:/program files (x86)/cypress/psoc creator/4.1/psoc creator/import/gnu/arm/5.4.1/bin/../lib/gcc/arm-none-eabi/5.4.1/../../../../arm-none-eabi/lib/armv7-m\libg_nano.a(lib_a-init.o)
 .debug_frame   0x00001888       0x28 c:/program files (x86)/cypress/psoc creator/4.1/psoc creator/import/gnu/arm/5.4.1/bin/../lib/gcc/arm-none-eabi/5.4.1/../../../../arm-none-eabi/lib/armv7-m\libg_nano.a(lib_a-memcpy-stub.o)
 .debug_frame   0x000018b0       0x20 c:/program files (x86)/cypress/psoc creator/4.1/psoc creator/import/gnu/arm/5.4.1/bin/../lib/gcc/arm-none-eabi/5.4.1/../../../../arm-none-eabi/lib/armv7-m\libg_nano.a(lib_a-memset.o)
 .debug_frame   0x000018d0       0x8c c:/program files (x86)/cypress/psoc creator/4.1/psoc creator/import/gnu/arm/5.4.1/bin/../lib/gcc/arm-none-eabi/5.4.1/../../../../arm-none-eabi/lib/armv7-m\libg_nano.a(lib_a-nano-vfprintf_float.o)
 .debug_frame   0x0000195c       0x60 c:/program files (x86)/cypress/psoc creator/4.1/psoc creator/import/gnu/arm/5.4.1/bin/../lib/gcc/arm-none-eabi/5.4.1/../../../../arm-none-eabi/lib/armv7-m\libg_nano.a(lib_a-nano-vfprintf_i.o)
 .debug_frame   0x000019bc       0x6c c:/program files (x86)/cypress/psoc creator/4.1/psoc creator/import/gnu/arm/5.4.1/bin/../lib/gcc/arm-none-eabi/5.4.1/../../../../arm-none-eabi/lib/armv7-m\libg_nano.a(lib_a-dtoa.o)
 .debug_frame   0x00001a28       0x98 c:/program files (x86)/cypress/psoc creator/4.1/psoc creator/import/gnu/arm/5.4.1/bin/../lib/gcc/arm-none-eabi/5.4.1/../../../../arm-none-eabi/lib/armv7-m\libg_nano.a(lib_a-locale.o)
 .debug_frame   0x00001ac0       0x30 c:/program files (x86)/cypress/psoc creator/4.1/psoc creator/import/gnu/arm/5.4.1/bin/../lib/gcc/arm-none-eabi/5.4.1/../../../../arm-none-eabi/lib/armv7-m\libg_nano.a(lib_a-malloc.o)
 .debug_frame   0x00001af0       0x28 c:/program files (x86)/cypress/psoc creator/4.1/psoc creator/import/gnu/arm/5.4.1/bin/../lib/gcc/arm-none-eabi/5.4.1/../../../../arm-none-eabi/lib/armv7-m\libg_nano.a(lib_a-memchr-stub.o)
 .debug_frame   0x00001b18      0x234 c:/program files (x86)/cypress/psoc creator/4.1/psoc creator/import/gnu/arm/5.4.1/bin/../lib/gcc/arm-none-eabi/5.4.1/../../../../arm-none-eabi/lib/armv7-m\libg_nano.a(lib_a-mprec.o)
 .debug_frame   0x00001d4c       0x2c c:/program files (x86)/cypress/psoc creator/4.1/psoc creator/import/gnu/arm/5.4.1/bin/../lib/gcc/arm-none-eabi/5.4.1/../../../../arm-none-eabi/lib/armv7-m\libg_nano.a(lib_a-nano-callocr.o)
 .debug_frame   0x00001d78       0x38 c:/program files (x86)/cypress/psoc creator/4.1/psoc creator/import/gnu/arm/5.4.1/bin/../lib/gcc/arm-none-eabi/5.4.1/../../../../arm-none-eabi/lib/armv7-m\libg_nano.a(lib_a-nano-freer.o)
 .debug_frame   0x00001db0       0x2c c:/program files (x86)/cypress/psoc creator/4.1/psoc creator/import/gnu/arm/5.4.1/bin/../lib/gcc/arm-none-eabi/5.4.1/../../../../arm-none-eabi/lib/armv7-m\libg_nano.a(lib_a-nano-mallocr.o)
 .debug_frame   0x00001ddc       0x2c c:/program files (x86)/cypress/psoc creator/4.1/psoc creator/import/gnu/arm/5.4.1/bin/../lib/gcc/arm-none-eabi/5.4.1/../../../../arm-none-eabi/lib/armv7-m\libg_nano.a(lib_a-sbrkr.o)
 .debug_frame   0x00001e08       0x20 c:/program files (x86)/cypress/psoc creator/4.1/psoc creator/import/gnu/arm/5.4.1/bin/../lib/gcc/arm-none-eabi/5.4.1/../../../../arm-none-eabi/lib/armv7-m\libg_nano.a(lib_a-strcmp.o)
 .debug_frame   0x00001e28       0x30 c:/program files (x86)/cypress/psoc creator/4.1/psoc creator/import/gnu/arm/5.4.1/bin/../lib/gcc/arm-none-eabi/5.4.1/../../../../arm-none-eabi/lib/armv7-m\libg_nano.a(lib_a-mlock.o)
 .debug_frame   0x00001e58       0x5c c:/program files (x86)/cypress/psoc creator/4.1/psoc creator/import/gnu/arm/5.4.1/bin/../lib/gcc/arm-none-eabi/5.4.1/../../../../arm-none-eabi/lib/armv7-m\libg_nano.a(lib_a-reent.o)

.debug_str      0x00000000     0x1fd1
 *(.debug_str)
 .debug_str     0x00000000      0x376 .\CortexM3\ARM_GCC_541\Debug\main.o
                                0x3cc (size before relaxing)
 .debug_str     0x00000376      0x187 .\CortexM3\ARM_GCC_541\Debug\cyfitter_cfg.o
                                0x332 (size before relaxing)
 .debug_str     0x000004fd       0x75 .\CortexM3\ARM_GCC_541\Debug\cymetadata.o
                                0x201 (size before relaxing)
 .debug_str     0x00000572      0x13e .\CortexM3\ARM_GCC_541\Debug\Cm3Start.o
                                0x327 (size before relaxing)
 .debug_str     0x000006b0      0x2a9 .\CortexM3\ARM_GCC_541\Debug\DC-Motor-PWM.a(UART_1.o)
                                0x4d0 (size before relaxing)
 .debug_str     0x00000959      0x13e .\CortexM3\ARM_GCC_541\Debug\DC-Motor-PWM.a(isr_uart_rx.o)
                                0x317 (size before relaxing)
 .debug_str     0x00000a97      0x19d .\CortexM3\ARM_GCC_541\Debug\DC-Motor-PWM.a(UART_1_IntClock.o)
                                0x36b (size before relaxing)
 .debug_str     0x00000c34      0x7fa .\CortexM3\ARM_GCC_541\Debug\DC-Motor-PWM.a(CyLib.o)
                                0xa64 (size before relaxing)
 .debug_str     0x0000142e      0x359 .\CortexM3\ARM_GCC_541\Debug\DC-Motor-PWM.a(cyPm.o)
                                0x744 (size before relaxing)
 .debug_str     0x00001787       0x62 .\CortexM3\ARM_GCC_541\Debug\DC-Motor-PWM.a(Pin_1_H.o)
                                0x209 (size before relaxing)
 .debug_str     0x000017e9       0x57 .\CortexM3\ARM_GCC_541\Debug\DC-Motor-PWM.a(Pin_2_H.o)
                                0x209 (size before relaxing)
 .debug_str     0x00001840      0x188 .\CortexM3\ARM_GCC_541\Debug\DC-Motor-PWM.a(PWM_M1.o)
                                0x381 (size before relaxing)
 .debug_str     0x000019c8      0x157 .\CortexM3\ARM_GCC_541\Debug\DC-Motor-PWM.a(PWM_M2.o)
                                0x381 (size before relaxing)
 .debug_str     0x00001b1f      0x228 .\CortexM3\ARM_GCC_541\Debug\DC-Motor-PWM.a(SPI_Slave.o)
                                0x4e0 (size before relaxing)
 .debug_str     0x00001d47       0x49 .\CortexM3\ARM_GCC_541\Debug\DC-Motor-PWM.a(SPI_Slave_INT.o)
                                0x1e1 (size before relaxing)
 .debug_str     0x00001d90      0x195 .\CortexM3\ARM_GCC_541\Debug\DC-Motor-PWM.a(CyFlash.o)
                                0x3be (size before relaxing)
 .debug_str     0x00001f25       0xac .\CortexM3\ARM_GCC_541\Debug\DC-Motor-PWM.a(CySpc.o)
                                0x347 (size before relaxing)

.debug_loc      0x00000000     0x1e9e
 *(.debug_loc)
 .debug_loc     0x00000000       0xb6 .\CortexM3\ARM_GCC_541\Debug\main.o
 .debug_loc     0x000000b6      0x1d7 .\CortexM3\ARM_GCC_541\Debug\cyfitter_cfg.o
 .debug_loc     0x0000028d      0x144 .\CortexM3\ARM_GCC_541\Debug\Cm3Start.o
 .debug_loc     0x000003d1      0x258 .\CortexM3\ARM_GCC_541\Debug\DC-Motor-PWM.a(UART_1.o)
 .debug_loc     0x00000629       0x56 .\CortexM3\ARM_GCC_541\Debug\DC-Motor-PWM.a(isr_uart_rx.o)
 .debug_loc     0x0000067f      0x128 .\CortexM3\ARM_GCC_541\Debug\DC-Motor-PWM.a(UART_1_IntClock.o)
 .debug_loc     0x000007a7      0xa11 .\CortexM3\ARM_GCC_541\Debug\DC-Motor-PWM.a(CyLib.o)
 .debug_loc     0x000011b8      0x1e4 .\CortexM3\ARM_GCC_541\Debug\DC-Motor-PWM.a(cyPm.o)
 .debug_loc     0x0000139c       0x42 .\CortexM3\ARM_GCC_541\Debug\DC-Motor-PWM.a(Pin_1_H.o)
 .debug_loc     0x000013de       0x42 .\CortexM3\ARM_GCC_541\Debug\DC-Motor-PWM.a(Pin_2_H.o)
 .debug_loc     0x00001420       0x26 .\CortexM3\ARM_GCC_541\Debug\DC-Motor-PWM.a(PWM_M1.o)
 .debug_loc     0x00001446       0x26 .\CortexM3\ARM_GCC_541\Debug\DC-Motor-PWM.a(PWM_M2.o)
 .debug_loc     0x0000146c       0xf3 .\CortexM3\ARM_GCC_541\Debug\DC-Motor-PWM.a(SPI_Slave.o)
 .debug_loc     0x0000155f      0x2f2 .\CortexM3\ARM_GCC_541\Debug\DC-Motor-PWM.a(CyFlash.o)
 .debug_loc     0x00001851      0x64d .\CortexM3\ARM_GCC_541\Debug\DC-Motor-PWM.a(CySpc.o)

.debug_macinfo
 *(.debug_macinfo)

.debug_ranges   0x00000000      0x8b8
 *(.debug_ranges)
 .debug_ranges  0x00000000       0x50 .\CortexM3\ARM_GCC_541\Debug\main.o
 .debug_ranges  0x00000050       0x48 .\CortexM3\ARM_GCC_541\Debug\cyfitter_cfg.o
 .debug_ranges  0x00000098       0x38 .\CortexM3\ARM_GCC_541\Debug\Cm3Start.o
 .debug_ranges  0x000000d0       0xe0 .\CortexM3\ARM_GCC_541\Debug\DC-Motor-PWM.a(UART_1.o)
 .debug_ranges  0x000001b0       0x70 .\CortexM3\ARM_GCC_541\Debug\DC-Motor-PWM.a(isr_uart_rx.o)
 .debug_ranges  0x00000220       0x60 .\CortexM3\ARM_GCC_541\Debug\DC-Motor-PWM.a(UART_1_IntClock.o)
 .debug_ranges  0x00000280      0x290 .\CortexM3\ARM_GCC_541\Debug\DC-Motor-PWM.a(CyLib.o)
 .debug_ranges  0x00000510       0x88 .\CortexM3\ARM_GCC_541\Debug\DC-Motor-PWM.a(cyPm.o)
 .debug_ranges  0x00000598       0x28 .\CortexM3\ARM_GCC_541\Debug\DC-Motor-PWM.a(Pin_1_H.o)
 .debug_ranges  0x000005c0       0x28 .\CortexM3\ARM_GCC_541\Debug\DC-Motor-PWM.a(Pin_2_H.o)
 .debug_ranges  0x000005e8       0x88 .\CortexM3\ARM_GCC_541\Debug\DC-Motor-PWM.a(PWM_M1.o)
 .debug_ranges  0x00000670       0x88 .\CortexM3\ARM_GCC_541\Debug\DC-Motor-PWM.a(PWM_M2.o)
 .debug_ranges  0x000006f8       0xd0 .\CortexM3\ARM_GCC_541\Debug\DC-Motor-PWM.a(SPI_Slave.o)
 .debug_ranges  0x000007c8       0x18 .\CortexM3\ARM_GCC_541\Debug\DC-Motor-PWM.a(SPI_Slave_INT.o)
 .debug_ranges  0x000007e0       0x70 .\CortexM3\ARM_GCC_541\Debug\DC-Motor-PWM.a(CyFlash.o)
 .debug_ranges  0x00000850       0x68 .\CortexM3\ARM_GCC_541\Debug\DC-Motor-PWM.a(CySpc.o)

.comment        0x00000000       0x6e
 .comment       0x00000000       0x6e .\CortexM3\ARM_GCC_541\Debug\main.o
                                 0x6f (size before relaxing)
 .comment       0x0000006e       0x6f .\CortexM3\ARM_GCC_541\Debug\cyfitter_cfg.o
 .comment       0x0000006e       0x6f .\CortexM3\ARM_GCC_541\Debug\cymetadata.o
 .comment       0x0000006e       0x6f .\CortexM3\ARM_GCC_541\Debug\Cm3Start.o
 .comment       0x0000006e       0x6f .\CortexM3\ARM_GCC_541\Debug\DC-Motor-PWM.a(UART_1.o)
 .comment       0x0000006e       0x6f .\CortexM3\ARM_GCC_541\Debug\DC-Motor-PWM.a(isr_uart_rx.o)
 .comment       0x0000006e       0x6f .\CortexM3\ARM_GCC_541\Debug\DC-Motor-PWM.a(UART_1_IntClock.o)
 .comment       0x0000006e       0x6f .\CortexM3\ARM_GCC_541\Debug\DC-Motor-PWM.a(CyLib.o)
 .comment       0x0000006e       0x6f .\CortexM3\ARM_GCC_541\Debug\DC-Motor-PWM.a(cyPm.o)
 .comment       0x0000006e       0x6f .\CortexM3\ARM_GCC_541\Debug\DC-Motor-PWM.a(Pin_1_H.o)
 .comment       0x0000006e       0x6f .\CortexM3\ARM_GCC_541\Debug\DC-Motor-PWM.a(Pin_2_H.o)
 .comment       0x0000006e       0x6f .\CortexM3\ARM_GCC_541\Debug\DC-Motor-PWM.a(PWM_M1.o)
 .comment       0x0000006e       0x6f .\CortexM3\ARM_GCC_541\Debug\DC-Motor-PWM.a(PWM_M2.o)
 .comment       0x0000006e       0x6f .\CortexM3\ARM_GCC_541\Debug\DC-Motor-PWM.a(SPI_Slave.o)
 .comment       0x0000006e       0x6f .\CortexM3\ARM_GCC_541\Debug\DC-Motor-PWM.a(SPI_Slave_INT.o)
 .comment       0x0000006e       0x6f .\CortexM3\ARM_GCC_541\Debug\DC-Motor-PWM.a(CyFlash.o)
 .comment       0x0000006e       0x6f .\CortexM3\ARM_GCC_541\Debug\DC-Motor-PWM.a(CySpc.o)

.debug_weaknames
 *(.debug_weaknames)

.debug_funcnames
 *(.debug_funcnames)

.debug_typenames
 *(.debug_typenames)

.debug_varnames
 *(.debug_varnames)

.note.gnu.arm.ident
 *(.note.gnu.arm.ident)

.ARM.attributes
                0x00000000       0x29
 *(.ARM.attributes)
 .ARM.attributes
                0x00000000       0x1d c:/program files (x86)/cypress/psoc creator/4.1/psoc creator/import/gnu/arm/5.4.1/bin/../lib/gcc/arm-none-eabi/5.4.1/armv7-m/crti.o
 .ARM.attributes
                0x0000001d       0x2d c:/program files (x86)/cypress/psoc creator/4.1/psoc creator/import/gnu/arm/5.4.1/bin/../lib/gcc/arm-none-eabi/5.4.1/armv7-m/crtbegin.o
 .ARM.attributes
                0x0000004a       0x1b c:/program files (x86)/cypress/psoc creator/4.1/psoc creator/import/gnu/arm/5.4.1/bin/../lib/gcc/arm-none-eabi/5.4.1/../../../../arm-none-eabi/lib/armv7-m/crt0.o
 .ARM.attributes
                0x00000065       0x33 .\CortexM3\ARM_GCC_541\Debug\main.o
 .ARM.attributes
                0x00000098       0x33 .\CortexM3\ARM_GCC_541\Debug\cyfitter_cfg.o
 .ARM.attributes
                0x000000cb       0x33 .\CortexM3\ARM_GCC_541\Debug\cymetadata.o
 .ARM.attributes
                0x000000fe       0x33 .\CortexM3\ARM_GCC_541\Debug\Cm3Start.o
 .ARM.attributes
                0x00000131       0x33 .\CortexM3\ARM_GCC_541\Debug\DC-Motor-PWM.a(UART_1.o)
 .ARM.attributes
                0x00000164       0x33 .\CortexM3\ARM_GCC_541\Debug\DC-Motor-PWM.a(isr_uart_rx.o)
 .ARM.attributes
                0x00000197       0x33 .\CortexM3\ARM_GCC_541\Debug\DC-Motor-PWM.a(UART_1_IntClock.o)
 .ARM.attributes
                0x000001ca       0x33 .\CortexM3\ARM_GCC_541\Debug\DC-Motor-PWM.a(CyLib.o)
 .ARM.attributes
                0x000001fd       0x33 .\CortexM3\ARM_GCC_541\Debug\DC-Motor-PWM.a(cyPm.o)
 .ARM.attributes
                0x00000230       0x33 .\CortexM3\ARM_GCC_541\Debug\DC-Motor-PWM.a(Pin_1_H.o)
 .ARM.attributes
                0x00000263       0x33 .\CortexM3\ARM_GCC_541\Debug\DC-Motor-PWM.a(Pin_2_H.o)
 .ARM.attributes
                0x00000296       0x33 .\CortexM3\ARM_GCC_541\Debug\DC-Motor-PWM.a(PWM_M1.o)
 .ARM.attributes
                0x000002c9       0x33 .\CortexM3\ARM_GCC_541\Debug\DC-Motor-PWM.a(PWM_M2.o)
 .ARM.attributes
                0x000002fc       0x33 .\CortexM3\ARM_GCC_541\Debug\DC-Motor-PWM.a(SPI_Slave.o)
 .ARM.attributes
                0x0000032f       0x33 .\CortexM3\ARM_GCC_541\Debug\DC-Motor-PWM.a(SPI_Slave_INT.o)
 .ARM.attributes
                0x00000362       0x21 .\CortexM3\ARM_GCC_541\Debug\DC-Motor-PWM.a(CyBootAsmGnu.o)
 .ARM.attributes
                0x00000383       0x33 .\CortexM3\ARM_GCC_541\Debug\DC-Motor-PWM.a(CyFlash.o)
 .ARM.attributes
                0x000003b6       0x33 .\CortexM3\ARM_GCC_541\Debug\DC-Motor-PWM.a(CySpc.o)
 .ARM.attributes
                0x000003e9       0x2d c:/program files (x86)/cypress/psoc creator/4.1/psoc creator/import/gnu/arm/5.4.1/bin/../lib/gcc/arm-none-eabi/5.4.1/../../../../arm-none-eabi/lib/armv7-m\libg_nano.a(lib_a-errno.o)
 .ARM.attributes
                0x00000416       0x2d c:/program files (x86)/cypress/psoc creator/4.1/psoc creator/import/gnu/arm/5.4.1/bin/../lib/gcc/arm-none-eabi/5.4.1/../../../../arm-none-eabi/lib/armv7-m\libg_nano.a(lib_a-exit.o)
 .ARM.attributes
                0x00000443       0x2d c:/program files (x86)/cypress/psoc creator/4.1/psoc creator/import/gnu/arm/5.4.1/bin/../lib/gcc/arm-none-eabi/5.4.1/../../../../arm-none-eabi/lib/armv7-m\libg_nano.a(lib_a-impure.o)
 .ARM.attributes
                0x00000470       0x2d c:/program files (x86)/cypress/psoc creator/4.1/psoc creator/import/gnu/arm/5.4.1/bin/../lib/gcc/arm-none-eabi/5.4.1/../../../../arm-none-eabi/lib/armv7-m\libg_nano.a(lib_a-init.o)
 .ARM.attributes
                0x0000049d       0x2d c:/program files (x86)/cypress/psoc creator/4.1/psoc creator/import/gnu/arm/5.4.1/bin/../lib/gcc/arm-none-eabi/5.4.1/../../../../arm-none-eabi/lib/armv7-m\libg_nano.a(lib_a-memcpy-stub.o)
 .ARM.attributes
                0x000004ca       0x2d c:/program files (x86)/cypress/psoc creator/4.1/psoc creator/import/gnu/arm/5.4.1/bin/../lib/gcc/arm-none-eabi/5.4.1/../../../../arm-none-eabi/lib/armv7-m\libg_nano.a(lib_a-memset.o)
 .ARM.attributes
                0x000004f7       0x2d c:/program files (x86)/cypress/psoc creator/4.1/psoc creator/import/gnu/arm/5.4.1/bin/../lib/gcc/arm-none-eabi/5.4.1/../../../../arm-none-eabi/lib/armv7-m\libg_nano.a(lib_a-nano-vfprintf_float.o)
 .ARM.attributes
                0x00000524       0x2d c:/program files (x86)/cypress/psoc creator/4.1/psoc creator/import/gnu/arm/5.4.1/bin/../lib/gcc/arm-none-eabi/5.4.1/../../../../arm-none-eabi/lib/armv7-m\libg_nano.a(lib_a-nano-vfprintf_i.o)
 .ARM.attributes
                0x00000551       0x17 c:/program files (x86)/cypress/psoc creator/4.1/psoc creator/import/gnu/arm/5.4.1/bin/../lib/gcc/arm-none-eabi/5.4.1/../../../../arm-none-eabi/lib/armv7-m\libg_nano.a(lib_a-strlen.o)
 .ARM.attributes
                0x00000568       0x2d c:/program files (x86)/cypress/psoc creator/4.1/psoc creator/import/gnu/arm/5.4.1/bin/../lib/gcc/arm-none-eabi/5.4.1/../../../../arm-none-eabi/lib/armv7-m\libg_nano.a(lib_a-dtoa.o)
 .ARM.attributes
                0x00000595       0x2d c:/program files (x86)/cypress/psoc creator/4.1/psoc creator/import/gnu/arm/5.4.1/bin/../lib/gcc/arm-none-eabi/5.4.1/../../../../arm-none-eabi/lib/armv7-m\libg_nano.a(lib_a-locale.o)
 .ARM.attributes
                0x000005c2       0x2d c:/program files (x86)/cypress/psoc creator/4.1/psoc creator/import/gnu/arm/5.4.1/bin/../lib/gcc/arm-none-eabi/5.4.1/../../../../arm-none-eabi/lib/armv7-m\libg_nano.a(lib_a-malloc.o)
 .ARM.attributes
                0x000005ef       0x2d c:/program files (x86)/cypress/psoc creator/4.1/psoc creator/import/gnu/arm/5.4.1/bin/../lib/gcc/arm-none-eabi/5.4.1/../../../../arm-none-eabi/lib/armv7-m\libg_nano.a(lib_a-memchr-stub.o)
 .ARM.attributes
                0x0000061c       0x2d c:/program files (x86)/cypress/psoc creator/4.1/psoc creator/import/gnu/arm/5.4.1/bin/../lib/gcc/arm-none-eabi/5.4.1/../../../../arm-none-eabi/lib/armv7-m\libg_nano.a(lib_a-mprec.o)
 .ARM.attributes
                0x00000649       0x2d c:/program files (x86)/cypress/psoc creator/4.1/psoc creator/import/gnu/arm/5.4.1/bin/../lib/gcc/arm-none-eabi/5.4.1/../../../../arm-none-eabi/lib/armv7-m\libg_nano.a(lib_a-nano-callocr.o)
 .ARM.attributes
                0x00000676       0x2d c:/program files (x86)/cypress/psoc creator/4.1/psoc creator/import/gnu/arm/5.4.1/bin/../lib/gcc/arm-none-eabi/5.4.1/../../../../arm-none-eabi/lib/armv7-m\libg_nano.a(lib_a-nano-freer.o)
 .ARM.attributes
                0x000006a3       0x2d c:/program files (x86)/cypress/psoc creator/4.1/psoc creator/import/gnu/arm/5.4.1/bin/../lib/gcc/arm-none-eabi/5.4.1/../../../../arm-none-eabi/lib/armv7-m\libg_nano.a(lib_a-nano-mallocr.o)
 .ARM.attributes
                0x000006d0       0x2d c:/program files (x86)/cypress/psoc creator/4.1/psoc creator/import/gnu/arm/5.4.1/bin/../lib/gcc/arm-none-eabi/5.4.1/../../../../arm-none-eabi/lib/armv7-m\libg_nano.a(lib_a-sbrkr.o)
 .ARM.attributes
                0x000006fd       0x1b c:/program files (x86)/cypress/psoc creator/4.1/psoc creator/import/gnu/arm/5.4.1/bin/../lib/gcc/arm-none-eabi/5.4.1/../../../../arm-none-eabi/lib/armv7-m\libg_nano.a(lib_a-strcmp.o)
 .ARM.attributes
                0x00000718       0x2d c:/program files (x86)/cypress/psoc creator/4.1/psoc creator/import/gnu/arm/5.4.1/bin/../lib/gcc/arm-none-eabi/5.4.1/../../../../arm-none-eabi/lib/armv7-m\libg_nano.a(lib_a-mlock.o)
 .ARM.attributes
                0x00000745       0x2d c:/program files (x86)/cypress/psoc creator/4.1/psoc creator/import/gnu/arm/5.4.1/bin/../lib/gcc/arm-none-eabi/5.4.1/../../../../arm-none-eabi/lib/armv7-m\libg_nano.a(lib_a-reent.o)
 .ARM.attributes
                0x00000772       0x1d c:/program files (x86)/cypress/psoc creator/4.1/psoc creator/import/gnu/arm/5.4.1/bin/../lib/gcc/arm-none-eabi/5.4.1/armv7-m\libgcc.a(_arm_addsubdf3.o)
 .ARM.attributes
                0x0000078f       0x1d c:/program files (x86)/cypress/psoc creator/4.1/psoc creator/import/gnu/arm/5.4.1/bin/../lib/gcc/arm-none-eabi/5.4.1/armv7-m\libgcc.a(_arm_muldivdf3.o)
 .ARM.attributes
                0x000007ac       0x1d c:/program files (x86)/cypress/psoc creator/4.1/psoc creator/import/gnu/arm/5.4.1/bin/../lib/gcc/arm-none-eabi/5.4.1/armv7-m\libgcc.a(_arm_cmpdf2.o)
 .ARM.attributes
                0x000007c9       0x1d c:/program files (x86)/cypress/psoc creator/4.1/psoc creator/import/gnu/arm/5.4.1/bin/../lib/gcc/arm-none-eabi/5.4.1/armv7-m\libgcc.a(_arm_unorddf2.o)
 .ARM.attributes
                0x000007e6       0x1d c:/program files (x86)/cypress/psoc creator/4.1/psoc creator/import/gnu/arm/5.4.1/bin/../lib/gcc/arm-none-eabi/5.4.1/armv7-m\libgcc.a(_arm_fixdfsi.o)
 .ARM.attributes
                0x00000803       0x2d c:/program files (x86)/cypress/psoc creator/4.1/psoc creator/import/gnu/arm/5.4.1/bin/../lib/gcc/arm-none-eabi/5.4.1/armv7-m/crtend.o
 .ARM.attributes
                0x00000830       0x1d c:/program files (x86)/cypress/psoc creator/4.1/psoc creator/import/gnu/arm/5.4.1/bin/../lib/gcc/arm-none-eabi/5.4.1/armv7-m/crtn.o

/DISCARD/
 *(.note.GNU-stack)
OUTPUT(C:\Users\chris\Documents\3. Semester\I3GFV\Motorcontrol\03_DC_Motor_Control\DC-Motor-PWM.cydsn\CortexM3\ARM_GCC_541\Debug\DC-Motor-PWM.elf elf32-littlearm)
