Archive member included to satisfy reference by file (symbol)

.\CortexM3\ARM_GCC_541\Debug\DC-Motor-PWM.a(UART_1.o)
                              .\CortexM3\ARM_GCC_541\Debug\main.o (UART_1_Start)
.\CortexM3\ARM_GCC_541\Debug\DC-Motor-PWM.a(isr_uart_rx.o)
                              .\CortexM3\ARM_GCC_541\Debug\main.o (isr_uart_rx_StartEx)
.\CortexM3\ARM_GCC_541\Debug\DC-Motor-PWM.a(UART_1_IntClock.o)
                              .\CortexM3\ARM_GCC_541\Debug\DC-Motor-PWM.a(UART_1.o) (UART_1_IntClock_Start)
.\CortexM3\ARM_GCC_541\Debug\DC-Motor-PWM.a(CyLib.o)
                              .\CortexM3\ARM_GCC_541\Debug\Cm3Start.o (CyHalt)
.\CortexM3\ARM_GCC_541\Debug\DC-Motor-PWM.a(cyPm.o)
                              .\CortexM3\ARM_GCC_541\Debug\DC-Motor-PWM.a(CyLib.o) (CyPmReadStatus)
.\CortexM3\ARM_GCC_541\Debug\DC-Motor-PWM.a(Pin_1.o)
                              .\CortexM3\ARM_GCC_541\Debug\main.o (Pin_1_Read)
.\CortexM3\ARM_GCC_541\Debug\DC-Motor-PWM.a(PWM_M1.o)
                              .\CortexM3\ARM_GCC_541\Debug\main.o (PWM_M1_WriteCompare)
.\CortexM3\ARM_GCC_541\Debug\DC-Motor-PWM.a(PWM_M2.o)
                              .\CortexM3\ARM_GCC_541\Debug\main.o (PWM_M2_WriteCompare)
.\CortexM3\ARM_GCC_541\Debug\DC-Motor-PWM.a(PWM_P.o)
                              .\CortexM3\ARM_GCC_541\Debug\main.o (PWM_P_Start)
.\CortexM3\ARM_GCC_541\Debug\DC-Motor-PWM.a(SPI_Slave.o)
                              .\CortexM3\ARM_GCC_541\Debug\main.o (SPI_Slave_WriteTxData)
.\CortexM3\ARM_GCC_541\Debug\DC-Motor-PWM.a(SPI_Slave_INT.o)
                              .\CortexM3\ARM_GCC_541\Debug\DC-Motor-PWM.a(SPI_Slave.o) (SPI_Slave_RX_ISR)
.\CortexM3\ARM_GCC_541\Debug\DC-Motor-PWM.a(ISR_SPI.o)
                              .\CortexM3\ARM_GCC_541\Debug\main.o (ISR_SPI_StartEx)
.\CortexM3\ARM_GCC_541\Debug\DC-Motor-PWM.a(PWM_M3.o)
                              .\CortexM3\ARM_GCC_541\Debug\main.o (PWM_M3_WriteCompare)
.\CortexM3\ARM_GCC_541\Debug\DC-Motor-PWM.a(PWM_M4.o)
                              .\CortexM3\ARM_GCC_541\Debug\main.o (PWM_M4_WriteCompare)
.\CortexM3\ARM_GCC_541\Debug\DC-Motor-PWM.a(isr_1.o)
                              .\CortexM3\ARM_GCC_541\Debug\main.o (isr_1_StartEx)
.\CortexM3\ARM_GCC_541\Debug\DC-Motor-PWM.a(ADC_SAR_1.o)
                              .\CortexM3\ARM_GCC_541\Debug\main.o (ADC_SAR_1_Start)
.\CortexM3\ARM_GCC_541\Debug\DC-Motor-PWM.a(ADC_SAR_1_INT.o)
                              .\CortexM3\ARM_GCC_541\Debug\DC-Motor-PWM.a(ADC_SAR_1.o) (ADC_SAR_1_ISR)
.\CortexM3\ARM_GCC_541\Debug\DC-Motor-PWM.a(ADC_SAR_1_theACLK.o)
                              .\CortexM3\ARM_GCC_541\Debug\DC-Motor-PWM.a(ADC_SAR_1.o) (ADC_SAR_1_theACLK_SetModeRegister)
.\CortexM3\ARM_GCC_541\Debug\DC-Motor-PWM.a(CyBootAsmGnu.o)
                              .\CortexM3\ARM_GCC_541\Debug\cyfitter_cfg.o (CyDelayCycles)
.\CortexM3\ARM_GCC_541\Debug\DC-Motor-PWM.a(CyFlash.o)
                              .\CortexM3\ARM_GCC_541\Debug\DC-Motor-PWM.a(cyPm.o) (CyFlash_SetWaitCycles)
.\CortexM3\ARM_GCC_541\Debug\DC-Motor-PWM.a(CySpc.o)
                              .\CortexM3\ARM_GCC_541\Debug\DC-Motor-PWM.a(CyFlash.o) (CySpcStart)
c:/program files (x86)/cypress/psoc creator/4.1/psoc creator/import/gnu/arm/5.4.1/bin/../lib/gcc/arm-none-eabi/5.4.1/armv7-m\libgcc.a(_arm_addsubdf3.o)
                              .\CortexM3\ARM_GCC_541\Debug\main.o (__aeabi_dsub)
c:/program files (x86)/cypress/psoc creator/4.1/psoc creator/import/gnu/arm/5.4.1/bin/../lib/gcc/arm-none-eabi/5.4.1/armv7-m\libgcc.a(_arm_muldivdf3.o)
                              .\CortexM3\ARM_GCC_541\Debug\main.o (__aeabi_ddiv)
c:/program files (x86)/cypress/psoc creator/4.1/psoc creator/import/gnu/arm/5.4.1/bin/../lib/gcc/arm-none-eabi/5.4.1/armv7-m\libgcc.a(_arm_truncdfsf2.o)
                              .\CortexM3\ARM_GCC_541\Debug\main.o (__aeabi_d2f)
c:/program files (x86)/cypress/psoc creator/4.1/psoc creator/import/gnu/arm/5.4.1/bin/../lib/gcc/arm-none-eabi/5.4.1/armv7-m\libgcc.a(_arm_addsubsf3.o)
                              .\CortexM3\ARM_GCC_541\Debug\DC-Motor-PWM.a(ADC_SAR_1.o) (__aeabi_i2f)
c:/program files (x86)/cypress/psoc creator/4.1/psoc creator/import/gnu/arm/5.4.1/bin/../lib/gcc/arm-none-eabi/5.4.1/armv7-m\libgcc.a(_arm_muldivsf3.o)
                              .\CortexM3\ARM_GCC_541\Debug\DC-Motor-PWM.a(ADC_SAR_1.o) (__aeabi_fmul)
c:/program files (x86)/cypress/psoc creator/4.1/psoc creator/import/gnu/arm/5.4.1/bin/../lib/gcc/arm-none-eabi/5.4.1/armv7-m\libgcc.a(_arm_cmpsf2.o)
                              .\CortexM3\ARM_GCC_541\Debug\main.o (__aeabi_fcmplt)
c:/program files (x86)/cypress/psoc creator/4.1/psoc creator/import/gnu/arm/5.4.1/bin/../lib/gcc/arm-none-eabi/5.4.1/armv7-m\libgcc.a(_aeabi_ldivmod.o)
                              .\CortexM3\ARM_GCC_541\Debug\DC-Motor-PWM.a(ADC_SAR_1.o) (__aeabi_ldivmod)
[...]
Memory Configuration

Name             Origin             Length             Attributes
rom              0x00000000         0x00040000         xr
ram              0x1fff8000         0x00010000         xrw
*default*        0x00000000         0xffffffff

Linker script and memory map

LOAD c:/program files (x86)/cypress/psoc creator/4.1/psoc creator/import/gnu/arm/5.4.1/bin/../lib/gcc/arm-none-eabi/5.4.1/armv7-m/crti.o
LOAD c:/program files (x86)/cypress/psoc creator/4.1/psoc creator/import/gnu/arm/5.4.1/bin/../lib/gcc/arm-none-eabi/5.4.1/armv7-m/crtbegin.o
LOAD c:/program files (x86)/cypress/psoc creator/4.1/psoc creator/import/gnu/arm/5.4.1/bin/../lib/gcc/arm-none-eabi/5.4.1/../../../../arm-none-eabi/lib/armv7-m/crt0.o
START GROUP
LOAD .\CortexM3\ARM_GCC_541\Debug\main.o
LOAD .\CortexM3\ARM_GCC_541\Debug\cyfitter_cfg.o
LOAD .\CortexM3\ARM_GCC_541\Debug\cymetadata.o
LOAD .\CortexM3\ARM_GCC_541\Debug\Cm3Start.o
LOAD .\CortexM3\ARM_GCC_541\Debug\DC-Motor-PWM.a
LOAD C:\Program Files (x86)\Cypress\PSoC Creator\4.1\PSoC Creator\psoc\content\cycomponentlibrary\CyComponentLibrary.cylib\CortexM3\ARM_GCC_541\Debug\CyComponentLibrary.a
END GROUP
START GROUP
LOAD c:/program files (x86)/cypress/psoc creator/4.1/psoc creator/import/gnu/arm/5.4.1/bin/../lib/gcc/arm-none-eabi/5.4.1/armv7-m\libgcc.a
LOAD c:/program files (x86)/cypress/psoc creator/4.1/psoc creator/import/gnu/arm/5.4.1/bin/../lib/gcc/arm-none-eabi/5.4.1/../../../../arm-none-eabi/lib/armv7-m\libg_nano.a
LOAD c:/program files (x86)/cypress/psoc creator/4.1/psoc creator/import/gnu/arm/5.4.1/bin/../lib/gcc/arm-none-eabi/5.4.1/../../../../arm-none-eabi/lib/armv7-m\libc_nano.a
END GROUP
START GROUP
LOAD c:/program files (x86)/cypress/psoc creator/4.1/psoc creator/import/gnu/arm/5.4.1/bin/../lib/gcc/arm-none-eabi/5.4.1/armv7-m\libgcc.a
LOAD c:/program files (x86)/cypress/psoc creator/4.1/psoc creator/import/gnu/arm/5.4.1/bin/../lib/gcc/arm-none-eabi/5.4.1/../../../../arm-none-eabi/lib/armv7-m\libc_nano.a
END GROUP
LOAD c:/program files (x86)/cypress/psoc creator/4.1/psoc creator/import/gnu/arm/5.4.1/bin/../lib/gcc/arm-none-eabi/5.4.1/armv7-m/crtend.o
LOAD c:/program files (x86)/cypress/psoc creator/4.1/psoc creator/import/gnu/arm/5.4.1/bin/../lib/gcc/arm-none-eabi/5.4.1/armv7-m/crtn.o
START GROUP
LOAD c:/program files (x86)/cypress/psoc creator/4.1/psoc creator/import/gnu/arm/5.4.1/bin/../lib/gcc/arm-none-eabi/5.4.1/armv7-m\libgcc.a
LOAD c:/program files (x86)/cypress/psoc creator/4.1/psoc creator/import/gnu/arm/5.4.1/bin/../lib/gcc/arm-none-eabi/5.4.1/../../../../arm-none-eabi/lib/armv7-m\libc.a
LOAD c:/program files (x86)/cypress/psoc creator/4.1/psoc creator/import/gnu/arm/5.4.1/bin/../lib/gcc/arm-none-eabi/5.4.1/../../../../arm-none-eabi/lib/armv7-m\libnosys.a
END GROUP
                0x00000000                CY_APPL_ORIGIN = 0x0
                0x00000100                CY_FLASH_ROW_SIZE = 0x100
                0x00000020                CY_ECC_ROW_SIZE = 0x20
                0x00000000                CY_EE_IN_BTLDR = 0x0
                0x00000000                CY_APPL_LOADABLE = 0x0
                0x00000800                CY_EE_SIZE = 0x800
                0x00000001                CY_APPL_NUM = 0x1
                0x00000001                CY_APPL_MAX = 0x1
                0x00000040                CY_METADATA_SIZE = 0x40
                0x00000000                CY_APPL_LOADABLE = 0x0
                0x00000000                CY_CHECKSUM_EXCLUDE_SIZE = ALIGN (0x0, CY_FLASH_ROW_SIZE)
                [!provide]                PROVIDE (__cy_heap_start, _end)
                0x00000001                PROVIDE (__cy_region_num, ((__cy_regions_end - __cy_regions) / 0x10))
                0x20008000                PROVIDE (__cy_stack, (ORIGIN (ram) + LENGTH (ram)))
                [!provide]                PROVIDE (__cy_heap_end, (__cy_stack - 0x800))

.cybootloader   0x00000000        0x0
 *(.cybootloader)
                0x00000000                appl1_start = CY_APPL_ORIGIN?CY_APPL_ORIGIN:ALIGN (CY_FLASH_ROW_SIZE)
                0x0001ff00                appl2_start = (appl1_start + ALIGN ((((LENGTH (rom) - appl1_start) - (0x2 * CY_FLASH_ROW_SIZE)) / 0x2), CY_FLASH_ROW_SIZE))
                0x00000000                appl_start = (CY_APPL_NUM == 0x1)?appl1_start:appl2_start
                0x00000000                ecc_offset = ((appl_start / CY_FLASH_ROW_SIZE) * CY_ECC_ROW_SIZE)
                0x00000000                ee_offset = (CY_APPL_LOADABLE && ! (CY_EE_IN_BTLDR))?((CY_EE_SIZE / CY_APPL_MAX) * (CY_APPL_NUM - 0x1)):0x0
                0x00000800                ee_size = (CY_APPL_LOADABLE && ! (CY_EE_IN_BTLDR))?(CY_EE_SIZE / CY_APPL_MAX):CY_EE_SIZE
                [!provide]                PROVIDE (CY_ECC_OFFSET, ecc_offset)

.text           0x00000000     0x3e54
 CREATE_OBJECT_SYMBOLS
                0x00000000                PROVIDE (__cy_interrupt_vector, RomVectors)
 *(.romvectors)
 .romvectors    0x00000000       0x10 .\CortexM3\ARM_GCC_541\Debug\Cm3Start.o
                0x00000000                RomVectors
                0x00000001                ASSERT ((. != __cy_interrupt_vector), No interrupt vector)
                0x00000001                ASSERT (CY_APPL_ORIGIN?(SIZEOF (.cybootloader) <= CY_APPL_ORIGIN):0x1, Wrong image location)
                0x00000010                PROVIDE (__cy_reset, Reset)
 *(.text.Reset)
 .text.Reset    0x00000010       0x18 .\CortexM3\ARM_GCC_541\Debug\Cm3Start.o
                0x00000010                Reset
                0x00000001                ASSERT ((. != __cy_reset), No reset code)
 *(.dma_init)
                0x00000001                ASSERT ((((appl_start + .) <= 0x10000) || 0x1), DMA Init must be within the first 64k of flash)
 *(.text .text.* .gnu.linkonce.t.*)
 .text          0x00000028       0x5c c:/program files (x86)/cypress/psoc creator/4.1/psoc creator/import/gnu/arm/5.4.1/bin/../lib/gcc/arm-none-eabi/5.4.1/armv7-m/crtbegin.o
 .text.ISR_SPI  0x00000084       0x1c .\CortexM3\ARM_GCC_541\Debug\main.o
                0x00000084                ISR_SPI
 .text.sensor_ISR
                0x000000a0       0x44 .\CortexM3\ARM_GCC_541\Debug\main.o
                0x000000a0                sensor_ISR
 .text.decreaseSpeed
                0x000000e4       0x58 .\CortexM3\ARM_GCC_541\Debug\main.o
                0x000000e4                decreaseSpeed
 .text.increaseSpeed
                0x0000013c       0x54 .\CortexM3\ARM_GCC_541\Debug\main.o
                0x0000013c                increaseSpeed
 .text.stop     0x00000190       0x30 .\CortexM3\ARM_GCC_541\Debug\main.o
                0x00000190                stop
 .text.driveForwards
                0x000001c0       0x2c .\CortexM3\ARM_GCC_541\Debug\main.o
                0x000001c0                driveForwards
 .text.driveBackwards
                0x000001ec       0x2c .\CortexM3\ARM_GCC_541\Debug\main.o
                0x000001ec                driveBackwards
 .text.turnRight
                0x00000218       0x3c .\CortexM3\ARM_GCC_541\Debug\main.o
                0x00000218                turnRight
 .text.turnLeft
                0x00000254       0x3c .\CortexM3\ARM_GCC_541\Debug\main.o
                0x00000254                turnLeft
 .text.handleByteReceived
                0x00000290       0x90 .\CortexM3\ARM_GCC_541\Debug\main.o
                0x00000290                handleByteReceived
 .text.ISR_UART_rx_handler
                0x00000320       0x24 .\CortexM3\ARM_GCC_541\Debug\main.o
                0x00000320                ISR_UART_rx_handler
 *fill*         0x00000344        0x4 
 .text.main     0x00000348      0x158 .\CortexM3\ARM_GCC_541\Debug\main.o
                0x00000348                main
 .text.CyClockStartupError
                0x000004a0        0x4 .\CortexM3\ARM_GCC_541\Debug\cyfitter_cfg.o
 .text.cfg_write_bytes32
                0x000004a4       0x34 .\CortexM3\ARM_GCC_541\Debug\cyfitter_cfg.o
 .text.AnalogSetDefault
                0x000004d8       0x40 .\CortexM3\ARM_GCC_541\Debug\cyfitter_cfg.o
 .text.CYMEMZERO
                0x00000518        0xc .\CortexM3\ARM_GCC_541\Debug\cyfitter_cfg.o
 .text.ClockSetup
                0x00000524      0x100 .\CortexM3\ARM_GCC_541\Debug\cyfitter_cfg.o
 .text.CYCONFIGCPY
                0x00000624        0x8 .\CortexM3\ARM_GCC_541\Debug\cyfitter_cfg.o
 .text.cyfitter_cfg
                0x0000062c      0x110 .\CortexM3\ARM_GCC_541\Debug\cyfitter_cfg.o
                0x0000062c                cyfitter_cfg
 .text.IntDefaultHandler
                0x0000073c       0x10 .\CortexM3\ARM_GCC_541\Debug\Cm3Start.o
                0x0000073c                IntDefaultHandler
 .text._sbrk    0x0000074c       0x30 .\CortexM3\ARM_GCC_541\Debug\Cm3Start.o
                0x0000074c                _sbrk
 .text.Start_c  0x0000077c       0x4c .\CortexM3\ARM_GCC_541\Debug\Cm3Start.o
                0x0000077c                Start_c
 .text.initialize_psoc
                0x000007c8       0x68 .\CortexM3\ARM_GCC_541\Debug\Cm3Start.o
                0x000007c8                initialize_psoc
 .text.UART_1_Init
                0x00000830       0x28 .\CortexM3\ARM_GCC_541\Debug\DC-Motor-PWM.a(UART_1.o)
                0x00000830                UART_1_Init
 .text.UART_1_Enable
                0x00000858       0x3c .\CortexM3\ARM_GCC_541\Debug\DC-Motor-PWM.a(UART_1.o)
                0x00000858                UART_1_Enable
 .text.UART_1_Start
                0x00000894       0x1c .\CortexM3\ARM_GCC_541\Debug\DC-Motor-PWM.a(UART_1.o)
                0x00000894                UART_1_Start
 .text.UART_1_ReadRxData
                0x000008b0        0xc .\CortexM3\ARM_GCC_541\Debug\DC-Motor-PWM.a(UART_1.o)
                0x000008b0                UART_1_ReadRxData
 .text.UART_1_GetRxBufferSize
                0x000008bc       0x18 .\CortexM3\ARM_GCC_541\Debug\DC-Motor-PWM.a(UART_1.o)
                0x000008bc                UART_1_GetRxBufferSize
 .text.UART_1_WriteTxData
                0x000008d4       0x14 .\CortexM3\ARM_GCC_541\Debug\DC-Motor-PWM.a(UART_1.o)
                0x000008d4                UART_1_WriteTxData
 .text.UART_1_PutChar
                0x000008e8       0x18 .\CortexM3\ARM_GCC_541\Debug\DC-Motor-PWM.a(UART_1.o)
                0x000008e8                UART_1_PutChar
 .text.UART_1_PutString
                0x00000900       0x24 .\CortexM3\ARM_GCC_541\Debug\DC-Motor-PWM.a(UART_1.o)
                0x00000900                UART_1_PutString
 .text.isr_uart_rx_SetVector
                0x00000924        0xc .\CortexM3\ARM_GCC_541\Debug\DC-Motor-PWM.a(isr_uart_rx.o)
                0x00000924                isr_uart_rx_SetVector
 .text.isr_uart_rx_SetPriority
                0x00000930       0x10 .\CortexM3\ARM_GCC_541\Debug\DC-Motor-PWM.a(isr_uart_rx.o)
                0x00000930                isr_uart_rx_SetPriority
 .text.isr_uart_rx_Enable
                0x00000940        0xc .\CortexM3\ARM_GCC_541\Debug\DC-Motor-PWM.a(isr_uart_rx.o)
                0x00000940                isr_uart_rx_Enable
 .text.isr_uart_rx_Disable
                0x0000094c        0xc .\CortexM3\ARM_GCC_541\Debug\DC-Motor-PWM.a(isr_uart_rx.o)
                0x0000094c                isr_uart_rx_Disable
 .text.isr_uart_rx_StartEx
                0x00000958       0x1c .\CortexM3\ARM_GCC_541\Debug\DC-Motor-PWM.a(isr_uart_rx.o)
                0x00000958                isr_uart_rx_StartEx
 .text.UART_1_IntClock_Start
                0x00000974       0x1c .\CortexM3\ARM_GCC_541\Debug\DC-Motor-PWM.a(UART_1_IntClock.o)
                0x00000974                UART_1_IntClock_Start
 .text.CyHalt   0x00000990        0x4 .\CortexM3\ARM_GCC_541\Debug\DC-Motor-PWM.a(CyLib.o)
                0x00000990                CyHalt
 .text.CyDelay  0x00000994       0x2c .\CortexM3\ARM_GCC_541\Debug\DC-Motor-PWM.a(CyLib.o)
                0x00000994                CyDelay
 .text.CyDelayUs
                0x000009c0       0x14 .\CortexM3\ARM_GCC_541\Debug\DC-Motor-PWM.a(CyLib.o)
                0x000009c0                CyDelayUs
 .text.CyIntSetVector
                0x000009d4       0x28 .\CortexM3\ARM_GCC_541\Debug\DC-Motor-PWM.a(CyLib.o)
                0x000009d4                CyIntSetVector
 .text.CyIntSetPriority
                0x000009fc       0x30 .\CortexM3\ARM_GCC_541\Debug\DC-Motor-PWM.a(CyLib.o)
                0x000009fc                CyIntSetPriority
 .text.Pin_1_Read
                0x00000a2c       0x10 .\CortexM3\ARM_GCC_541\Debug\DC-Motor-PWM.a(Pin_1.o)
                0x00000a2c                Pin_1_Read
 .text.Pin_1_ClearInterrupt
                0x00000a3c       0x10 .\CortexM3\ARM_GCC_541\Debug\DC-Motor-PWM.a(Pin_1.o)
                0x00000a3c                Pin_1_ClearInterrupt
 .text.PWM_M1_Enable
                0x00000a4c       0x10 .\CortexM3\ARM_GCC_541\Debug\DC-Motor-PWM.a(PWM_M1.o)
                0x00000a4c                PWM_M1_Enable
 .text.PWM_M1_WriteCounter
                0x00000a5c        0xc .\CortexM3\ARM_GCC_541\Debug\DC-Motor-PWM.a(PWM_M1.o)
                0x00000a5c                PWM_M1_WriteCounter
 .text.PWM_M1_WritePeriod
                0x00000a68        0xc .\CortexM3\ARM_GCC_541\Debug\DC-Motor-PWM.a(PWM_M1.o)
                0x00000a68                PWM_M1_WritePeriod
 .text.PWM_M1_WriteCompare
                0x00000a74        0xc .\CortexM3\ARM_GCC_541\Debug\DC-Motor-PWM.a(PWM_M1.o)
                0x00000a74                PWM_M1_WriteCompare
 .text.PWM_M1_SetInterruptMode
                0x00000a80        0xc .\CortexM3\ARM_GCC_541\Debug\DC-Motor-PWM.a(PWM_M1.o)
                0x00000a80                PWM_M1_SetInterruptMode
 .text.PWM_M1_ReadStatusRegister
                0x00000a8c        0xc .\CortexM3\ARM_GCC_541\Debug\DC-Motor-PWM.a(PWM_M1.o)
                0x00000a8c                PWM_M1_ReadStatusRegister
 .text.PWM_M1_ReadCapture
                0x00000a98        0xc .\CortexM3\ARM_GCC_541\Debug\DC-Motor-PWM.a(PWM_M1.o)
                0x00000a98                PWM_M1_ReadCapture
 .text.PWM_M1_ClearFIFO
                0x00000aa4       0x14 .\CortexM3\ARM_GCC_541\Debug\DC-Motor-PWM.a(PWM_M1.o)
                0x00000aa4                PWM_M1_ClearFIFO
 .text.PWM_M1_Init
                0x00000ab8       0x50 .\CortexM3\ARM_GCC_541\Debug\DC-Motor-PWM.a(PWM_M1.o)
                0x00000ab8                PWM_M1_Init
 .text.PWM_M1_Start
                0x00000b08       0x1c .\CortexM3\ARM_GCC_541\Debug\DC-Motor-PWM.a(PWM_M1.o)
                0x00000b08                PWM_M1_Start
 .text.PWM_M2_Enable
                0x00000b24       0x10 .\CortexM3\ARM_GCC_541\Debug\DC-Motor-PWM.a(PWM_M2.o)
                0x00000b24                PWM_M2_Enable
 .text.PWM_M2_WriteCounter
                0x00000b34        0xc .\CortexM3\ARM_GCC_541\Debug\DC-Motor-PWM.a(PWM_M2.o)
                0x00000b34                PWM_M2_WriteCounter
 .text.PWM_M2_WritePeriod
                0x00000b40        0xc .\CortexM3\ARM_GCC_541\Debug\DC-Motor-PWM.a(PWM_M2.o)
                0x00000b40                PWM_M2_WritePeriod
 .text.PWM_M2_WriteCompare
                0x00000b4c        0xc .\CortexM3\ARM_GCC_541\Debug\DC-Motor-PWM.a(PWM_M2.o)
                0x00000b4c                PWM_M2_WriteCompare
 .text.PWM_M2_SetInterruptMode
                0x00000b58        0xc .\CortexM3\ARM_GCC_541\Debug\DC-Motor-PWM.a(PWM_M2.o)
                0x00000b58                PWM_M2_SetInterruptMode
 .text.PWM_M2_ReadStatusRegister
                0x00000b64        0xc .\CortexM3\ARM_GCC_541\Debug\DC-Motor-PWM.a(PWM_M2.o)
                0x00000b64                PWM_M2_ReadStatusRegister
 .text.PWM_M2_ReadCapture
                0x00000b70        0xc .\CortexM3\ARM_GCC_541\Debug\DC-Motor-PWM.a(PWM_M2.o)
                0x00000b70                PWM_M2_ReadCapture
 .text.PWM_M2_ClearFIFO
                0x00000b7c       0x14 .\CortexM3\ARM_GCC_541\Debug\DC-Motor-PWM.a(PWM_M2.o)
                0x00000b7c                PWM_M2_ClearFIFO
 .text.PWM_M2_Init
                0x00000b90       0x54 .\CortexM3\ARM_GCC_541\Debug\DC-Motor-PWM.a(PWM_M2.o)
                0x00000b90                PWM_M2_Init
 .text.PWM_M2_Start
                0x00000be4       0x1c .\CortexM3\ARM_GCC_541\Debug\DC-Motor-PWM.a(PWM_M2.o)
                0x00000be4                PWM_M2_Start
 .text.PWM_P_Enable
                0x00000c00       0x10 .\CortexM3\ARM_GCC_541\Debug\DC-Motor-PWM.a(PWM_P.o)
                0x00000c00                PWM_P_Enable
 .text.PWM_P_WriteCounter
                0x00000c10        0xc .\CortexM3\ARM_GCC_541\Debug\DC-Motor-PWM.a(PWM_P.o)
                0x00000c10                PWM_P_WriteCounter
 .text.PWM_P_WritePeriod
                0x00000c1c        0xc .\CortexM3\ARM_GCC_541\Debug\DC-Motor-PWM.a(PWM_P.o)
                0x00000c1c                PWM_P_WritePeriod
 .text.PWM_P_WriteCompare
                0x00000c28        0xc .\CortexM3\ARM_GCC_541\Debug\DC-Motor-PWM.a(PWM_P.o)
                0x00000c28                PWM_P_WriteCompare
 .text.PWM_P_SetInterruptMode
                0x00000c34        0xc .\CortexM3\ARM_GCC_541\Debug\DC-Motor-PWM.a(PWM_P.o)
                0x00000c34                PWM_P_SetInterruptMode
 .text.PWM_P_ReadStatusRegister
                0x00000c40        0xc .\CortexM3\ARM_GCC_541\Debug\DC-Motor-PWM.a(PWM_P.o)
                0x00000c40                PWM_P_ReadStatusRegister
 .text.PWM_P_ReadCapture
                0x00000c4c        0xc .\CortexM3\ARM_GCC_541\Debug\DC-Motor-PWM.a(PWM_P.o)
                0x00000c4c                PWM_P_ReadCapture
 .text.PWM_P_ClearFIFO
                0x00000c58       0x14 .\CortexM3\ARM_GCC_541\Debug\DC-Motor-PWM.a(PWM_P.o)
                0x00000c58                PWM_P_ClearFIFO
 .text.PWM_P_Init
                0x00000c6c       0x50 .\CortexM3\ARM_GCC_541\Debug\DC-Motor-PWM.a(PWM_P.o)
                0x00000c6c                PWM_P_Init
 .text.PWM_P_Start
                0x00000cbc       0x1c .\CortexM3\ARM_GCC_541\Debug\DC-Motor-PWM.a(PWM_P.o)
                0x00000cbc                PWM_P_Start
 .text.SPI_Slave_Enable
                0x00000cd8       0x38 .\CortexM3\ARM_GCC_541\Debug\DC-Motor-PWM.a(SPI_Slave.o)
                0x00000cd8                SPI_Slave_Enable
 .text.SPI_Slave_ReadTxStatus
                0x00000d10        0xc .\CortexM3\ARM_GCC_541\Debug\DC-Motor-PWM.a(SPI_Slave.o)
                0x00000d10                SPI_Slave_ReadTxStatus
 .text.SPI_Slave_ReadRxStatus
                0x00000d1c        0xc .\CortexM3\ARM_GCC_541\Debug\DC-Motor-PWM.a(SPI_Slave.o)
                0x00000d1c                SPI_Slave_ReadRxStatus
 .text.SPI_Slave_WriteTxData
                0x00000d28       0x18 .\CortexM3\ARM_GCC_541\Debug\DC-Motor-PWM.a(SPI_Slave.o)
                0x00000d28                SPI_Slave_WriteTxData
 .text.SPI_Slave_ReadRxData
                0x00000d40        0xc .\CortexM3\ARM_GCC_541\Debug\DC-Motor-PWM.a(SPI_Slave.o)
                0x00000d40                SPI_Slave_ReadRxData
 .text.SPI_Slave_ClearRxBuffer
                0x00000d4c       0x1c .\CortexM3\ARM_GCC_541\Debug\DC-Motor-PWM.a(SPI_Slave.o)
                0x00000d4c                SPI_Slave_ClearRxBuffer
 .text.SPI_Slave_ClearFIFO
                0x00000d68       0x3c .\CortexM3\ARM_GCC_541\Debug\DC-Motor-PWM.a(SPI_Slave.o)
                0x00000d68                SPI_Slave_ClearFIFO
 .text.SPI_Slave_Init
                0x00000da4       0x48 .\CortexM3\ARM_GCC_541\Debug\DC-Motor-PWM.a(SPI_Slave.o)
                0x00000da4                SPI_Slave_Init
 .text.SPI_Slave_Start
                0x00000dec       0x1c .\CortexM3\ARM_GCC_541\Debug\DC-Motor-PWM.a(SPI_Slave.o)
                0x00000dec                SPI_Slave_Start
 .text.SPI_Slave_RX_ISR
                0x00000e08        0x4 .\CortexM3\ARM_GCC_541\Debug\DC-Motor-PWM.a(SPI_Slave_INT.o)
                0x00000e08                SPI_Slave_RX_ISR
 .text.ISR_SPI_SetVector
                0x00000e0c        0xc .\CortexM3\ARM_GCC_541\Debug\DC-Motor-PWM.a(ISR_SPI.o)
                0x00000e0c                ISR_SPI_SetVector
 .text.ISR_SPI_SetPriority
                0x00000e18       0x10 .\CortexM3\ARM_GCC_541\Debug\DC-Motor-PWM.a(ISR_SPI.o)
                0x00000e18                ISR_SPI_SetPriority
 .text.ISR_SPI_Enable
                0x00000e28        0xc .\CortexM3\ARM_GCC_541\Debug\DC-Motor-PWM.a(ISR_SPI.o)
                0x00000e28                ISR_SPI_Enable
 .text.ISR_SPI_Disable
                0x00000e34        0xc .\CortexM3\ARM_GCC_541\Debug\DC-Motor-PWM.a(ISR_SPI.o)
                0x00000e34                ISR_SPI_Disable
 .text.ISR_SPI_StartEx
                0x00000e40       0x1c .\CortexM3\ARM_GCC_541\Debug\DC-Motor-PWM.a(ISR_SPI.o)
                0x00000e40                ISR_SPI_StartEx
 .text.PWM_M3_Enable
                0x00000e5c       0x10 .\CortexM3\ARM_GCC_541\Debug\DC-Motor-PWM.a(PWM_M3.o)
                0x00000e5c                PWM_M3_Enable
 .text.PWM_M3_WriteCounter
                0x00000e6c        0xc .\CortexM3\ARM_GCC_541\Debug\DC-Motor-PWM.a(PWM_M3.o)
                0x00000e6c                PWM_M3_WriteCounter
 .text.PWM_M3_WritePeriod
                0x00000e78        0xc .\CortexM3\ARM_GCC_541\Debug\DC-Motor-PWM.a(PWM_M3.o)
                0x00000e78                PWM_M3_WritePeriod
 .text.PWM_M3_WriteCompare
                0x00000e84        0xc .\CortexM3\ARM_GCC_541\Debug\DC-Motor-PWM.a(PWM_M3.o)
                0x00000e84                PWM_M3_WriteCompare
 .text.PWM_M3_SetInterruptMode
                0x00000e90        0xc .\CortexM3\ARM_GCC_541\Debug\DC-Motor-PWM.a(PWM_M3.o)
                0x00000e90                PWM_M3_SetInterruptMode
 .text.PWM_M3_ReadStatusRegister
                0x00000e9c        0xc .\CortexM3\ARM_GCC_541\Debug\DC-Motor-PWM.a(PWM_M3.o)
                0x00000e9c                PWM_M3_ReadStatusRegister
 .text.PWM_M3_ReadCapture
                0x00000ea8        0xc .\CortexM3\ARM_GCC_541\Debug\DC-Motor-PWM.a(PWM_M3.o)
                0x00000ea8                PWM_M3_ReadCapture
 .text.PWM_M3_ClearFIFO
                0x00000eb4       0x14 .\CortexM3\ARM_GCC_541\Debug\DC-Motor-PWM.a(PWM_M3.o)
                0x00000eb4                PWM_M3_ClearFIFO
 .text.PWM_M3_Init
                0x00000ec8       0x50 .\CortexM3\ARM_GCC_541\Debug\DC-Motor-PWM.a(PWM_M3.o)
                0x00000ec8                PWM_M3_Init
 .text.PWM_M3_Start
                0x00000f18       0x1c .\CortexM3\ARM_GCC_541\Debug\DC-Motor-PWM.a(PWM_M3.o)
                0x00000f18                PWM_M3_Start
 .text.PWM_M4_Enable
                0x00000f34       0x10 .\CortexM3\ARM_GCC_541\Debug\DC-Motor-PWM.a(PWM_M4.o)
                0x00000f34                PWM_M4_Enable
 .text.PWM_M4_WriteCounter
                0x00000f44        0xc .\CortexM3\ARM_GCC_541\Debug\DC-Motor-PWM.a(PWM_M4.o)
                0x00000f44                PWM_M4_WriteCounter
 .text.PWM_M4_WritePeriod
                0x00000f50        0xc .\CortexM3\ARM_GCC_541\Debug\DC-Motor-PWM.a(PWM_M4.o)
                0x00000f50                PWM_M4_WritePeriod
 .text.PWM_M4_WriteCompare
                0x00000f5c        0xc .\CortexM3\ARM_GCC_541\Debug\DC-Motor-PWM.a(PWM_M4.o)
                0x00000f5c                PWM_M4_WriteCompare
 .text.PWM_M4_SetInterruptMode
                0x00000f68        0xc .\CortexM3\ARM_GCC_541\Debug\DC-Motor-PWM.a(PWM_M4.o)
                0x00000f68                PWM_M4_SetInterruptMode
 .text.PWM_M4_ReadStatusRegister
                0x00000f74        0xc .\CortexM3\ARM_GCC_541\Debug\DC-Motor-PWM.a(PWM_M4.o)
                0x00000f74                PWM_M4_ReadStatusRegister
 .text.PWM_M4_ReadCapture
                0x00000f80        0xc .\CortexM3\ARM_GCC_541\Debug\DC-Motor-PWM.a(PWM_M4.o)
                0x00000f80                PWM_M4_ReadCapture
 .text.PWM_M4_ClearFIFO
                0x00000f8c       0x14 .\CortexM3\ARM_GCC_541\Debug\DC-Motor-PWM.a(PWM_M4.o)
                0x00000f8c                PWM_M4_ClearFIFO
 .text.PWM_M4_Init
                0x00000fa0       0x50 .\CortexM3\ARM_GCC_541\Debug\DC-Motor-PWM.a(PWM_M4.o)
                0x00000fa0                PWM_M4_Init
 .text.PWM_M4_Start
                0x00000ff0       0x1c .\CortexM3\ARM_GCC_541\Debug\DC-Motor-PWM.a(PWM_M4.o)
                0x00000ff0                PWM_M4_Start
 .text.isr_1_SetVector
                0x0000100c        0xc .\CortexM3\ARM_GCC_541\Debug\DC-Motor-PWM.a(isr_1.o)
                0x0000100c                isr_1_SetVector
 .text.isr_1_SetPriority
                0x00001018       0x10 .\CortexM3\ARM_GCC_541\Debug\DC-Motor-PWM.a(isr_1.o)
                0x00001018                isr_1_SetPriority
 .text.isr_1_Enable
                0x00001028        0xc .\CortexM3\ARM_GCC_541\Debug\DC-Motor-PWM.a(isr_1.o)
                0x00001028                isr_1_Enable
 .text.isr_1_Disable
                0x00001034        0xc .\CortexM3\ARM_GCC_541\Debug\DC-Motor-PWM.a(isr_1.o)
                0x00001034                isr_1_Disable
 .text.isr_1_StartEx
                0x00001040       0x1c .\CortexM3\ARM_GCC_541\Debug\DC-Motor-PWM.a(isr_1.o)
                0x00001040                isr_1_StartEx
 .text.isr_1_ClearPending
                0x0000105c        0xc .\CortexM3\ARM_GCC_541\Debug\DC-Motor-PWM.a(isr_1.o)
                0x0000105c                isr_1_ClearPending
 .text.ADC_SAR_1_CalcGain
                0x00001068       0x64 .\CortexM3\ARM_GCC_541\Debug\DC-Motor-PWM.a(ADC_SAR_1.o)
 .text.ADC_SAR_1_Enable
                0x000010cc       0x98 .\CortexM3\ARM_GCC_541\Debug\DC-Motor-PWM.a(ADC_SAR_1.o)
                0x000010cc                ADC_SAR_1_Enable
 .text.ADC_SAR_1_SetResolution
                0x00001164       0x38 .\CortexM3\ARM_GCC_541\Debug\DC-Motor-PWM.a(ADC_SAR_1.o)
                0x00001164                ADC_SAR_1_SetResolution
 .text.ADC_SAR_1_Init
                0x0000119c       0x3c .\CortexM3\ARM_GCC_541\Debug\DC-Motor-PWM.a(ADC_SAR_1.o)
                0x0000119c                ADC_SAR_1_Init
 .text.ADC_SAR_1_Start
                0x000011d8       0x1c .\CortexM3\ARM_GCC_541\Debug\DC-Motor-PWM.a(ADC_SAR_1.o)
                0x000011d8                ADC_SAR_1_Start
 .text.ADC_SAR_1_StartConvert
                0x000011f4       0x10 .\CortexM3\ARM_GCC_541\Debug\DC-Motor-PWM.a(ADC_SAR_1.o)
                0x000011f4                ADC_SAR_1_StartConvert
 .text.ADC_SAR_1_IsEndConversion
                0x00001204       0x24 .\CortexM3\ARM_GCC_541\Debug\DC-Motor-PWM.a(ADC_SAR_1.o)
                0x00001204                ADC_SAR_1_IsEndConversion
 .text.ADC_SAR_1_GetResult16
                0x00001228       0x18 .\CortexM3\ARM_GCC_541\Debug\DC-Motor-PWM.a(ADC_SAR_1.o)
                0x00001228                ADC_SAR_1_GetResult16
 .text.ADC_SAR_1_SetOffset
                0x00001240        0xc .\CortexM3\ARM_GCC_541\Debug\DC-Motor-PWM.a(ADC_SAR_1.o)
                0x00001240                ADC_SAR_1_SetOffset
 .text.ADC_SAR_1_CountsTo_mVolts
                0x0000124c       0x58 .\CortexM3\ARM_GCC_541\Debug\DC-Motor-PWM.a(ADC_SAR_1.o)
                0x0000124c                ADC_SAR_1_CountsTo_mVolts
 .text.ADC_SAR_1_ISR
                0x000012a4        0x4 .\CortexM3\ARM_GCC_541\Debug\DC-Motor-PWM.a(ADC_SAR_1_INT.o)
                0x000012a4                ADC_SAR_1_ISR
 .text.ADC_SAR_1_theACLK_SetModeRegister
                0x000012a8       0x14 .\CortexM3\ARM_GCC_541\Debug\DC-Motor-PWM.a(ADC_SAR_1_theACLK.o)
                0x000012a8                ADC_SAR_1_theACLK_SetModeRegister
 *fill*         0x000012bc        0x4 
 .text          0x000012c0       0x20 .\CortexM3\ARM_GCC_541\Debug\DC-Motor-PWM.a(CyBootAsmGnu.o)
                0x000012c0                CyDelayCycles
                0x000012d0                CyEnterCriticalSection
                0x000012d8                CyExitCriticalSection
 .text          0x000012e0      0x370 c:/program files (x86)/cypress/psoc creator/4.1/psoc creator/import/gnu/arm/5.4.1/bin/../lib/gcc/arm-none-eabi/5.4.1/armv7-m\libgcc.a(_arm_addsubdf3.o)
                0x000012e0                __aeabi_drsub
                0x000012e8                __aeabi_dsub
                0x000012e8                __subdf3
                0x000012ec                __aeabi_dadd
                0x000012ec                __adddf3
                0x00001564                __floatunsidf
                0x00001564                __aeabi_ui2d
                0x00001584                __floatsidf
                0x00001584                __aeabi_i2d
                0x000015a8                __aeabi_f2d
                0x000015a8                __extendsfdf2
                0x000015e4                __floatundidf
                0x000015e4                __aeabi_ul2d
                0x000015f4                __floatdidf
                0x000015f4                __aeabi_l2d
 .text          0x00001650      0x424 c:/program files (x86)/cypress/psoc creator/4.1/psoc creator/import/gnu/arm/5.4.1/bin/../lib/gcc/arm-none-eabi/5.4.1/armv7-m\libgcc.a(_arm_muldivdf3.o)
                0x00001650                __aeabi_dmul
                0x00001650                __muldf3
                0x000018a4                __divdf3
                0x000018a4                __aeabi_ddiv
 .text          0x00001a74       0xa0 c:/program files (x86)/cypress/psoc creator/4.1/psoc creator/import/gnu/arm/5.4.1/bin/../lib/gcc/arm-none-eabi/5.4.1/armv7-m\libgcc.a(_arm_truncdfsf2.o)
                0x00001a74                __truncdfsf2
                0x00001a74                __aeabi_d2f
 .text          0x00001b14       0xec c:/program files (x86)/cypress/psoc creator/4.1/psoc creator/import/gnu/arm/5.4.1/bin/../lib/gcc/arm-none-eabi/5.4.1/armv7-m\libgcc.a(_arm_cmpsf2.o)
                0x00001b14                __gesf2
                0x00001b14                __gtsf2
                0x00001b1c                __lesf2
                0x00001b1c                __ltsf2
                0x00001b24                __nesf2
                0x00001b24                __eqsf2
                0x00001b24                __cmpsf2
                0x00001b84                __aeabi_cfrcmple
                0x00001b8c                __aeabi_cfcmpeq
                0x00001b8c                __aeabi_cfcmple
                0x00001b9c                __aeabi_fcmpeq
                0x00001bb0                __aeabi_fcmplt
                0x00001bc4                __aeabi_fcmple
                0x00001bd8                __aeabi_fcmpge
                0x00001bec                __aeabi_fcmpgt
 .text.__errno  0x00001c00        0xc c:/program files (x86)/cypress/psoc creator/4.1/psoc creator/import/gnu/arm/5.4.1/bin/../lib/gcc/arm-none-eabi/5.4.1/../../../../arm-none-eabi/lib/armv7-m\libg_nano.a(lib_a-errno.o)
                0x00001c00                __errno
 .text.__libc_init_array
                0x00001c0c       0x4c c:/program files (x86)/cypress/psoc creator/4.1/psoc creator/import/gnu/arm/5.4.1/bin/../lib/gcc/arm-none-eabi/5.4.1/../../../../arm-none-eabi/lib/armv7-m\libg_nano.a(lib_a-init.o)
                0x00001c0c                __libc_init_array
 .text.memcpy   0x00001c58       0x16 c:/program files (x86)/cypress/psoc creator/4.1/psoc creator/import/gnu/arm/5.4.1/bin/../lib/gcc/arm-none-eabi/5.4.1/../../../../arm-none-eabi/lib/armv7-m\libg_nano.a(lib_a-memcpy-stub.o)
                0x00001c58                memcpy
 .text.memset   0x00001c6e       0x10 c:/program files (x86)/cypress/psoc creator/4.1/psoc creator/import/gnu/arm/5.4.1/bin/../lib/gcc/arm-none-eabi/5.4.1/../../../../arm-none-eabi/lib/armv7-m\libg_nano.a(lib_a-memset.o)
                0x00001c6e                memset
 .text.__cvt    0x00001c7e       0xc0 c:/program files (x86)/cypress/psoc creator/4.1/psoc creator/import/gnu/arm/5.4.1/bin/../lib/gcc/arm-none-eabi/5.4.1/../../../../arm-none-eabi/lib/armv7-m\libg_nano.a(lib_a-nano-vfprintf_float.o)
                0x00001c7e                __cvt
 .text.__exponent
                0x00001d3e       0x62 c:/program files (x86)/cypress/psoc creator/4.1/psoc creator/import/gnu/arm/5.4.1/bin/../lib/gcc/arm-none-eabi/5.4.1/../../../../arm-none-eabi/lib/armv7-m\libg_nano.a(lib_a-nano-vfprintf_float.o)
                0x00001d3e                __exponent
 .text._printf_float
                0x00001da0      0x488 c:/program files (x86)/cypress/psoc creator/4.1/psoc creator/import/gnu/arm/5.4.1/bin/../lib/gcc/arm-none-eabi/5.4.1/../../../../arm-none-eabi/lib/armv7-m\libg_nano.a(lib_a-nano-vfprintf_float.o)
                0x00001da0                _printf_float
 .text._printf_common
                0x00002228       0xec c:/program files (x86)/cypress/psoc creator/4.1/psoc creator/import/gnu/arm/5.4.1/bin/../lib/gcc/arm-none-eabi/5.4.1/../../../../arm-none-eabi/lib/armv7-m\libg_nano.a(lib_a-nano-vfprintf_i.o)
                0x00002228                _printf_common
 .text._printf_i
                0x00002314      0x24c c:/program files (x86)/cypress/psoc creator/4.1/psoc creator/import/gnu/arm/5.4.1/bin/../lib/gcc/arm-none-eabi/5.4.1/../../../../arm-none-eabi/lib/armv7-m\libg_nano.a(lib_a-nano-vfprintf_i.o)
                0x00002314                _printf_i
 .text.snprintf
                0x00002560       0x64 c:/program files (x86)/cypress/psoc creator/4.1/psoc creator/import/gnu/arm/5.4.1/bin/../lib/gcc/arm-none-eabi/5.4.1/../../../../arm-none-eabi/lib/armv7-m\libg_nano.a(lib_a-snprintf.o)
                0x00002560                sniprintf
                0x00002560                snprintf
 .text          0x000025c4       0x10 c:/program files (x86)/cypress/psoc creator/4.1/psoc creator/import/gnu/arm/5.4.1/bin/../lib/gcc/arm-none-eabi/5.4.1/../../../../arm-none-eabi/lib/armv7-m\libg_nano.a(lib_a-strlen.o)
                0x000025c4                strlen
 .text.quorem   0x000025d4      0x116 c:/program files (x86)/cypress/psoc creator/4.1/psoc creator/import/gnu/arm/5.4.1/bin/../lib/gcc/arm-none-eabi/5.4.1/../../../../arm-none-eabi/lib/armv7-m\libg_nano.a(lib_a-dtoa.o)
 *fill*         0x000026ea        0x6 
 .text._dtoa_r  0x000026f0      0xb30 c:/program files (x86)/cypress/psoc creator/4.1/psoc creator/import/gnu/arm/5.4.1/bin/../lib/gcc/arm-none-eabi/5.4.1/../../../../arm-none-eabi/lib/armv7-m\libg_nano.a(lib_a-dtoa.o)
                0x000026f0                _dtoa_r
 .text._localeconv_r
                0x00003220        0x8 c:/program files (x86)/cypress/psoc creator/4.1/psoc creator/import/gnu/arm/5.4.1/bin/../lib/gcc/arm-none-eabi/5.4.1/../../../../arm-none-eabi/lib/armv7-m\libg_nano.a(lib_a-locale.o)
                0x00003220                _localeconv_r
 .text.malloc   0x00003228       0x10 c:/program files (x86)/cypress/psoc creator/4.1/psoc creator/import/gnu/arm/5.4.1/bin/../lib/gcc/arm-none-eabi/5.4.1/../../../../arm-none-eabi/lib/armv7-m\libg_nano.a(lib_a-malloc.o)
                0x00003228                malloc
 .text.memchr   0x00003238       0x1c c:/program files (x86)/cypress/psoc creator/4.1/psoc creator/import/gnu/arm/5.4.1/bin/../lib/gcc/arm-none-eabi/5.4.1/../../../../arm-none-eabi/lib/armv7-m\libg_nano.a(lib_a-memchr-stub.o)
                0x00003238                memchr
 .text._Balloc  0x00003254       0x6a c:/program files (x86)/cypress/psoc creator/4.1/psoc creator/import/gnu/arm/5.4.1/bin/../lib/gcc/arm-none-eabi/5.4.1/../../../../arm-none-eabi/lib/armv7-m\libg_nano.a(lib_a-mprec.o)
                0x00003254                _Balloc
 .text._Bfree   0x000032be       0x2e c:/program files (x86)/cypress/psoc creator/4.1/psoc creator/import/gnu/arm/5.4.1/bin/../lib/gcc/arm-none-eabi/5.4.1/../../../../arm-none-eabi/lib/armv7-m\libg_nano.a(lib_a-mprec.o)
                0x000032be                _Bfree
 .text.__multadd
                0x000032ec       0x76 c:/program files (x86)/cypress/psoc creator/4.1/psoc creator/import/gnu/arm/5.4.1/bin/../lib/gcc/arm-none-eabi/5.4.1/../../../../arm-none-eabi/lib/armv7-m\libg_nano.a(lib_a-mprec.o)
                0x000032ec                __multadd
 .text.__hi0bits
                0x00003362       0x40 c:/program files (x86)/cypress/psoc creator/4.1/psoc creator/import/gnu/arm/5.4.1/bin/../lib/gcc/arm-none-eabi/5.4.1/../../../../arm-none-eabi/lib/armv7-m\libg_nano.a(lib_a-mprec.o)
                0x00003362                __hi0bits
 .text.__lo0bits
                0x000033a2       0x5a c:/program files (x86)/cypress/psoc creator/4.1/psoc creator/import/gnu/arm/5.4.1/bin/../lib/gcc/arm-none-eabi/5.4.1/../../../../arm-none-eabi/lib/armv7-m\libg_nano.a(lib_a-mprec.o)
                0x000033a2                __lo0bits
 .text.__i2b    0x000033fc       0x12 c:/program files (x86)/cypress/psoc creator/4.1/psoc creator/import/gnu/arm/5.4.1/bin/../lib/gcc/arm-none-eabi/5.4.1/../../../../arm-none-eabi/lib/armv7-m\libg_nano.a(lib_a-mprec.o)
                0x000033fc                __i2b
 .text.__multiply
                0x0000340e      0x120 c:/program files (x86)/cypress/psoc creator/4.1/psoc creator/import/gnu/arm/5.4.1/bin/../lib/gcc/arm-none-eabi/5.4.1/../../../../arm-none-eabi/lib/armv7-m\libg_nano.a(lib_a-mprec.o)
                0x0000340e                __multiply
 *fill*         0x0000352e        0x2 
 .text.__pow5mult
                0x00003530       0x9c c:/program files (x86)/cypress/psoc creator/4.1/psoc creator/import/gnu/arm/5.4.1/bin/../lib/gcc/arm-none-eabi/5.4.1/../../../../arm-none-eabi/lib/armv7-m\libg_nano.a(lib_a-mprec.o)
                0x00003530                __pow5mult
 .text.__lshift
                0x000035cc       0xa2 c:/program files (x86)/cypress/psoc creator/4.1/psoc creator/import/gnu/arm/5.4.1/bin/../lib/gcc/arm-none-eabi/5.4.1/../../../../arm-none-eabi/lib/armv7-m\libg_nano.a(lib_a-mprec.o)
                0x000035cc                __lshift
 .text.__mcmp   0x0000366e       0x38 c:/program files (x86)/cypress/psoc creator/4.1/psoc creator/import/gnu/arm/5.4.1/bin/../lib/gcc/arm-none-eabi/5.4.1/../../../../arm-none-eabi/lib/armv7-m\libg_nano.a(lib_a-mprec.o)
                0x0000366e                __mcmp
 .text.__mdiff  0x000036a6       0xbe c:/program files (x86)/cypress/psoc creator/4.1/psoc creator/import/gnu/arm/5.4.1/bin/../lib/gcc/arm-none-eabi/5.4.1/../../../../arm-none-eabi/lib/armv7-m\libg_nano.a(lib_a-mprec.o)
                0x000036a6                __mdiff
 .text.__d2b    0x00003764       0x9c c:/program files (x86)/cypress/psoc creator/4.1/psoc creator/import/gnu/arm/5.4.1/bin/../lib/gcc/arm-none-eabi/5.4.1/../../../../arm-none-eabi/lib/armv7-m\libg_nano.a(lib_a-mprec.o)
                0x00003764                __d2b
 .text._calloc_r
                0x00003800       0x1c c:/program files (x86)/cypress/psoc creator/4.1/psoc creator/import/gnu/arm/5.4.1/bin/../lib/gcc/arm-none-eabi/5.4.1/../../../../arm-none-eabi/lib/armv7-m\libg_nano.a(lib_a-nano-callocr.o)
                0x00003800                _calloc_r
 .text._free_r  0x0000381c       0x98 c:/program files (x86)/cypress/psoc creator/4.1/psoc creator/import/gnu/arm/5.4.1/bin/../lib/gcc/arm-none-eabi/5.4.1/../../../../arm-none-eabi/lib/armv7-m\libg_nano.a(lib_a-nano-freer.o)
                0x0000381c                _free_r
 .text._malloc_r
                0x000038b4       0xbc c:/program files (x86)/cypress/psoc creator/4.1/psoc creator/import/gnu/arm/5.4.1/bin/../lib/gcc/arm-none-eabi/5.4.1/../../../../arm-none-eabi/lib/armv7-m\libg_nano.a(lib_a-nano-mallocr.o)
                0x000038b4                _malloc_r
 .text.__ssputs_r
                0x00003970       0xb2 c:/program files (x86)/cypress/psoc creator/4.1/psoc creator/import/gnu/arm/5.4.1/bin/../lib/gcc/arm-none-eabi/5.4.1/../../../../arm-none-eabi/lib/armv7-m\libg_nano.a(lib_a-nano-svfprintf.o)
                0x00003970                __ssputs_r
 *fill*         0x00003a22        0x2 
 .text._svfprintf_r
                0x00003a24      0x1e8 c:/program files (x86)/cypress/psoc creator/4.1/psoc creator/import/gnu/arm/5.4.1/bin/../lib/gcc/arm-none-eabi/5.4.1/../../../../arm-none-eabi/lib/armv7-m\libg_nano.a(lib_a-nano-svfprintf.o)
                0x00003a24                _svfiprintf_r
                0x00003a24                _svfprintf_r
 .text._sbrk_r  0x00003c0c       0x20 c:/program files (x86)/cypress/psoc creator/4.1/psoc creator/import/gnu/arm/5.4.1/bin/../lib/gcc/arm-none-eabi/5.4.1/../../../../arm-none-eabi/lib/armv7-m\libg_nano.a(lib_a-sbrkr.o)
                0x00003c0c                _sbrk_r
 .text.memmove  0x00003c2c       0x36 c:/program files (x86)/cypress/psoc creator/4.1/psoc creator/import/gnu/arm/5.4.1/bin/../lib/gcc/arm-none-eabi/5.4.1/../../../../arm-none-eabi/lib/armv7-m\libg_nano.a(lib_a-memmove.o)
                0x00003c2c                memmove
 .text.__malloc_lock
                0x00003c62        0x2 c:/program files (x86)/cypress/psoc creator/4.1/psoc creator/import/gnu/arm/5.4.1/bin/../lib/gcc/arm-none-eabi/5.4.1/../../../../arm-none-eabi/lib/armv7-m\libg_nano.a(lib_a-mlock.o)
                0x00003c62                __malloc_lock
 .text.__malloc_unlock
                0x00003c64        0x2 c:/program files (x86)/cypress/psoc creator/4.1/psoc creator/import/gnu/arm/5.4.1/bin/../lib/gcc/arm-none-eabi/5.4.1/../../../../arm-none-eabi/lib/armv7-m\libg_nano.a(lib_a-mlock.o)
                0x00003c64                __malloc_unlock
 .text._realloc_r
                0x00003c66       0x4c c:/program files (x86)/cypress/psoc creator/4.1/psoc creator/import/gnu/arm/5.4.1/bin/../lib/gcc/arm-none-eabi/5.4.1/../../../../arm-none-eabi/lib/armv7-m\libg_nano.a(lib_a-nano-reallocr.o)
                0x00003c66                _realloc_r
 .text._malloc_usable_size_r
                0x00003cb2       0x14 c:/program files (x86)/cypress/psoc creator/4.1/psoc creator/import/gnu/arm/5.4.1/bin/../lib/gcc/arm-none-eabi/5.4.1/../../../../arm-none-eabi/lib/armv7-m\libg_nano.a(lib_a-nano-msizer.o)
                0x00003cb2                _malloc_usable_size_r
 *fill*         0x00003cc6        0x2 
 .text          0x00003cc8      0x110 c:/program files (x86)/cypress/psoc creator/4.1/psoc creator/import/gnu/arm/5.4.1/bin/../lib/gcc/arm-none-eabi/5.4.1/armv7-m\libgcc.a(_arm_cmpdf2.o)
                0x00003cc8                __gtdf2
                0x00003cc8                __gedf2
                0x00003cd0                __ltdf2
                0x00003cd0                __ledf2
                0x00003cd8                __nedf2
                0x00003cd8                __eqdf2
                0x00003cd8                __cmpdf2
                0x00003d54                __aeabi_cdrcmple
                0x00003d64                __aeabi_cdcmpeq
                0x00003d64                __aeabi_cdcmple
                0x00003d74                __aeabi_dcmpeq
                0x00003d88                __aeabi_dcmplt
                0x00003d9c                __aeabi_dcmple
                0x00003db0                __aeabi_dcmpge
                0x00003dc4                __aeabi_dcmpgt
 .text          0x00003dd8       0x2c c:/program files (x86)/cypress/psoc creator/4.1/psoc creator/import/gnu/arm/5.4.1/bin/../lib/gcc/arm-none-eabi/5.4.1/armv7-m\libgcc.a(_arm_unorddf2.o)
                0x00003dd8                __unorddf2
                0x00003dd8                __aeabi_dcmpun
 .text          0x00003e04       0x50 c:/program files (x86)/cypress/psoc creator/4.1/psoc creator/import/gnu/arm/5.4.1/bin/../lib/gcc/arm-none-eabi/5.4.1/armv7-m\libgcc.a(_arm_fixdfsi.o)
                0x00003e04                __aeabi_d2iz
                0x00003e04                __fixdfsi
 *(.plt)
 *(.gnu.warning)
 *(.glue_7t)
 .glue_7t       0x00003e54        0x0 linker stubs
 *(.glue_7)
 .glue_7        0x00003e54        0x0 linker stubs
 *(.vfp11_veneer)
 .vfp11_veneer  0x00003e54        0x0 linker stubs
 *(.bootloader)
 *(.ARM.extab* .gnu.linkonce.armextab.*)
 *(.gcc_except_table)

.v4_bx          0x00003e54        0x0
 .v4_bx         0x00003e54        0x0 linker stubs

.iplt           0x00003e54        0x0
 .iplt          0x00003e54        0x0 c:/program files (x86)/cypress/psoc creator/4.1/psoc creator/import/gnu/arm/5.4.1/bin/../lib/gcc/arm-none-eabi/5.4.1/armv7-m/crtbegin.o

.eh_frame_hdr
 *(.eh_frame_hdr)

.eh_frame       0x00003e54        0x4
 *(.eh_frame)
 .eh_frame      0x00003e54        0x0 c:/program files (x86)/cypress/psoc creator/4.1/psoc creator/import/gnu/arm/5.4.1/bin/../lib/gcc/arm-none-eabi/5.4.1/armv7-m/crtbegin.o
 .eh_frame      0x00003e54        0x4 c:/program files (x86)/cypress/psoc creator/4.1/psoc creator/import/gnu/arm/5.4.1/bin/../lib/gcc/arm-none-eabi/5.4.1/armv7-m/crtend.o
                [!provide]                PROVIDE (__exidx_start, .)

.ARM.exidx
 *(.ARM.exidx* .gnu.linkonce.armexidx.*)
                0x00003e58                __exidx_end = .

.rodata         0x00003e58      0x320
 *(.rodata .rodata.* .gnu.linkonce.r.*)
 .rodata.str1.4
                0x00003e58      0x15c .\CortexM3\ARM_GCC_541\Debug\main.o
                                0x15a (size before relaxing)
 .rodata        0x00003fb4       0x2a .\CortexM3\ARM_GCC_541\Debug\cyfitter_cfg.o
 .rodata.str1.1
                0x00003fde        0x2 c:/program files (x86)/cypress/psoc creator/4.1/psoc creator/import/gnu/arm/5.4.1/bin/../lib/gcc/arm-none-eabi/5.4.1/../../../../arm-none-eabi/lib/armv7-m\libg_nano.a(lib_a-impure.o)
 .rodata.str1.1
                0x00003fe0       0x12 c:/program files (x86)/cypress/psoc creator/4.1/psoc creator/import/gnu/arm/5.4.1/bin/../lib/gcc/arm-none-eabi/5.4.1/../../../../arm-none-eabi/lib/armv7-m\libg_nano.a(lib_a-nano-vfprintf_float.o)
 .rodata.str1.1
                0x00003ff2       0x22 c:/program files (x86)/cypress/psoc creator/4.1/psoc creator/import/gnu/arm/5.4.1/bin/../lib/gcc/arm-none-eabi/5.4.1/../../../../arm-none-eabi/lib/armv7-m\libg_nano.a(lib_a-nano-vfprintf_i.o)
 .rodata.str1.1
                0x00004014        0xd c:/program files (x86)/cypress/psoc creator/4.1/psoc creator/import/gnu/arm/5.4.1/bin/../lib/gcc/arm-none-eabi/5.4.1/../../../../arm-none-eabi/lib/armv7-m\libg_nano.a(lib_a-dtoa.o)
                                  0xf (size before relaxing)
 .rodata.str1.1
                0x00004021        0x8 c:/program files (x86)/cypress/psoc creator/4.1/psoc creator/import/gnu/arm/5.4.1/bin/../lib/gcc/arm-none-eabi/5.4.1/../../../../arm-none-eabi/lib/armv7-m\libg_nano.a(lib_a-locale.o)
                                  0xb (size before relaxing)
 *fill*         0x00004029        0x7 
 .rodata.__mprec_tens
                0x00004030       0xc8 c:/program files (x86)/cypress/psoc creator/4.1/psoc creator/import/gnu/arm/5.4.1/bin/../lib/gcc/arm-none-eabi/5.4.1/../../../../arm-none-eabi/lib/armv7-m\libg_nano.a(lib_a-mprec.o)
                0x00004030                __mprec_tens
 .rodata.p05.5408
                0x000040f8        0xc c:/program files (x86)/cypress/psoc creator/4.1/psoc creator/import/gnu/arm/5.4.1/bin/../lib/gcc/arm-none-eabi/5.4.1/../../../../arm-none-eabi/lib/armv7-m\libg_nano.a(lib_a-mprec.o)
 *fill*         0x00004104        0x4 
 .rodata.__mprec_bigtens
                0x00004108       0x28 c:/program files (x86)/cypress/psoc creator/4.1/psoc creator/import/gnu/arm/5.4.1/bin/../lib/gcc/arm-none-eabi/5.4.1/../../../../arm-none-eabi/lib/armv7-m\libg_nano.a(lib_a-mprec.o)
                0x00004108                __mprec_bigtens
 .rodata.str1.1
                0x00004130       0x11 c:/program files (x86)/cypress/psoc creator/4.1/psoc creator/import/gnu/arm/5.4.1/bin/../lib/gcc/arm-none-eabi/5.4.1/../../../../arm-none-eabi/lib/armv7-m\libg_nano.a(lib_a-nano-svfprintf.o)
                0x00004144                . = ALIGN (0x4)
 *fill*         0x00004141        0x3 
 *(.init)
 .init          0x00004144        0x4 c:/program files (x86)/cypress/psoc creator/4.1/psoc creator/import/gnu/arm/5.4.1/bin/../lib/gcc/arm-none-eabi/5.4.1/armv7-m/crti.o
                0x00004144                _init
 .init          0x00004148        0x8 c:/program files (x86)/cypress/psoc creator/4.1/psoc creator/import/gnu/arm/5.4.1/bin/../lib/gcc/arm-none-eabi/5.4.1/armv7-m/crtn.o
                0x00004150                . = ALIGN (0x4)
                0x00004150                __preinit_array_start = .
 *(.preinit_array)
                0x00004150                __preinit_array_end = .
                0x00004150                . = ALIGN (0x4)
                0x00004150                __init_array_start = .
 *(SORT(.init_array.*))
 *(.init_array)
 .init_array    0x00004150        0x4 c:/program files (x86)/cypress/psoc creator/4.1/psoc creator/import/gnu/arm/5.4.1/bin/../lib/gcc/arm-none-eabi/5.4.1/armv7-m/crtbegin.o
 .init_array    0x00004154        0x4 .\CortexM3\ARM_GCC_541\Debug\Cm3Start.o
                0x00004158                __init_array_end = .
                0x00004158                . = ALIGN (0x4)
 *(.fini)
 .fini          0x00004158        0x4 c:/program files (x86)/cypress/psoc creator/4.1/psoc creator/import/gnu/arm/5.4.1/bin/../lib/gcc/arm-none-eabi/5.4.1/armv7-m/crti.o
                0x00004158                _fini
 .fini          0x0000415c        0x8 c:/program files (x86)/cypress/psoc creator/4.1/psoc creator/import/gnu/arm/5.4.1/bin/../lib/gcc/arm-none-eabi/5.4.1/armv7-m/crtn.o
                0x00004164                . = ALIGN (0x4)
                0x00004164                __fini_array_start = .
 *(.fini_array)
 .fini_array    0x00004164        0x4 c:/program files (x86)/cypress/psoc creator/4.1/psoc creator/import/gnu/arm/5.4.1/bin/../lib/gcc/arm-none-eabi/5.4.1/armv7-m/crtbegin.o
 *(SORT(.fini_array.*))
                0x00004168                __fini_array_end = .
                0x00004168                . = ALIGN (0x4)
 *crtbegin.o(.ctors)
 *(EXCLUDE_FILE(*crtend.o) .ctors)
 *(SORT(.ctors.*))
 *crtend.o(.ctors)
                0x00004168                . = ALIGN (0x4)
 *crtbegin.o(.dtors)
 *(EXCLUDE_FILE(*crtend.o) .dtors)
 *(SORT(.dtors.*))
 *crtend.o(.dtors)
                0x00004168                . = ALIGN (0x4)
                0x00004168                __cy_regions = .
                0x00004168        0x4 LONG 0x4178 __cy_region_init_ram
                0x0000416c        0x4 LONG 0x1fff80c8 __cy_region_start_data
                0x00004170        0x4 LONG 0xc0 __cy_region_init_size_ram
                0x00004174        0x4 LONG 0x48 __cy_region_zero_size_ram
                0x00004178                __cy_regions_end = .
                0x00004178                . = ALIGN (0x8)
                0x00004178                _etext = .

.cy_checksum_exclude
                0x00004178        0x0
 *(.cy_checksum_exclude)

.ramvectors     0x1fff8000       0xc0
                0x1fff8000                __cy_region_start_ram = .
 *(.ramvectors)
 .ramvectors    0x1fff8000       0xc0 .\CortexM3\ARM_GCC_541\Debug\Cm3Start.o
                0x1fff8000                CyRamVectors

.noinit         0x1fff80c0        0x1
 *(.noinit)
 .noinit        0x1fff80c0        0x1 .\CortexM3\ARM_GCC_541\Debug\DC-Motor-PWM.a(CyLib.o)
                0x1fff80c0                CyResetStatus

.data           0x1fff80c8       0xc0 load address 0x00004178
                0x1fff80c8                __cy_region_start_data = .
 *(.jcr)
 .jcr           0x1fff80c8        0x0 c:/program files (x86)/cypress/psoc creator/4.1/psoc creator/import/gnu/arm/5.4.1/bin/../lib/gcc/arm-none-eabi/5.4.1/armv7-m/crtbegin.o
 .jcr           0x1fff80c8        0x4 c:/program files (x86)/cypress/psoc creator/4.1/psoc creator/import/gnu/arm/5.4.1/bin/../lib/gcc/arm-none-eabi/5.4.1/armv7-m/crtend.o
 *(.got.plt)
 *(.got)
 *(.shdata)
 *(.data .data.* .gnu.linkonce.d.*)
 .data          0x1fff80cc        0xc .\CortexM3\ARM_GCC_541\Debug\main.o
                0x1fff80cc                speed
                0x1fff80cd                forward
                0x1fff80d0                backTimer
                0x1fff80d4                turnSpeed
 .data          0x1fff80d8        0x4 .\CortexM3\ARM_GCC_541\Debug\Cm3Start.o
 .data          0x1fff80dc       0x10 .\CortexM3\ARM_GCC_541\Debug\DC-Motor-PWM.a(CyLib.o)
                0x1fff80dc                cydelay_32k_ms
                0x1fff80e0                cydelay_freq_khz
                0x1fff80e4                cydelay_freq_mhz
                0x1fff80e8                cydelay_freq_hz
 .data.impure_data
                0x1fff80ec       0x60 c:/program files (x86)/cypress/psoc creator/4.1/psoc creator/import/gnu/arm/5.4.1/bin/../lib/gcc/arm-none-eabi/5.4.1/../../../../arm-none-eabi/lib/armv7-m\libg_nano.a(lib_a-impure.o)
 .data._impure_ptr
                0x1fff814c        0x4 c:/program files (x86)/cypress/psoc creator/4.1/psoc creator/import/gnu/arm/5.4.1/bin/../lib/gcc/arm-none-eabi/5.4.1/../../../../arm-none-eabi/lib/armv7-m\libg_nano.a(lib_a-impure.o)
                0x1fff814c                _impure_ptr
 .data.lconv    0x1fff8150       0x38 c:/program files (x86)/cypress/psoc creator/4.1/psoc creator/import/gnu/arm/5.4.1/bin/../lib/gcc/arm-none-eabi/5.4.1/../../../../arm-none-eabi/lib/armv7-m\libg_nano.a(lib_a-locale.o)
                0x1fff8188                . = ALIGN (0x8)
 *(.ram)
                0x1fff8188                _edata = .

.igot.plt       0x1fff8188        0x0 load address 0x00004238
 .igot.plt      0x1fff8188        0x0 c:/program files (x86)/cypress/psoc creator/4.1/psoc creator/import/gnu/arm/5.4.1/bin/../lib/gcc/arm-none-eabi/5.4.1/armv7-m/crtbegin.o

.bss            0x1fff8188       0x48 load address 0x00004238
                0x1fff8188                PROVIDE (__bss_start__, .)
 *(.shbss)
 *(.bss .bss.* .gnu.linkonce.b.*)
 .bss           0x1fff8188       0x1c c:/program files (x86)/cypress/psoc creator/4.1/psoc creator/import/gnu/arm/5.4.1/bin/../lib/gcc/arm-none-eabi/5.4.1/armv7-m/crtbegin.o
 .bss           0x1fff81a4        0x6 .\CortexM3\ARM_GCC_541\Debug\main.o
                0x1fff81a4                received
                0x1fff81a5                intFlag
                0x1fff81a6                sensor
                0x1fff81a8                offsetADC
 .bss           0x1fff81aa        0x2 .\CortexM3\ARM_GCC_541\Debug\DC-Motor-PWM.a(UART_1.o)
                0x1fff81aa                UART_1_initVar
 .bss           0x1fff81ac        0x1 .\CortexM3\ARM_GCC_541\Debug\DC-Motor-PWM.a(PWM_M1.o)
                0x1fff81ac                PWM_M1_initVar
 .bss           0x1fff81ad        0x1 .\CortexM3\ARM_GCC_541\Debug\DC-Motor-PWM.a(PWM_M2.o)
                0x1fff81ad                PWM_M2_initVar
 .bss           0x1fff81ae        0x1 .\CortexM3\ARM_GCC_541\Debug\DC-Motor-PWM.a(PWM_P.o)
                0x1fff81ae                PWM_P_initVar
 .bss           0x1fff81af        0x1 .\CortexM3\ARM_GCC_541\Debug\DC-Motor-PWM.a(SPI_Slave.o)
                0x1fff81af                SPI_Slave_initVar
 .bss           0x1fff81b0        0x1 .\CortexM3\ARM_GCC_541\Debug\DC-Motor-PWM.a(PWM_M3.o)
                0x1fff81b0                PWM_M3_initVar
 .bss           0x1fff81b1        0x1 .\CortexM3\ARM_GCC_541\Debug\DC-Motor-PWM.a(PWM_M4.o)
                0x1fff81b1                PWM_M4_initVar
 .bss           0x1fff81b2        0x1 .\CortexM3\ARM_GCC_541\Debug\DC-Motor-PWM.a(ADC_SAR_1.o)
                0x1fff81b2                ADC_SAR_1_initVar
 *fill*         0x1fff81b3        0x1 
 .bss.__malloc_sbrk_start
                0x1fff81b4        0x4 c:/program files (x86)/cypress/psoc creator/4.1/psoc creator/import/gnu/arm/5.4.1/bin/../lib/gcc/arm-none-eabi/5.4.1/../../../../arm-none-eabi/lib/armv7-m\libg_nano.a(lib_a-nano-mallocr.o)
                0x1fff81b4                __malloc_sbrk_start
 .bss.__malloc_free_list
                0x1fff81b8        0x4 c:/program files (x86)/cypress/psoc creator/4.1/psoc creator/import/gnu/arm/5.4.1/bin/../lib/gcc/arm-none-eabi/5.4.1/../../../../arm-none-eabi/lib/armv7-m\libg_nano.a(lib_a-nano-mallocr.o)
                0x1fff81b8                __malloc_free_list
 *(COMMON)
 COMMON         0x1fff81bc        0xa .\CortexM3\ARM_GCC_541\Debug\DC-Motor-PWM.a(ADC_SAR_1.o)
                0x1fff81bc                ADC_SAR_1_countsPerVolt
                0x1fff81be                ADC_SAR_1_shift
                0x1fff81c0                ADC_SAR_1_countsPer10Volt
                0x1fff81c4                ADC_SAR_1_offset
 *fill*         0x1fff81c6        0x2 
 COMMON         0x1fff81c8        0x4 c:/program files (x86)/cypress/psoc creator/4.1/psoc creator/import/gnu/arm/5.4.1/bin/../lib/gcc/arm-none-eabi/5.4.1/../../../../arm-none-eabi/lib/armv7-m\libg_nano.a(lib_a-reent.o)
                0x1fff81c8                errno
                0x1fff81d0                . = ALIGN (0x8)
 *fill*         0x1fff81cc        0x4 
 *(.ram.b)
                0x1fff81d0                _end = .
                0x1fff81d0                __end = .
                0x1fff81d0                PROVIDE (end, .)
                0x1fff81d0                PROVIDE (__bss_end__, .)
                0x00004178                __cy_region_init_ram = LOADADDR (.data)
                0x000000c0                __cy_region_init_size_ram = (_edata - ADDR (.data))
                0x00000048                __cy_region_zero_size_ram = (_end - _edata)

.heap           0x1fff81d0      0x200 load address 0x00004238
                0x1fff81d0                . = _end
                0x1fff83d0                . = (. + 0x200)
 *fill*         0x1fff81d0      0x200 
                0x1fff83d0                __cy_heap_limit = .

.stack          0x20007800      0x800
                0x20007800                __cy_stack_limit = .
                0x20008000                . = (. + 0x800)
 *fill*         0x20007800      0x800 
                0x00000001                ASSERT ((__cy_stack_limit >= __cy_heap_limit), region RAM overflowed with stack)
                0x00000000                cy_checksum_exclude_size = (CY_APPL_LOADABLE == 0x1)?SIZEOF (.cy_checksum_exclude):0x0
                0x00000001                ASSERT ((cy_checksum_exclude_size <= CY_CHECKSUM_EXCLUDE_SIZE), CY_BOOT: Section .cy_checksum_exclude size exceedes specified limit.)

.cyloadermeta
 *(.cyloadermeta)

.cyloadablemeta
 *(.cyloadablemeta)

.cyconfigecc    0x80000000      0x8e4
 *(.cyconfigecc)
 .cyconfigecc   0x80000000      0x8e4 .\CortexM3\ARM_GCC_541\Debug\cymetadata.o
                0x80000000                cy_meta_configecc

.cycustnvl      0x90000000        0x4
 *(.cycustnvl)
 .cycustnvl     0x90000000        0x4 .\CortexM3\ARM_GCC_541\Debug\cymetadata.o
                0x90000000                cy_meta_custnvl

.cywolatch      0x90100000        0x4
 *(.cywolatch)
 .cywolatch     0x90100000        0x4 .\CortexM3\ARM_GCC_541\Debug\cymetadata.o
                0x90100000                cy_meta_wonvl

.cyeeprom       0x90200000        0x0
 *(.cyeeprom)
                0x00000001                ASSERT ((. <= ((0x90200000 + ee_offset) + ee_size)), .cyeeprom data will not fit in EEPROM)

.cyflashprotect
                0x90400000      0x100
 *(.cyflashprotect)
 .cyflashprotect
                0x90400000      0x100 .\CortexM3\ARM_GCC_541\Debug\cymetadata.o
                0x90400000                cy_meta_flashprotect

.cymeta         0x90500000        0xc
 *(.cymeta)
 .cymeta        0x90500000        0xc .\CortexM3\ARM_GCC_541\Debug\cymetadata.o
                0x90500000                cy_metadata

.rel.dyn        0x00004238        0x0 load address 0x9050000c
 .rel.iplt      0x00004238        0x0 c:/program files (x86)/cypress/psoc creator/4.1/psoc creator/import/gnu/arm/5.4.1/bin/../lib/gcc/arm-none-eabi/5.4.1/armv7-m/crtbegin.o

.stab
 *(.stab)

.stabstr
 *(.stabstr)

.debug
 *(.debug)

.line
 *(.line)

.debug_srcinfo
 *(.debug_srcinfo)

.debug_sfnames
 *(.debug_sfnames)

.debug_aranges  0x00000000      0xdd8
 *(.debug_aranges)
 .debug_aranges
                0x00000000       0x78 .\CortexM3\ARM_GCC_541\Debug\main.o
 .debug_aranges
                0x00000078       0x58 .\CortexM3\ARM_GCC_541\Debug\cyfitter_cfg.o
 .debug_aranges
                0x000000d0       0x18 .\CortexM3\ARM_GCC_541\Debug\cymetadata.o
 .debug_aranges
                0x000000e8       0x48 .\CortexM3\ARM_GCC_541\Debug\Cm3Start.o
 .debug_aranges
                0x00000130       0xf0 .\CortexM3\ARM_GCC_541\Debug\DC-Motor-PWM.a(UART_1.o)
 .debug_aranges
                0x00000220       0x80 .\CortexM3\ARM_GCC_541\Debug\DC-Motor-PWM.a(isr_uart_rx.o)
 .debug_aranges
                0x000002a0       0x70 .\CortexM3\ARM_GCC_541\Debug\DC-Motor-PWM.a(UART_1_IntClock.o)
 .debug_aranges
                0x00000310      0x2a0 .\CortexM3\ARM_GCC_541\Debug\DC-Motor-PWM.a(CyLib.o)
 .debug_aranges
                0x000005b0       0x98 .\CortexM3\ARM_GCC_541\Debug\DC-Motor-PWM.a(cyPm.o)
 .debug_aranges
                0x00000648       0x48 .\CortexM3\ARM_GCC_541\Debug\DC-Motor-PWM.a(Pin_1.o)
 .debug_aranges
                0x00000690       0x98 .\CortexM3\ARM_GCC_541\Debug\DC-Motor-PWM.a(PWM_M1.o)
 .debug_aranges
                0x00000728       0x98 .\CortexM3\ARM_GCC_541\Debug\DC-Motor-PWM.a(PWM_M2.o)
 .debug_aranges
                0x000007c0       0x98 .\CortexM3\ARM_GCC_541\Debug\DC-Motor-PWM.a(PWM_P.o)
 .debug_aranges
                0x00000858       0xd8 .\CortexM3\ARM_GCC_541\Debug\DC-Motor-PWM.a(SPI_Slave.o)
 .debug_aranges
                0x00000930       0x28 .\CortexM3\ARM_GCC_541\Debug\DC-Motor-PWM.a(SPI_Slave_INT.o)
 .debug_aranges
                0x00000958       0x80 .\CortexM3\ARM_GCC_541\Debug\DC-Motor-PWM.a(ISR_SPI.o)
 .debug_aranges
                0x000009d8       0x98 .\CortexM3\ARM_GCC_541\Debug\DC-Motor-PWM.a(PWM_M3.o)
 .debug_aranges
                0x00000a70       0x98 .\CortexM3\ARM_GCC_541\Debug\DC-Motor-PWM.a(PWM_M4.o)
 .debug_aranges
                0x00000b08       0x80 .\CortexM3\ARM_GCC_541\Debug\DC-Motor-PWM.a(isr_1.o)
 .debug_aranges
                0x00000b88       0xa8 .\CortexM3\ARM_GCC_541\Debug\DC-Motor-PWM.a(ADC_SAR_1.o)
 .debug_aranges
                0x00000c30       0x20 .\CortexM3\ARM_GCC_541\Debug\DC-Motor-PWM.a(ADC_SAR_1_INT.o)
 .debug_aranges
                0x00000c50       0x70 .\CortexM3\ARM_GCC_541\Debug\DC-Motor-PWM.a(ADC_SAR_1_theACLK.o)
 .debug_aranges
                0x00000cc0       0x20 .\CortexM3\ARM_GCC_541\Debug\DC-Motor-PWM.a(CyBootAsmGnu.o)
 .debug_aranges
                0x00000ce0       0x80 .\CortexM3\ARM_GCC_541\Debug\DC-Motor-PWM.a(CyFlash.o)
 .debug_aranges
                0x00000d60       0x78 .\CortexM3\ARM_GCC_541\Debug\DC-Motor-PWM.a(CySpc.o)

.debug_pubnames
 *(.debug_pubnames)

.debug_info     0x00000000     0x6d72
 *(.debug_info .gnu.linkonce.wi.*)
 .debug_info    0x00000000      0x99d .\CortexM3\ARM_GCC_541\Debug\main.o
 .debug_info    0x0000099d      0x4ff .\CortexM3\ARM_GCC_541\Debug\cyfitter_cfg.o
 .debug_info    0x00000e9c      0x139 .\CortexM3\ARM_GCC_541\Debug\cymetadata.o
 .debug_info    0x00000fd5      0x3b5 .\CortexM3\ARM_GCC_541\Debug\Cm3Start.o
 .debug_info    0x0000138a      0x60c .\CortexM3\ARM_GCC_541\Debug\DC-Motor-PWM.a(UART_1.o)
 .debug_info    0x00001996      0x2d2 .\CortexM3\ARM_GCC_541\Debug\DC-Motor-PWM.a(isr_uart_rx.o)
 .debug_info    0x00001c68      0x283 .\CortexM3\ARM_GCC_541\Debug\DC-Motor-PWM.a(UART_1_IntClock.o)
 .debug_info    0x00001eeb     0x1374 .\CortexM3\ARM_GCC_541\Debug\DC-Motor-PWM.a(CyLib.o)
 .debug_info    0x0000325f      0xa1d .\CortexM3\ARM_GCC_541\Debug\DC-Motor-PWM.a(cyPm.o)
 .debug_info    0x00003c7c      0x174 .\CortexM3\ARM_GCC_541\Debug\DC-Motor-PWM.a(Pin_1.o)
 .debug_info    0x00003df0      0x334 .\CortexM3\ARM_GCC_541\Debug\DC-Motor-PWM.a(PWM_M1.o)
 .debug_info    0x00004124      0x334 .\CortexM3\ARM_GCC_541\Debug\DC-Motor-PWM.a(PWM_M2.o)
 .debug_info    0x00004458      0x334 .\CortexM3\ARM_GCC_541\Debug\DC-Motor-PWM.a(PWM_P.o)
 .debug_info    0x0000478c      0x4f3 .\CortexM3\ARM_GCC_541\Debug\DC-Motor-PWM.a(SPI_Slave.o)
 .debug_info    0x00004c7f       0xb1 .\CortexM3\ARM_GCC_541\Debug\DC-Motor-PWM.a(SPI_Slave_INT.o)
 .debug_info    0x00004d30      0x2d2 .\CortexM3\ARM_GCC_541\Debug\DC-Motor-PWM.a(ISR_SPI.o)
 .debug_info    0x00005002      0x334 .\CortexM3\ARM_GCC_541\Debug\DC-Motor-PWM.a(PWM_M3.o)
 .debug_info    0x00005336      0x334 .\CortexM3\ARM_GCC_541\Debug\DC-Motor-PWM.a(PWM_M4.o)
 .debug_info    0x0000566a      0x2d2 .\CortexM3\ARM_GCC_541\Debug\DC-Motor-PWM.a(isr_1.o)
 .debug_info    0x0000593c      0x5c0 .\CortexM3\ARM_GCC_541\Debug\DC-Motor-PWM.a(ADC_SAR_1.o)
 .debug_info    0x00005efc       0x92 .\CortexM3\ARM_GCC_541\Debug\DC-Motor-PWM.a(ADC_SAR_1_INT.o)
 .debug_info    0x00005f8e      0x283 .\CortexM3\ARM_GCC_541\Debug\DC-Motor-PWM.a(ADC_SAR_1_theACLK.o)
 .debug_info    0x00006211       0xc0 .\CortexM3\ARM_GCC_541\Debug\DC-Motor-PWM.a(CyBootAsmGnu.o)
 .debug_info    0x000062d1      0x5b8 .\CortexM3\ARM_GCC_541\Debug\DC-Motor-PWM.a(CyFlash.o)
 .debug_info    0x00006889      0x4e9 .\CortexM3\ARM_GCC_541\Debug\DC-Motor-PWM.a(CySpc.o)

.debug_abbrev   0x00000000     0x1f55
 *(.debug_abbrev)
 .debug_abbrev  0x00000000      0x15b .\CortexM3\ARM_GCC_541\Debug\main.o
 .debug_abbrev  0x0000015b      0x1fe .\CortexM3\ARM_GCC_541\Debug\cyfitter_cfg.o
 .debug_abbrev  0x00000359       0x77 .\CortexM3\ARM_GCC_541\Debug\cymetadata.o
 .debug_abbrev  0x000003d0      0x1e8 .\CortexM3\ARM_GCC_541\Debug\Cm3Start.o
 .debug_abbrev  0x000005b8      0x175 .\CortexM3\ARM_GCC_541\Debug\DC-Motor-PWM.a(UART_1.o)
 .debug_abbrev  0x0000072d      0x173 .\CortexM3\ARM_GCC_541\Debug\DC-Motor-PWM.a(isr_uart_rx.o)
 .debug_abbrev  0x000008a0      0x139 .\CortexM3\ARM_GCC_541\Debug\DC-Motor-PWM.a(UART_1_IntClock.o)
 .debug_abbrev  0x000009d9      0x254 .\CortexM3\ARM_GCC_541\Debug\DC-Motor-PWM.a(CyLib.o)
 .debug_abbrev  0x00000c2d      0x1ab .\CortexM3\ARM_GCC_541\Debug\DC-Motor-PWM.a(cyPm.o)
 .debug_abbrev  0x00000dd8       0x90 .\CortexM3\ARM_GCC_541\Debug\DC-Motor-PWM.a(Pin_1.o)
 .debug_abbrev  0x00000e68      0x133 .\CortexM3\ARM_GCC_541\Debug\DC-Motor-PWM.a(PWM_M1.o)
 .debug_abbrev  0x00000f9b      0x133 .\CortexM3\ARM_GCC_541\Debug\DC-Motor-PWM.a(PWM_M2.o)
 .debug_abbrev  0x000010ce      0x133 .\CortexM3\ARM_GCC_541\Debug\DC-Motor-PWM.a(PWM_P.o)
 .debug_abbrev  0x00001201      0x15f .\CortexM3\ARM_GCC_541\Debug\DC-Motor-PWM.a(SPI_Slave.o)
 .debug_abbrev  0x00001360       0x42 .\CortexM3\ARM_GCC_541\Debug\DC-Motor-PWM.a(SPI_Slave_INT.o)
 .debug_abbrev  0x000013a2      0x173 .\CortexM3\ARM_GCC_541\Debug\DC-Motor-PWM.a(ISR_SPI.o)
 .debug_abbrev  0x00001515      0x133 .\CortexM3\ARM_GCC_541\Debug\DC-Motor-PWM.a(PWM_M3.o)
 .debug_abbrev  0x00001648      0x133 .\CortexM3\ARM_GCC_541\Debug\DC-Motor-PWM.a(PWM_M4.o)
 .debug_abbrev  0x0000177b      0x173 .\CortexM3\ARM_GCC_541\Debug\DC-Motor-PWM.a(isr_1.o)
 .debug_abbrev  0x000018ee      0x1ac .\CortexM3\ARM_GCC_541\Debug\DC-Motor-PWM.a(ADC_SAR_1.o)
 .debug_abbrev  0x00001a9a       0x42 .\CortexM3\ARM_GCC_541\Debug\DC-Motor-PWM.a(ADC_SAR_1_INT.o)
 .debug_abbrev  0x00001adc      0x139 .\CortexM3\ARM_GCC_541\Debug\DC-Motor-PWM.a(ADC_SAR_1_theACLK.o)
 .debug_abbrev  0x00001c15       0x14 .\CortexM3\ARM_GCC_541\Debug\DC-Motor-PWM.a(CyBootAsmGnu.o)
 .debug_abbrev  0x00001c29      0x198 .\CortexM3\ARM_GCC_541\Debug\DC-Motor-PWM.a(CyFlash.o)
 .debug_abbrev  0x00001dc1      0x194 .\CortexM3\ARM_GCC_541\Debug\DC-Motor-PWM.a(CySpc.o)

.debug_line     0x00000000     0x2fe5
 *(.debug_line)
 .debug_line    0x00000000      0x3b4 .\CortexM3\ARM_GCC_541\Debug\main.o
 .debug_line    0x000003b4      0x1eb .\CortexM3\ARM_GCC_541\Debug\cyfitter_cfg.o
 .debug_line    0x0000059f      0x141 .\CortexM3\ARM_GCC_541\Debug\cymetadata.o
 .debug_line    0x000006e0      0x234 .\CortexM3\ARM_GCC_541\Debug\Cm3Start.o
 .debug_line    0x00000914      0x2c0 .\CortexM3\ARM_GCC_541\Debug\DC-Motor-PWM.a(UART_1.o)
 .debug_line    0x00000bd4      0x138 .\CortexM3\ARM_GCC_541\Debug\DC-Motor-PWM.a(isr_uart_rx.o)
 .debug_line    0x00000d0c      0x17e .\CortexM3\ARM_GCC_541\Debug\DC-Motor-PWM.a(UART_1_IntClock.o)
 .debug_line    0x00000e8a      0x816 .\CortexM3\ARM_GCC_541\Debug\DC-Motor-PWM.a(CyLib.o)
 .debug_line    0x000016a0      0x364 .\CortexM3\ARM_GCC_541\Debug\DC-Motor-PWM.a(cyPm.o)
 .debug_line    0x00001a04       0xb9 .\CortexM3\ARM_GCC_541\Debug\DC-Motor-PWM.a(Pin_1.o)
 .debug_line    0x00001abd      0x186 .\CortexM3\ARM_GCC_541\Debug\DC-Motor-PWM.a(PWM_M1.o)
 .debug_line    0x00001c43      0x186 .\CortexM3\ARM_GCC_541\Debug\DC-Motor-PWM.a(PWM_M2.o)
 .debug_line    0x00001dc9      0x185 .\CortexM3\ARM_GCC_541\Debug\DC-Motor-PWM.a(PWM_P.o)
 .debug_line    0x00001f4e      0x240 .\CortexM3\ARM_GCC_541\Debug\DC-Motor-PWM.a(SPI_Slave.o)
 .debug_line    0x0000218e       0x66 .\CortexM3\ARM_GCC_541\Debug\DC-Motor-PWM.a(SPI_Slave_INT.o)
 .debug_line    0x000021f4      0x134 .\CortexM3\ARM_GCC_541\Debug\DC-Motor-PWM.a(ISR_SPI.o)
 .debug_line    0x00002328      0x186 .\CortexM3\ARM_GCC_541\Debug\DC-Motor-PWM.a(PWM_M3.o)
 .debug_line    0x000024ae      0x186 .\CortexM3\ARM_GCC_541\Debug\DC-Motor-PWM.a(PWM_M4.o)
 .debug_line    0x00002634      0x132 .\CortexM3\ARM_GCC_541\Debug\DC-Motor-PWM.a(isr_1.o)
 .debug_line    0x00002766      0x21e .\CortexM3\ARM_GCC_541\Debug\DC-Motor-PWM.a(ADC_SAR_1.o)
 .debug_line    0x00002984       0x56 .\CortexM3\ARM_GCC_541\Debug\DC-Motor-PWM.a(ADC_SAR_1_INT.o)
 .debug_line    0x000029da      0x180 .\CortexM3\ARM_GCC_541\Debug\DC-Motor-PWM.a(ADC_SAR_1_theACLK.o)
 .debug_line    0x00002b5a       0x66 .\CortexM3\ARM_GCC_541\Debug\DC-Motor-PWM.a(CyBootAsmGnu.o)
 .debug_line    0x00002bc0      0x1e9 .\CortexM3\ARM_GCC_541\Debug\DC-Motor-PWM.a(CyFlash.o)
 .debug_line    0x00002da9      0x23c .\CortexM3\ARM_GCC_541\Debug\DC-Motor-PWM.a(CySpc.o)

.debug_frame    0x00000000     0x2928
 *(.debug_frame)
 .debug_frame   0x00000000      0x168 .\CortexM3\ARM_GCC_541\Debug\main.o
 .debug_frame   0x00000168       0xe4 .\CortexM3\ARM_GCC_541\Debug\cyfitter_cfg.o
 .debug_frame   0x0000024c       0xb8 .\CortexM3\ARM_GCC_541\Debug\Cm3Start.o
 .debug_frame   0x00000304      0x250 .\CortexM3\ARM_GCC_541\Debug\DC-Motor-PWM.a(UART_1.o)
 .debug_frame   0x00000554      0x104 .\CortexM3\ARM_GCC_541\Debug\DC-Motor-PWM.a(isr_uart_rx.o)
 .debug_frame   0x00000658       0xe0 .\CortexM3\ARM_GCC_541\Debug\DC-Motor-PWM.a(UART_1_IntClock.o)
 .debug_frame   0x00000738      0x738 .\CortexM3\ARM_GCC_541\Debug\DC-Motor-PWM.a(CyLib.o)
 .debug_frame   0x00000e70      0x1f8 .\CortexM3\ARM_GCC_541\Debug\DC-Motor-PWM.a(cyPm.o)
 .debug_frame   0x00001068       0x70 .\CortexM3\ARM_GCC_541\Debug\DC-Motor-PWM.a(Pin_1.o)
 .debug_frame   0x000010d8      0x134 .\CortexM3\ARM_GCC_541\Debug\DC-Motor-PWM.a(PWM_M1.o)
 .debug_frame   0x0000120c      0x134 .\CortexM3\ARM_GCC_541\Debug\DC-Motor-PWM.a(PWM_M2.o)
 .debug_frame   0x00001340      0x134 .\CortexM3\ARM_GCC_541\Debug\DC-Motor-PWM.a(PWM_P.o)
 .debug_frame   0x00001474      0x1e8 .\CortexM3\ARM_GCC_541\Debug\DC-Motor-PWM.a(SPI_Slave.o)
 .debug_frame   0x0000165c       0x30 .\CortexM3\ARM_GCC_541\Debug\DC-Motor-PWM.a(SPI_Slave_INT.o)
 .debug_frame   0x0000168c      0x104 .\CortexM3\ARM_GCC_541\Debug\DC-Motor-PWM.a(ISR_SPI.o)
 .debug_frame   0x00001790      0x134 .\CortexM3\ARM_GCC_541\Debug\DC-Motor-PWM.a(PWM_M3.o)
 .debug_frame   0x000018c4      0x134 .\CortexM3\ARM_GCC_541\Debug\DC-Motor-PWM.a(PWM_M4.o)
 .debug_frame   0x000019f8      0x104 .\CortexM3\ARM_GCC_541\Debug\DC-Motor-PWM.a(isr_1.o)
 .debug_frame   0x00001afc      0x1b4 .\CortexM3\ARM_GCC_541\Debug\DC-Motor-PWM.a(ADC_SAR_1.o)
 .debug_frame   0x00001cb0       0x20 .\CortexM3\ARM_GCC_541\Debug\DC-Motor-PWM.a(ADC_SAR_1_INT.o)
 .debug_frame   0x00001cd0       0xe0 .\CortexM3\ARM_GCC_541\Debug\DC-Motor-PWM.a(ADC_SAR_1_theACLK.o)
 .debug_frame   0x00001db0      0x174 .\CortexM3\ARM_GCC_541\Debug\DC-Motor-PWM.a(CyFlash.o)
 .debug_frame   0x00001f24      0x160 .\CortexM3\ARM_GCC_541\Debug\DC-Motor-PWM.a(CySpc.o)
 .debug_frame   0x00002084       0x44 c:/program files (x86)/cypress/psoc creator/4.1/psoc creator/import/gnu/arm/5.4.1/bin/../lib/gcc/arm-none-eabi/5.4.1/armv7-m\libgcc.a(_aeabi_ldivmod.o)
 .debug_frame   0x000020c8       0x38 c:/program files (x86)/cypress/psoc creator/4.1/psoc creator/import/gnu/arm/5.4.1/bin/../lib/gcc/arm-none-eabi/5.4.1/armv7-m\libgcc.a(_udivmoddi4.o)
 .debug_frame   0x00002100       0x20 c:/program files (x86)/cypress/psoc creator/4.1/psoc creator/import/gnu/arm/5.4.1/bin/../lib/gcc/arm-none-eabi/5.4.1/../../../../arm-none-eabi/lib/armv7-m\libg_nano.a(lib_a-errno.o)
 .debug_frame   0x00002120       0x28 c:/program files (x86)/cypress/psoc creator/4.1/psoc creator/import/gnu/arm/5.4.1/bin/../lib/gcc/arm-none-eabi/5.4.1/../../../../arm-none-eabi/lib/armv7-m\libg_nano.a(lib_a-exit.o)
 .debug_frame   0x00002148       0x2c c:/program files (x86)/cypress/psoc creator/4.1/psoc creator/import/gnu/arm/5.4.1/bin/../lib/gcc/arm-none-eabi/5.4.1/../../../../arm-none-eabi/lib/armv7-m\libg_nano.a(lib_a-init.o)
 .debug_frame   0x00002174       0x28 c:/program files (x86)/cypress/psoc creator/4.1/psoc creator/import/gnu/arm/5.4.1/bin/../lib/gcc/arm-none-eabi/5.4.1/../../../../arm-none-eabi/lib/armv7-m\libg_nano.a(lib_a-memcpy-stub.o)
 .debug_frame   0x0000219c       0x20 c:/program files (x86)/cypress/psoc creator/4.1/psoc creator/import/gnu/arm/5.4.1/bin/../lib/gcc/arm-none-eabi/5.4.1/../../../../arm-none-eabi/lib/armv7-m\libg_nano.a(lib_a-memset.o)
 .debug_frame   0x000021bc       0x8c c:/program files (x86)/cypress/psoc creator/4.1/psoc creator/import/gnu/arm/5.4.1/bin/../lib/gcc/arm-none-eabi/5.4.1/../../../../arm-none-eabi/lib/armv7-m\libg_nano.a(lib_a-nano-vfprintf_float.o)
 .debug_frame   0x00002248       0x60 c:/program files (x86)/cypress/psoc creator/4.1/psoc creator/import/gnu/arm/5.4.1/bin/../lib/gcc/arm-none-eabi/5.4.1/../../../../arm-none-eabi/lib/armv7-m\libg_nano.a(lib_a-nano-vfprintf_i.o)
 .debug_frame   0x000022a8       0x74 c:/program files (x86)/cypress/psoc creator/4.1/psoc creator/import/gnu/arm/5.4.1/bin/../lib/gcc/arm-none-eabi/5.4.1/../../../../arm-none-eabi/lib/armv7-m\libg_nano.a(lib_a-snprintf.o)
 .debug_frame   0x0000231c       0x6c c:/program files (x86)/cypress/psoc creator/4.1/psoc creator/import/gnu/arm/5.4.1/bin/../lib/gcc/arm-none-eabi/5.4.1/../../../../arm-none-eabi/lib/armv7-m\libg_nano.a(lib_a-dtoa.o)
 .debug_frame   0x00002388       0x98 c:/program files (x86)/cypress/psoc creator/4.1/psoc creator/import/gnu/arm/5.4.1/bin/../lib/gcc/arm-none-eabi/5.4.1/../../../../arm-none-eabi/lib/armv7-m\libg_nano.a(lib_a-locale.o)
 .debug_frame   0x00002420       0x30 c:/program files (x86)/cypress/psoc creator/4.1/psoc creator/import/gnu/arm/5.4.1/bin/../lib/gcc/arm-none-eabi/5.4.1/../../../../arm-none-eabi/lib/armv7-m\libg_nano.a(lib_a-malloc.o)
 .debug_frame   0x00002450       0x28 c:/program files (x86)/cypress/psoc creator/4.1/psoc creator/import/gnu/arm/5.4.1/bin/../lib/gcc/arm-none-eabi/5.4.1/../../../../arm-none-eabi/lib/armv7-m\libg_nano.a(lib_a-memchr-stub.o)
 .debug_frame   0x00002478      0x234 c:/program files (x86)/cypress/psoc creator/4.1/psoc creator/import/gnu/arm/5.4.1/bin/../lib/gcc/arm-none-eabi/5.4.1/../../../../arm-none-eabi/lib/armv7-m\libg_nano.a(lib_a-mprec.o)
 .debug_frame   0x000026ac       0x2c c:/program files (x86)/cypress/psoc creator/4.1/psoc creator/import/gnu/arm/5.4.1/bin/../lib/gcc/arm-none-eabi/5.4.1/../../../../arm-none-eabi/lib/armv7-m\libg_nano.a(lib_a-nano-callocr.o)
 .debug_frame   0x000026d8       0x38 c:/program files (x86)/cypress/psoc creator/4.1/psoc creator/import/gnu/arm/5.4.1/bin/../lib/gcc/arm-none-eabi/5.4.1/../../../../arm-none-eabi/lib/armv7-m\libg_nano.a(lib_a-nano-freer.o)
 .debug_frame   0x00002710       0x2c c:/program files (x86)/cypress/psoc creator/4.1/psoc creator/import/gnu/arm/5.4.1/bin/../lib/gcc/arm-none-eabi/5.4.1/../../../../arm-none-eabi/lib/armv7-m\libg_nano.a(lib_a-nano-mallocr.o)
 .debug_frame   0x0000273c       0x90 c:/program files (x86)/cypress/psoc creator/4.1/psoc creator/import/gnu/arm/5.4.1/bin/../lib/gcc/arm-none-eabi/5.4.1/../../../../arm-none-eabi/lib/armv7-m\libg_nano.a(lib_a-nano-svfprintf.o)
 .debug_frame   0x000027cc       0x2c c:/program files (x86)/cypress/psoc creator/4.1/psoc creator/import/gnu/arm/5.4.1/bin/../lib/gcc/arm-none-eabi/5.4.1/../../../../arm-none-eabi/lib/armv7-m\libg_nano.a(lib_a-sbrkr.o)
 .debug_frame   0x000027f8       0x20 c:/program files (x86)/cypress/psoc creator/4.1/psoc creator/import/gnu/arm/5.4.1/bin/../lib/gcc/arm-none-eabi/5.4.1/../../../../arm-none-eabi/lib/armv7-m\libg_nano.a(lib_a-strcmp.o)
 .debug_frame   0x00002818       0x28 c:/program files (x86)/cypress/psoc creator/4.1/psoc creator/import/gnu/arm/5.4.1/bin/../lib/gcc/arm-none-eabi/5.4.1/../../../../arm-none-eabi/lib/armv7-m\libg_nano.a(lib_a-memmove.o)
 .debug_frame   0x00002840       0x30 c:/program files (x86)/cypress/psoc creator/4.1/psoc creator/import/gnu/arm/5.4.1/bin/../lib/gcc/arm-none-eabi/5.4.1/../../../../arm-none-eabi/lib/armv7-m\libg_nano.a(lib_a-mlock.o)
 .debug_frame   0x00002870       0x3c c:/program files (x86)/cypress/psoc creator/4.1/psoc creator/import/gnu/arm/5.4.1/bin/../lib/gcc/arm-none-eabi/5.4.1/../../../../arm-none-eabi/lib/armv7-m\libg_nano.a(lib_a-nano-reallocr.o)
 .debug_frame   0x000028ac       0x5c c:/program files (x86)/cypress/psoc creator/4.1/psoc creator/import/gnu/arm/5.4.1/bin/../lib/gcc/arm-none-eabi/5.4.1/../../../../arm-none-eabi/lib/armv7-m\libg_nano.a(lib_a-reent.o)
 .debug_frame   0x00002908       0x20 c:/program files (x86)/cypress/psoc creator/4.1/psoc creator/import/gnu/arm/5.4.1/bin/../lib/gcc/arm-none-eabi/5.4.1/../../../../arm-none-eabi/lib/armv7-m\libg_nano.a(lib_a-nano-msizer.o)

.debug_str      0x00000000     0x2a6d
 *(.debug_str)
 .debug_str     0x00000000      0x52a .\CortexM3\ARM_GCC_541\Debug\main.o
                                0x592 (size before relaxing)
 .debug_str     0x0000052a      0x17b .\CortexM3\ARM_GCC_541\Debug\cyfitter_cfg.o
                                0x345 (size before relaxing)
 .debug_str     0x000006a5       0x75 .\CortexM3\ARM_GCC_541\Debug\cymetadata.o
                                0x214 (size before relaxing)
 .debug_str     0x0000071a      0x13e .\CortexM3\ARM_GCC_541\Debug\Cm3Start.o
                                0x33a (size before relaxing)
 .debug_str     0x00000858      0x2b8 .\CortexM3\ARM_GCC_541\Debug\DC-Motor-PWM.a(UART_1.o)
                                0x4e3 (size before relaxing)
 .debug_str     0x00000b10      0x13e .\CortexM3\ARM_GCC_541\Debug\DC-Motor-PWM.a(isr_uart_rx.o)
                                0x32a (size before relaxing)
 .debug_str     0x00000c4e      0x19d .\CortexM3\ARM_GCC_541\Debug\DC-Motor-PWM.a(UART_1_IntClock.o)
                                0x37e (size before relaxing)
 .debug_str     0x00000deb      0x7f2 .\CortexM3\ARM_GCC_541\Debug\DC-Motor-PWM.a(CyLib.o)
                                0xa77 (size before relaxing)
 .debug_str     0x000015dd      0x359 .\CortexM3\ARM_GCC_541\Debug\DC-Motor-PWM.a(cyPm.o)
                                0x757 (size before relaxing)
 .debug_str     0x00001936       0x7b .\CortexM3\ARM_GCC_541\Debug\DC-Motor-PWM.a(Pin_1.o)
                                0x24e (size before relaxing)
 .debug_str     0x000019b1      0x181 .\CortexM3\ARM_GCC_541\Debug\DC-Motor-PWM.a(PWM_M1.o)
                                0x394 (size before relaxing)
 .debug_str     0x00001b32      0x157 .\CortexM3\ARM_GCC_541\Debug\DC-Motor-PWM.a(PWM_M2.o)
                                0x394 (size before relaxing)
 .debug_str     0x00001c89      0x159 .\CortexM3\ARM_GCC_541\Debug\DC-Motor-PWM.a(PWM_P.o)
                                0x381 (size before relaxing)
 .debug_str     0x00001de2      0x216 .\CortexM3\ARM_GCC_541\Debug\DC-Motor-PWM.a(SPI_Slave.o)
                                0x4ce (size before relaxing)
 .debug_str     0x00001ff8       0x49 .\CortexM3\ARM_GCC_541\Debug\DC-Motor-PWM.a(SPI_Slave_INT.o)
                                0x1f4 (size before relaxing)
 .debug_str     0x00002041       0xf2 .\CortexM3\ARM_GCC_541\Debug\DC-Motor-PWM.a(ISR_SPI.o)
                                0x2f2 (size before relaxing)
 .debug_str     0x00002133      0x157 .\CortexM3\ARM_GCC_541\Debug\DC-Motor-PWM.a(PWM_M3.o)
                                0x394 (size before relaxing)
 .debug_str     0x0000228a      0x157 .\CortexM3\ARM_GCC_541\Debug\DC-Motor-PWM.a(PWM_M4.o)
                                0x394 (size before relaxing)
 .debug_str     0x000023e1       0xc5 .\CortexM3\ARM_GCC_541\Debug\DC-Motor-PWM.a(isr_1.o)
                                0x2d6 (size before relaxing)
 .debug_str     0x000024a6      0x1e4 .\CortexM3\ARM_GCC_541\Debug\DC-Motor-PWM.a(ADC_SAR_1.o)
                                0x4ed (size before relaxing)
 .debug_str     0x0000268a       0x35 .\CortexM3\ARM_GCC_541\Debug\DC-Motor-PWM.a(ADC_SAR_1_INT.o)
                                0x1cb (size before relaxing)
 .debug_str     0x000026bf      0x16d .\CortexM3\ARM_GCC_541\Debug\DC-Motor-PWM.a(ADC_SAR_1_theACLK.o)
                                0x396 (size before relaxing)
 .debug_str     0x0000282c      0x195 .\CortexM3\ARM_GCC_541\Debug\DC-Motor-PWM.a(CyFlash.o)
                                0x3d1 (size before relaxing)
 .debug_str     0x000029c1       0xac .\CortexM3\ARM_GCC_541\Debug\DC-Motor-PWM.a(CySpc.o)
                                0x35a (size before relaxing)

.debug_loc      0x00000000     0x2369
 *(.debug_loc)
 .debug_loc     0x00000000       0xa2 .\CortexM3\ARM_GCC_541\Debug\main.o
 .debug_loc     0x000000a2      0x1d7 .\CortexM3\ARM_GCC_541\Debug\cyfitter_cfg.o
 .debug_loc     0x00000279      0x144 .\CortexM3\ARM_GCC_541\Debug\Cm3Start.o
 .debug_loc     0x000003bd      0x258 .\CortexM3\ARM_GCC_541\Debug\DC-Motor-PWM.a(UART_1.o)
 .debug_loc     0x00000615       0x56 .\CortexM3\ARM_GCC_541\Debug\DC-Motor-PWM.a(isr_uart_rx.o)
 .debug_loc     0x0000066b      0x128 .\CortexM3\ARM_GCC_541\Debug\DC-Motor-PWM.a(UART_1_IntClock.o)
 .debug_loc     0x00000793      0xa11 .\CortexM3\ARM_GCC_541\Debug\DC-Motor-PWM.a(CyLib.o)
 .debug_loc     0x000011a4      0x1e4 .\CortexM3\ARM_GCC_541\Debug\DC-Motor-PWM.a(cyPm.o)
 .debug_loc     0x00001388       0x84 .\CortexM3\ARM_GCC_541\Debug\DC-Motor-PWM.a(Pin_1.o)
 .debug_loc     0x0000140c       0x26 .\CortexM3\ARM_GCC_541\Debug\DC-Motor-PWM.a(PWM_M1.o)
 .debug_loc     0x00001432       0x26 .\CortexM3\ARM_GCC_541\Debug\DC-Motor-PWM.a(PWM_M2.o)
 .debug_loc     0x00001458       0x26 .\CortexM3\ARM_GCC_541\Debug\DC-Motor-PWM.a(PWM_P.o)
 .debug_loc     0x0000147e       0xf3 .\CortexM3\ARM_GCC_541\Debug\DC-Motor-PWM.a(SPI_Slave.o)
 .debug_loc     0x00001571       0x56 .\CortexM3\ARM_GCC_541\Debug\DC-Motor-PWM.a(ISR_SPI.o)
 .debug_loc     0x000015c7       0x26 .\CortexM3\ARM_GCC_541\Debug\DC-Motor-PWM.a(PWM_M3.o)
 .debug_loc     0x000015ed       0x26 .\CortexM3\ARM_GCC_541\Debug\DC-Motor-PWM.a(PWM_M4.o)
 .debug_loc     0x00001613       0x56 .\CortexM3\ARM_GCC_541\Debug\DC-Motor-PWM.a(isr_1.o)
 .debug_loc     0x00001669      0x295 .\CortexM3\ARM_GCC_541\Debug\DC-Motor-PWM.a(ADC_SAR_1.o)
 .debug_loc     0x000018fe      0x12c .\CortexM3\ARM_GCC_541\Debug\DC-Motor-PWM.a(ADC_SAR_1_theACLK.o)
 .debug_loc     0x00001a2a      0x2f2 .\CortexM3\ARM_GCC_541\Debug\DC-Motor-PWM.a(CyFlash.o)
 .debug_loc     0x00001d1c      0x64d .\CortexM3\ARM_GCC_541\Debug\DC-Motor-PWM.a(CySpc.o)

.debug_macinfo
 *(.debug_macinfo)

.debug_ranges   0x00000000      0xc30
 *(.debug_ranges)
 .debug_ranges  0x00000000       0x68 .\CortexM3\ARM_GCC_541\Debug\main.o
 .debug_ranges  0x00000068       0x48 .\CortexM3\ARM_GCC_541\Debug\cyfitter_cfg.o
 .debug_ranges  0x000000b0       0x38 .\CortexM3\ARM_GCC_541\Debug\Cm3Start.o
 .debug_ranges  0x000000e8       0xe0 .\CortexM3\ARM_GCC_541\Debug\DC-Motor-PWM.a(UART_1.o)
 .debug_ranges  0x000001c8       0x70 .\CortexM3\ARM_GCC_541\Debug\DC-Motor-PWM.a(isr_uart_rx.o)
 .debug_ranges  0x00000238       0x60 .\CortexM3\ARM_GCC_541\Debug\DC-Motor-PWM.a(UART_1_IntClock.o)
 .debug_ranges  0x00000298      0x290 .\CortexM3\ARM_GCC_541\Debug\DC-Motor-PWM.a(CyLib.o)
 .debug_ranges  0x00000528       0x88 .\CortexM3\ARM_GCC_541\Debug\DC-Motor-PWM.a(cyPm.o)
 .debug_ranges  0x000005b0       0x38 .\CortexM3\ARM_GCC_541\Debug\DC-Motor-PWM.a(Pin_1.o)
 .debug_ranges  0x000005e8       0x88 .\CortexM3\ARM_GCC_541\Debug\DC-Motor-PWM.a(PWM_M1.o)
 .debug_ranges  0x00000670       0x88 .\CortexM3\ARM_GCC_541\Debug\DC-Motor-PWM.a(PWM_M2.o)
 .debug_ranges  0x000006f8       0x88 .\CortexM3\ARM_GCC_541\Debug\DC-Motor-PWM.a(PWM_P.o)
 .debug_ranges  0x00000780       0xc8 .\CortexM3\ARM_GCC_541\Debug\DC-Motor-PWM.a(SPI_Slave.o)
 .debug_ranges  0x00000848       0x18 .\CortexM3\ARM_GCC_541\Debug\DC-Motor-PWM.a(SPI_Slave_INT.o)
 .debug_ranges  0x00000860       0x70 .\CortexM3\ARM_GCC_541\Debug\DC-Motor-PWM.a(ISR_SPI.o)
 .debug_ranges  0x000008d0       0x88 .\CortexM3\ARM_GCC_541\Debug\DC-Motor-PWM.a(PWM_M3.o)
 .debug_ranges  0x00000958       0x88 .\CortexM3\ARM_GCC_541\Debug\DC-Motor-PWM.a(PWM_M4.o)
 .debug_ranges  0x000009e0       0x70 .\CortexM3\ARM_GCC_541\Debug\DC-Motor-PWM.a(isr_1.o)
 .debug_ranges  0x00000a50       0x98 .\CortexM3\ARM_GCC_541\Debug\DC-Motor-PWM.a(ADC_SAR_1.o)
 .debug_ranges  0x00000ae8       0x10 .\CortexM3\ARM_GCC_541\Debug\DC-Motor-PWM.a(ADC_SAR_1_INT.o)
 .debug_ranges  0x00000af8       0x60 .\CortexM3\ARM_GCC_541\Debug\DC-Motor-PWM.a(ADC_SAR_1_theACLK.o)
 .debug_ranges  0x00000b58       0x70 .\CortexM3\ARM_GCC_541\Debug\DC-Motor-PWM.a(CyFlash.o)
 .debug_ranges  0x00000bc8       0x68 .\CortexM3\ARM_GCC_541\Debug\DC-Motor-PWM.a(CySpc.o)

.comment        0x00000000       0x6e
 .comment       0x00000000       0x6e .\CortexM3\ARM_GCC_541\Debug\main.o
                                 0x6f (size before relaxing)
 .comment       0x0000006e       0x6f .\CortexM3\ARM_GCC_541\Debug\cyfitter_cfg.o
 .comment       0x0000006e       0x6f .\CortexM3\ARM_GCC_541\Debug\cymetadata.o
 .comment       0x0000006e       0x6f .\CortexM3\ARM_GCC_541\Debug\Cm3Start.o
 .comment       0x0000006e       0x6f .\CortexM3\ARM_GCC_541\Debug\DC-Motor-PWM.a(UART_1.o)
 .comment       0x0000006e       0x6f .\CortexM3\ARM_GCC_541\Debug\DC-Motor-PWM.a(isr_uart_rx.o)
 .comment       0x0000006e       0x6f .\CortexM3\ARM_GCC_541\Debug\DC-Motor-PWM.a(UART_1_IntClock.o)
 .comment       0x0000006e       0x6f .\CortexM3\ARM_GCC_541\Debug\DC-Motor-PWM.a(CyLib.o)
 .comment       0x0000006e       0x6f .\CortexM3\ARM_GCC_541\Debug\DC-Motor-PWM.a(cyPm.o)
 .comment       0x0000006e       0x6f .\CortexM3\ARM_GCC_541\Debug\DC-Motor-PWM.a(Pin_1.o)
 .comment       0x0000006e       0x6f .\CortexM3\ARM_GCC_541\Debug\DC-Motor-PWM.a(PWM_M1.o)
 .comment       0x0000006e       0x6f .\CortexM3\ARM_GCC_541\Debug\DC-Motor-PWM.a(PWM_M2.o)
 .comment       0x0000006e       0x6f .\CortexM3\ARM_GCC_541\Debug\DC-Motor-PWM.a(PWM_P.o)
 .comment       0x0000006e       0x6f .\CortexM3\ARM_GCC_541\Debug\DC-Motor-PWM.a(SPI_Slave.o)
 .comment       0x0000006e       0x6f .\CortexM3\ARM_GCC_541\Debug\DC-Motor-PWM.a(SPI_Slave_INT.o)
 .comment       0x0000006e       0x6f .\CortexM3\ARM_GCC_541\Debug\DC-Motor-PWM.a(ISR_SPI.o)
 .comment       0x0000006e       0x6f .\CortexM3\ARM_GCC_541\Debug\DC-Motor-PWM.a(PWM_M3.o)
 .comment       0x0000006e       0x6f .\CortexM3\ARM_GCC_541\Debug\DC-Motor-PWM.a(PWM_M4.o)
 .comment       0x0000006e       0x6f .\CortexM3\ARM_GCC_541\Debug\DC-Motor-PWM.a(isr_1.o)
 .comment       0x0000006e       0x6f .\CortexM3\ARM_GCC_541\Debug\DC-Motor-PWM.a(ADC_SAR_1.o)
 .comment       0x0000006e       0x6f .\CortexM3\ARM_GCC_541\Debug\DC-Motor-PWM.a(ADC_SAR_1_INT.o)
 .comment       0x0000006e       0x6f .\CortexM3\ARM_GCC_541\Debug\DC-Motor-PWM.a(ADC_SAR_1_theACLK.o)
 .comment       0x0000006e       0x6f .\CortexM3\ARM_GCC_541\Debug\DC-Motor-PWM.a(CyFlash.o)
 .comment       0x0000006e       0x6f .\CortexM3\ARM_GCC_541\Debug\DC-Motor-PWM.a(CySpc.o)

.debug_weaknames
 *(.debug_weaknames)

.debug_funcnames
 *(.debug_funcnames)

.debug_typenames
 *(.debug_typenames)

.debug_varnames
 *(.debug_varnames)

.note.gnu.arm.ident
 *(.note.gnu.arm.ident)

.ARM.attributes
                0x00000000       0x29
 *(.ARM.attributes)
 .ARM.attributes
                0x00000000       0x1d c:/program files (x86)/cypress/psoc creator/4.1/psoc creator/import/gnu/arm/5.4.1/bin/../lib/gcc/arm-none-eabi/5.4.1/armv7-m/crti.o
 .ARM.attributes
                0x0000001d       0x2d c:/program files (x86)/cypress/psoc creator/4.1/psoc creator/import/gnu/arm/5.4.1/bin/../lib/gcc/arm-none-eabi/5.4.1/armv7-m/crtbegin.o
 .ARM.attributes
                0x0000004a       0x1b c:/program files (x86)/cypress/psoc creator/4.1/psoc creator/import/gnu/arm/5.4.1/bin/../lib/gcc/arm-none-eabi/5.4.1/../../../../arm-none-eabi/lib/armv7-m/crt0.o
 .ARM.attributes
                0x00000065       0x33 .\CortexM3\ARM_GCC_541\Debug\main.o
 .ARM.attributes
                0x00000098       0x33 .\CortexM3\ARM_GCC_541\Debug\cyfitter_cfg.o
 .ARM.attributes
                0x000000cb       0x33 .\CortexM3\ARM_GCC_541\Debug\cymetadata.o
 .ARM.attributes
                0x000000fe       0x33 .\CortexM3\ARM_GCC_541\Debug\Cm3Start.o
 .ARM.attributes
                0x00000131       0x33 .\CortexM3\ARM_GCC_541\Debug\DC-Motor-PWM.a(UART_1.o)
 .ARM.attributes
                0x00000164       0x33 .\CortexM3\ARM_GCC_541\Debug\DC-Motor-PWM.a(isr_uart_rx.o)
 .ARM.attributes
                0x00000197       0x33 .\CortexM3\ARM_GCC_541\Debug\DC-Motor-PWM.a(UART_1_IntClock.o)
 .ARM.attributes
                0x000001ca       0x33 .\CortexM3\ARM_GCC_541\Debug\DC-Motor-PWM.a(CyLib.o)
 .ARM.attributes
                0x000001fd       0x33 .\CortexM3\ARM_GCC_541\Debug\DC-Motor-PWM.a(cyPm.o)
 .ARM.attributes
                0x00000230       0x33 .\CortexM3\ARM_GCC_541\Debug\DC-Motor-PWM.a(Pin_1.o)
 .ARM.attributes
                0x00000263       0x33 .\CortexM3\ARM_GCC_541\Debug\DC-Motor-PWM.a(PWM_M1.o)
 .ARM.attributes
                0x00000296       0x33 .\CortexM3\ARM_GCC_541\Debug\DC-Motor-PWM.a(PWM_M2.o)
 .ARM.attributes
                0x000002c9       0x33 .\CortexM3\ARM_GCC_541\Debug\DC-Motor-PWM.a(PWM_P.o)
 .ARM.attributes
                0x000002fc       0x33 .\CortexM3\ARM_GCC_541\Debug\DC-Motor-PWM.a(SPI_Slave.o)
 .ARM.attributes
                0x0000032f       0x33 .\CortexM3\ARM_GCC_541\Debug\DC-Motor-PWM.a(SPI_Slave_INT.o)
 .ARM.attributes
                0x00000362       0x33 .\CortexM3\ARM_GCC_541\Debug\DC-Motor-PWM.a(ISR_SPI.o)
 .ARM.attributes
                0x00000395       0x33 .\CortexM3\ARM_GCC_541\Debug\DC-Motor-PWM.a(PWM_M3.o)
 .ARM.attributes
                0x000003c8       0x33 .\CortexM3\ARM_GCC_541\Debug\DC-Motor-PWM.a(PWM_M4.o)
 .ARM.attributes
                0x000003fb       0x33 .\CortexM3\ARM_GCC_541\Debug\DC-Motor-PWM.a(isr_1.o)
 .ARM.attributes
                0x0000042e       0x33 .\CortexM3\ARM_GCC_541\Debug\DC-Motor-PWM.a(ADC_SAR_1.o)
 .ARM.attributes
                0x00000461       0x33 .\CortexM3\ARM_GCC_541\Debug\DC-Motor-PWM.a(ADC_SAR_1_INT.o)
 .ARM.attributes
                0x00000494       0x33 .\CortexM3\ARM_GCC_541\Debug\DC-Motor-PWM.a(ADC_SAR_1_theACLK.o)
 .ARM.attributes
                0x000004c7       0x21 .\CortexM3\ARM_GCC_541\Debug\DC-Motor-PWM.a(CyBootAsmGnu.o)
 .ARM.attributes
                0x000004e8       0x33 .\CortexM3\ARM_GCC_541\Debug\DC-Motor-PWM.a(CyFlash.o)
 .ARM.attributes
                0x0000051b       0x33 .\CortexM3\ARM_GCC_541\Debug\DC-Motor-PWM.a(CySpc.o)
 .ARM.attributes
                0x0000054e       0x1d c:/program files (x86)/cypress/psoc creator/4.1/psoc creator/import/gnu/arm/5.4.1/bin/../lib/gcc/arm-none-eabi/5.4.1/armv7-m\libgcc.a(_arm_addsubdf3.o)
 .ARM.attributes
                0x0000056b       0x1d c:/program files (x86)/cypress/psoc creator/4.1/psoc creator/import/gnu/arm/5.4.1/bin/../lib/gcc/arm-none-eabi/5.4.1/armv7-m\libgcc.a(_arm_muldivdf3.o)
 .ARM.attributes
                0x00000588       0x1d c:/program files (x86)/cypress/psoc creator/4.1/psoc creator/import/gnu/arm/5.4.1/bin/../lib/gcc/arm-none-eabi/5.4.1/armv7-m\libgcc.a(_arm_truncdfsf2.o)
 .ARM.attributes
                0x000005a5       0x1d c:/program files (x86)/cypress/psoc creator/4.1/psoc creator/import/gnu/arm/5.4.1/bin/../lib/gcc/arm-none-eabi/5.4.1/armv7-m\libgcc.a(_arm_addsubsf3.o)
 .ARM.attributes
                0x000005c2       0x1d c:/program files (x86)/cypress/psoc creator/4.1/psoc creator/import/gnu/arm/5.4.1/bin/../lib/gcc/arm-none-eabi/5.4.1/armv7-m\libgcc.a(_arm_muldivsf3.o)
 .ARM.attributes
                0x000005df       0x1d c:/program files (x86)/cypress/psoc creator/4.1/psoc creator/import/gnu/arm/5.4.1/bin/../lib/gcc/arm-none-eabi/5.4.1/armv7-m\libgcc.a(_arm_cmpsf2.o)
 .ARM.attributes
                0x000005fc       0x1d c:/program files (x86)/cypress/psoc creator/4.1/psoc creator/import/gnu/arm/5.4.1/bin/../lib/gcc/arm-none-eabi/5.4.1/armv7-m\libgcc.a(_aeabi_ldivmod.o)
 .ARM.attributes
                0x00000619       0x2d c:/program files (x86)/cypress/psoc creator/4.1/psoc creator/import/gnu/arm/5.4.1/bin/../lib/gcc/arm-none-eabi/5.4.1/armv7-m\libgcc.a(_udivmoddi4.o)
 .ARM.attributes
                0x00000646       0x1d c:/program files (x86)/cypress/psoc creator/4.1/psoc creator/import/gnu/arm/5.4.1/bin/../lib/gcc/arm-none-eabi/5.4.1/armv7-m\libgcc.a(_dvmd_tls.o)
 .ARM.attributes
                0x00000663       0x2d c:/program files (x86)/cypress/psoc creator/4.1/psoc creator/import/gnu/arm/5.4.1/bin/../lib/gcc/arm-none-eabi/5.4.1/../../../../arm-none-eabi/lib/armv7-m\libg_nano.a(lib_a-errno.o)
 .ARM.attributes
                0x00000690       0x2d c:/program files (x86)/cypress/psoc creator/4.1/psoc creator/import/gnu/arm/5.4.1/bin/../lib/gcc/arm-none-eabi/5.4.1/../../../../arm-none-eabi/lib/armv7-m\libg_nano.a(lib_a-exit.o)
 .ARM.attributes
                0x000006bd       0x2d c:/program files (x86)/cypress/psoc creator/4.1/psoc creator/import/gnu/arm/5.4.1/bin/../lib/gcc/arm-none-eabi/5.4.1/../../../../arm-none-eabi/lib/armv7-m\libg_nano.a(lib_a-impure.o)
 .ARM.attributes
                0x000006ea       0x2d c:/program files (x86)/cypress/psoc creator/4.1/psoc creator/import/gnu/arm/5.4.1/bin/../lib/gcc/arm-none-eabi/5.4.1/../../../../arm-none-eabi/lib/armv7-m\libg_nano.a(lib_a-init.o)
 .ARM.attributes
                0x00000717       0x2d c:/program files (x86)/cypress/psoc creator/4.1/psoc creator/import/gnu/arm/5.4.1/bin/../lib/gcc/arm-none-eabi/5.4.1/../../../../arm-none-eabi/lib/armv7-m\libg_nano.a(lib_a-memcpy-stub.o)
 .ARM.attributes
                0x00000744       0x2d c:/program files (x86)/cypress/psoc creator/4.1/psoc creator/import/gnu/arm/5.4.1/bin/../lib/gcc/arm-none-eabi/5.4.1/../../../../arm-none-eabi/lib/armv7-m\libg_nano.a(lib_a-memset.o)
 .ARM.attributes
                0x00000771       0x2d c:/program files (x86)/cypress/psoc creator/4.1/psoc creator/import/gnu/arm/5.4.1/bin/../lib/gcc/arm-none-eabi/5.4.1/../../../../arm-none-eabi/lib/armv7-m\libg_nano.a(lib_a-nano-vfprintf_float.o)
 .ARM.attributes
                0x0000079e       0x2d c:/program files (x86)/cypress/psoc creator/4.1/psoc creator/import/gnu/arm/5.4.1/bin/../lib/gcc/arm-none-eabi/5.4.1/../../../../arm-none-eabi/lib/armv7-m\libg_nano.a(lib_a-nano-vfprintf_i.o)
 .ARM.attributes