Archive member included to satisfy reference by file (symbol)

.\CortexM3\ARM_GCC_541\Debug\DC-Motor-PWM.a(UART_1.o)
                              .\CortexM3\ARM_GCC_541\Debug\main.o (UART_1_Start)
.\CortexM3\ARM_GCC_541\Debug\DC-Motor-PWM.a(isr_uart_rx.o)
                              .\CortexM3\ARM_GCC_541\Debug\main.o (isr_uart_rx_StartEx)
.\CortexM3\ARM_GCC_541\Debug\DC-Motor-PWM.a(UART_1_IntClock.o)
                              .\CortexM3\ARM_GCC_541\Debug\DC-Motor-PWM.a(UART_1.o) (UART_1_IntClock_Start)
.\CortexM3\ARM_GCC_541\Debug\DC-Motor-PWM.a(CyLib.o)
                              .\CortexM3\ARM_GCC_541\Debug\Cm3Start.o (CyHalt)
.\CortexM3\ARM_GCC_541\Debug\DC-Motor-PWM.a(cyPm.o)
                              .\CortexM3\ARM_GCC_541\Debug\DC-Motor-PWM.a(CyLib.o) (CyPmReadStatus)
.\CortexM3\ARM_GCC_541\Debug\DC-Motor-PWM.a(Pin_1.o)
                              .\CortexM3\ARM_GCC_541\Debug\main.o (Pin_1_Read)
.\CortexM3\ARM_GCC_541\Debug\DC-Motor-PWM.a(PWM_M1.o)
                              .\CortexM3\ARM_GCC_541\Debug\Motor.o (PWM_M1_WriteCompare)
.\CortexM3\ARM_GCC_541\Debug\DC-Motor-PWM.a(PWM_M2.o)
                              .\CortexM3\ARM_GCC_541\Debug\Motor.o (PWM_M2_WriteCompare)
.\CortexM3\ARM_GCC_541\Debug\DC-Motor-PWM.a(PWM_P.o)
                              .\CortexM3\ARM_GCC_541\Debug\main.o (PWM_P_WriteCompare)
.\CortexM3\ARM_GCC_541\Debug\DC-Motor-PWM.a(SPI_Slave.o)
                              .\CortexM3\ARM_GCC_541\Debug\LoadCell.o (SPI_Slave_WriteTxData)
.\CortexM3\ARM_GCC_541\Debug\DC-Motor-PWM.a(SPI_Slave_INT.o)
                              .\CortexM3\ARM_GCC_541\Debug\DC-Motor-PWM.a(SPI_Slave.o) (SPI_Slave_RX_ISR)
.\CortexM3\ARM_GCC_541\Debug\DC-Motor-PWM.a(ISR_SPI.o)
                              .\CortexM3\ARM_GCC_541\Debug\main.o (ISR_SPI_StartEx)
.\CortexM3\ARM_GCC_541\Debug\DC-Motor-PWM.a(PWM_M3.o)
                              .\CortexM3\ARM_GCC_541\Debug\Motor.o (PWM_M3_WriteCompare)
.\CortexM3\ARM_GCC_541\Debug\DC-Motor-PWM.a(PWM_M4.o)
                              .\CortexM3\ARM_GCC_541\Debug\Motor.o (PWM_M4_WriteCompare)
.\CortexM3\ARM_GCC_541\Debug\DC-Motor-PWM.a(isr_1.o)
                              .\CortexM3\ARM_GCC_541\Debug\main.o (isr_1_StartEx)
.\CortexM3\ARM_GCC_541\Debug\DC-Motor-PWM.a(ADC_SAR_1.o)
                              .\CortexM3\ARM_GCC_541\Debug\main.o (ADC_SAR_1_Start)
.\CortexM3\ARM_GCC_541\Debug\DC-Motor-PWM.a(ADC_SAR_1_INT.o)
                              .\CortexM3\ARM_GCC_541\Debug\DC-Motor-PWM.a(ADC_SAR_1.o) (ADC_SAR_1_ISR)
.\CortexM3\ARM_GCC_541\Debug\DC-Motor-PWM.a(ADC_SAR_1_theACLK.o)
                              .\CortexM3\ARM_GCC_541\Debug\DC-Motor-PWM.a(ADC_SAR_1.o) (ADC_SAR_1_theACLK_SetModeRegister)
.\CortexM3\ARM_GCC_541\Debug\DC-Motor-PWM.a(CyBootAsmGnu.o)
                              .\CortexM3\ARM_GCC_541\Debug\cyfitter_cfg.o (CyDelayCycles)
.\CortexM3\ARM_GCC_541\Debug\DC-Motor-PWM.a(CyFlash.o)
                              .\CortexM3\ARM_GCC_541\Debug\DC-Motor-PWM.a(cyPm.o) (CyFlash_SetWaitCycles)
.\CortexM3\ARM_GCC_541\Debug\DC-Motor-PWM.a(CySpc.o)
                              .\CortexM3\ARM_GCC_541\Debug\DC-Motor-PWM.a(CyFlash.o) (CySpcStart)
c:/program files (x86)/cypress/psoc creator/4.1/psoc creator/import/gnu/arm/5.4.1/bin/../lib/gcc/arm-none-eabi/5.4.1/armv7-m\libgcc.a(_arm_addsubdf3.o)
                              .\CortexM3\ARM_GCC_541\Debug\LoadCell.o (__aeabi_dsub)
c:/program files (x86)/cypress/psoc creator/4.1/psoc creator/import/gnu/arm/5.4.1/bin/../lib/gcc/arm-none-eabi/5.4.1/armv7-m\libgcc.a(_arm_muldivdf3.o)
                              .\CortexM3\ARM_GCC_541\Debug\LoadCell.o (__aeabi_ddiv)
c:/program files (x86)/cypress/psoc creator/4.1/psoc creator/import/gnu/arm/5.4.1/bin/../lib/gcc/arm-none-eabi/5.4.1/armv7-m\libgcc.a(_arm_cmpdf2.o)
                              .\CortexM3\ARM_GCC_541\Debug\BatterySensor.o (__aeabi_dcmplt)
c:/program files (x86)/cypress/psoc creator/4.1/psoc creator/import/gnu/arm/5.4.1/bin/../lib/gcc/arm-none-eabi/5.4.1/armv7-m\libgcc.a(_arm_truncdfsf2.o)
                              .\CortexM3\ARM_GCC_541\Debug\LoadCell.o (__aeabi_d2f)
c:/program files (x86)/cypress/psoc creator/4.1/psoc creator/import/gnu/arm/5.4.1/bin/../lib/gcc/arm-none-eabi/5.4.1/armv7-m\libgcc.a(_arm_addsubsf3.o)
                              .\CortexM3\ARM_GCC_541\Debug\BatterySensor.o (__aeabi_i2f)
c:/program files (x86)/cypress/psoc creator/4.1/psoc creator/import/gnu/arm/5.4.1/bin/../lib/gcc/arm-none-eabi/5.4.1/armv7-m\libgcc.a(_arm_muldivsf3.o)
                              .\CortexM3\ARM_GCC_541\Debug\DC-Motor-PWM.a(ADC_SAR_1.o) (__aeabi_fmul)
c:/program files (x86)/cypress/psoc creator/4.1/psoc creator/import/gnu/arm/5.4.1/bin/../lib/gcc/arm-none-eabi/5.4.1/armv7-m\libgcc.a(_arm_cmpsf2.o)
                              .\CortexM3\ARM_GCC_541\Debug\LoadCell.o (__aeabi_fcmplt)
[...]
Memory Configuration

Name             Origin             Length             Attributes
rom              0x00000000         0x00040000         xr
ram              0x1fff8000         0x00010000         xrw
*default*        0x00000000         0xffffffff

Linker script and memory map

LOAD c:/program files (x86)/cypress/psoc creator/4.1/psoc creator/import/gnu/arm/5.4.1/bin/../lib/gcc/arm-none-eabi/5.4.1/armv7-m/crti.o
LOAD c:/program files (x86)/cypress/psoc creator/4.1/psoc creator/import/gnu/arm/5.4.1/bin/../lib/gcc/arm-none-eabi/5.4.1/armv7-m/crtbegin.o
LOAD c:/program files (x86)/cypress/psoc creator/4.1/psoc creator/import/gnu/arm/5.4.1/bin/../lib/gcc/arm-none-eabi/5.4.1/../../../../arm-none-eabi/lib/armv7-m/crt0.o
START GROUP
LOAD .\CortexM3\ARM_GCC_541\Debug\main.o
LOAD .\CortexM3\ARM_GCC_541\Debug\Motor.o
LOAD .\CortexM3\ARM_GCC_541\Debug\LoadCell.o
LOAD .\CortexM3\ARM_GCC_541\Debug\BatterySensor.o
LOAD .\CortexM3\ARM_GCC_541\Debug\CurrentSensor.o
LOAD .\CortexM3\ARM_GCC_541\Debug\cyfitter_cfg.o
LOAD .\CortexM3\ARM_GCC_541\Debug\cymetadata.o
LOAD .\CortexM3\ARM_GCC_541\Debug\Cm3Start.o
LOAD .\CortexM3\ARM_GCC_541\Debug\DC-Motor-PWM.a
LOAD C:\Program Files (x86)\Cypress\PSoC Creator\4.1\PSoC Creator\psoc\content\cycomponentlibrary\CyComponentLibrary.cylib\CortexM3\ARM_GCC_541\Debug\CyComponentLibrary.a
END GROUP
START GROUP
LOAD c:/program files (x86)/cypress/psoc creator/4.1/psoc creator/import/gnu/arm/5.4.1/bin/../lib/gcc/arm-none-eabi/5.4.1/armv7-m\libgcc.a
LOAD c:/program files (x86)/cypress/psoc creator/4.1/psoc creator/import/gnu/arm/5.4.1/bin/../lib/gcc/arm-none-eabi/5.4.1/../../../../arm-none-eabi/lib/armv7-m\libg_nano.a
LOAD c:/program files (x86)/cypress/psoc creator/4.1/psoc creator/import/gnu/arm/5.4.1/bin/../lib/gcc/arm-none-eabi/5.4.1/../../../../arm-none-eabi/lib/armv7-m\libc_nano.a
END GROUP
START GROUP
LOAD c:/program files (x86)/cypress/psoc creator/4.1/psoc creator/import/gnu/arm/5.4.1/bin/../lib/gcc/arm-none-eabi/5.4.1/armv7-m\libgcc.a
LOAD c:/program files (x86)/cypress/psoc creator/4.1/psoc creator/import/gnu/arm/5.4.1/bin/../lib/gcc/arm-none-eabi/5.4.1/../../../../arm-none-eabi/lib/armv7-m\libc_nano.a
END GROUP
LOAD c:/program files (x86)/cypress/psoc creator/4.1/psoc creator/import/gnu/arm/5.4.1/bin/../lib/gcc/arm-none-eabi/5.4.1/armv7-m/crtend.o
LOAD c:/program files (x86)/cypress/psoc creator/4.1/psoc creator/import/gnu/arm/5.4.1/bin/../lib/gcc/arm-none-eabi/5.4.1/armv7-m/crtn.o
START GROUP
LOAD c:/program files (x86)/cypress/psoc creator/4.1/psoc creator/import/gnu/arm/5.4.1/bin/../lib/gcc/arm-none-eabi/5.4.1/armv7-m\libgcc.a
LOAD c:/program files (x86)/cypress/psoc creator/4.1/psoc creator/import/gnu/arm/5.4.1/bin/../lib/gcc/arm-none-eabi/5.4.1/../../../../arm-none-eabi/lib/armv7-m\libc.a
LOAD c:/program files (x86)/cypress/psoc creator/4.1/psoc creator/import/gnu/arm/5.4.1/bin/../lib/gcc/arm-none-eabi/5.4.1/../../../../arm-none-eabi/lib/armv7-m\libnosys.a
END GROUP
                0x00000000                CY_APPL_ORIGIN = 0x0
                0x00000100                CY_FLASH_ROW_SIZE = 0x100
                0x00000020                CY_ECC_ROW_SIZE = 0x20
                0x00000000                CY_EE_IN_BTLDR = 0x0
                0x00000000                CY_APPL_LOADABLE = 0x0
                0x00000800                CY_EE_SIZE = 0x800
                0x00000001                CY_APPL_NUM = 0x1
                0x00000001                CY_APPL_MAX = 0x1
                0x00000040                CY_METADATA_SIZE = 0x40
                0x00000000                CY_APPL_LOADABLE = 0x0
                0x00000000                CY_CHECKSUM_EXCLUDE_SIZE = ALIGN (0x0, CY_FLASH_ROW_SIZE)
                [!provide]                PROVIDE (__cy_heap_start, _end)
                0x00000001                PROVIDE (__cy_region_num, ((__cy_regions_end - __cy_regions) / 0x10))
                0x20008000                PROVIDE (__cy_stack, (ORIGIN (ram) + LENGTH (ram)))
                [!provide]                PROVIDE (__cy_heap_end, (__cy_stack - 0x800))

.cybootloader   0x00000000        0x0
 *(.cybootloader)
                0x00000000                appl1_start = CY_APPL_ORIGIN?CY_APPL_ORIGIN:ALIGN (CY_FLASH_ROW_SIZE)
                0x0001ff00                appl2_start = (appl1_start + ALIGN ((((LENGTH (rom) - appl1_start) - (0x2 * CY_FLASH_ROW_SIZE)) / 0x2), CY_FLASH_ROW_SIZE))
                0x00000000                appl_start = (CY_APPL_NUM == 0x1)?appl1_start:appl2_start
                0x00000000                ecc_offset = ((appl_start / CY_FLASH_ROW_SIZE) * CY_ECC_ROW_SIZE)
                0x00000000                ee_offset = (CY_APPL_LOADABLE && ! (CY_EE_IN_BTLDR))?((CY_EE_SIZE / CY_APPL_MAX) * (CY_APPL_NUM - 0x1)):0x0
                0x00000800                ee_size = (CY_APPL_LOADABLE && ! (CY_EE_IN_BTLDR))?(CY_EE_SIZE / CY_APPL_MAX):CY_EE_SIZE
                [!provide]                PROVIDE (CY_ECC_OFFSET, ecc_offset)

.text           0x00000000     0x3514
 CREATE_OBJECT_SYMBOLS
                0x00000000                PROVIDE (__cy_interrupt_vector, RomVectors)
 *(.romvectors)
 .romvectors    0x00000000       0x10 .\CortexM3\ARM_GCC_541\Debug\Cm3Start.o
                0x00000000                RomVectors
                0x00000001                ASSERT ((. != __cy_interrupt_vector), No interrupt vector)
                0x00000001                ASSERT (CY_APPL_ORIGIN?(SIZEOF (.cybootloader) <= CY_APPL_ORIGIN):0x1, Wrong image location)
                0x00000010                PROVIDE (__cy_reset, Reset)
 *(.text.Reset)
 .text.Reset    0x00000010       0x18 .\CortexM3\ARM_GCC_541\Debug\Cm3Start.o
                0x00000010                Reset
                0x00000001                ASSERT ((. != __cy_reset), No reset code)
 *(.dma_init)
                0x00000001                ASSERT ((((appl_start + .) <= 0x10000) || 0x1), DMA Init must be within the first 64k of flash)
 *(.text .text.* .gnu.linkonce.t.*)
 .text          0x00000028       0x5c c:/program files (x86)/cypress/psoc creator/4.1/psoc creator/import/gnu/arm/5.4.1/bin/../lib/gcc/arm-none-eabi/5.4.1/armv7-m/crtbegin.o
 .text.ISR_SPI  0x00000084       0x1c .\CortexM3\ARM_GCC_541\Debug\main.o
                0x00000084                ISR_SPI
 .text.sensor_ISR
                0x000000a0       0x44 .\CortexM3\ARM_GCC_541\Debug\main.o
                0x000000a0                sensor_ISR
 .text.handleByteReceived
                0x000000e4       0x90 .\CortexM3\ARM_GCC_541\Debug\main.o
                0x000000e4                handleByteReceived
 .text.ISR_UART_rx_handler
                0x00000174       0x24 .\CortexM3\ARM_GCC_541\Debug\main.o
                0x00000174                ISR_UART_rx_handler
 .text.main     0x00000198       0xd8 .\CortexM3\ARM_GCC_541\Debug\main.o
                0x00000198                main
 .text.decreaseSpeed
                0x00000270       0x50 .\CortexM3\ARM_GCC_541\Debug\Motor.o
                0x00000270                decreaseSpeed
 .text.increaseSpeed
                0x000002c0       0x3c .\CortexM3\ARM_GCC_541\Debug\Motor.o
                0x000002c0                increaseSpeed
 .text.stop     0x000002fc       0x30 .\CortexM3\ARM_GCC_541\Debug\Motor.o
                0x000002fc                stop
 .text.driveForwards
                0x0000032c       0x2c .\CortexM3\ARM_GCC_541\Debug\Motor.o
                0x0000032c                driveForwards
 .text.driveBackwards
                0x00000358       0x2c .\CortexM3\ARM_GCC_541\Debug\Motor.o
                0x00000358                driveBackwards
 .text.turnRight
                0x00000384       0x3c .\CortexM3\ARM_GCC_541\Debug\Motor.o
                0x00000384                turnRight
 .text.turnLeft
                0x000003c0       0x3c .\CortexM3\ARM_GCC_541\Debug\Motor.o
                0x000003c0                turnLeft
 .text.CyClockStartupError
                0x000003fc        0x4 .\CortexM3\ARM_GCC_541\Debug\cyfitter_cfg.o
 .text.cfg_write_bytes32
                0x00000400       0x34 .\CortexM3\ARM_GCC_541\Debug\cyfitter_cfg.o
 .text.AnalogSetDefault
                0x00000434       0x40 .\CortexM3\ARM_GCC_541\Debug\cyfitter_cfg.o
 .text.CYMEMZERO
                0x00000474        0xc .\CortexM3\ARM_GCC_541\Debug\cyfitter_cfg.o
 .text.ClockSetup
                0x00000480      0x100 .\CortexM3\ARM_GCC_541\Debug\cyfitter_cfg.o
 .text.CYCONFIGCPY
                0x00000580        0x8 .\CortexM3\ARM_GCC_541\Debug\cyfitter_cfg.o
 .text.cyfitter_cfg
                0x00000588      0x110 .\CortexM3\ARM_GCC_541\Debug\cyfitter_cfg.o
                0x00000588                cyfitter_cfg
 .text.IntDefaultHandler
                0x00000698       0x10 .\CortexM3\ARM_GCC_541\Debug\Cm3Start.o
                0x00000698                IntDefaultHandler
 .text._sbrk    0x000006a8       0x30 .\CortexM3\ARM_GCC_541\Debug\Cm3Start.o
                0x000006a8                _sbrk
 .text.Start_c  0x000006d8       0x4c .\CortexM3\ARM_GCC_541\Debug\Cm3Start.o
                0x000006d8                Start_c
 .text.initialize_psoc
                0x00000724       0x68 .\CortexM3\ARM_GCC_541\Debug\Cm3Start.o
                0x00000724                initialize_psoc
 .text.UART_1_Init
                0x0000078c       0x28 .\CortexM3\ARM_GCC_541\Debug\DC-Motor-PWM.a(UART_1.o)
                0x0000078c                UART_1_Init
 .text.UART_1_Enable
                0x000007b4       0x3c .\CortexM3\ARM_GCC_541\Debug\DC-Motor-PWM.a(UART_1.o)
                0x000007b4                UART_1_Enable
 .text.UART_1_Start
                0x000007f0       0x1c .\CortexM3\ARM_GCC_541\Debug\DC-Motor-PWM.a(UART_1.o)
                0x000007f0                UART_1_Start
 .text.UART_1_ReadRxData
                0x0000080c        0xc .\CortexM3\ARM_GCC_541\Debug\DC-Motor-PWM.a(UART_1.o)
                0x0000080c                UART_1_ReadRxData
 .text.UART_1_GetRxBufferSize
                0x00000818       0x18 .\CortexM3\ARM_GCC_541\Debug\DC-Motor-PWM.a(UART_1.o)
                0x00000818                UART_1_GetRxBufferSize
 .text.UART_1_WriteTxData
                0x00000830       0x14 .\CortexM3\ARM_GCC_541\Debug\DC-Motor-PWM.a(UART_1.o)
                0x00000830                UART_1_WriteTxData
 .text.UART_1_PutChar
                0x00000844       0x18 .\CortexM3\ARM_GCC_541\Debug\DC-Motor-PWM.a(UART_1.o)
                0x00000844                UART_1_PutChar
 .text.UART_1_PutString
                0x0000085c       0x24 .\CortexM3\ARM_GCC_541\Debug\DC-Motor-PWM.a(UART_1.o)
                0x0000085c                UART_1_PutString
 .text.isr_uart_rx_SetVector
                0x00000880        0xc .\CortexM3\ARM_GCC_541\Debug\DC-Motor-PWM.a(isr_uart_rx.o)
                0x00000880                isr_uart_rx_SetVector
 .text.isr_uart_rx_SetPriority
                0x0000088c       0x10 .\CortexM3\ARM_GCC_541\Debug\DC-Motor-PWM.a(isr_uart_rx.o)
                0x0000088c                isr_uart_rx_SetPriority
 .text.isr_uart_rx_Enable
                0x0000089c        0xc .\CortexM3\ARM_GCC_541\Debug\DC-Motor-PWM.a(isr_uart_rx.o)
                0x0000089c                isr_uart_rx_Enable
 .text.isr_uart_rx_Disable
                0x000008a8        0xc .\CortexM3\ARM_GCC_541\Debug\DC-Motor-PWM.a(isr_uart_rx.o)
                0x000008a8                isr_uart_rx_Disable
 .text.isr_uart_rx_StartEx
                0x000008b4       0x1c .\CortexM3\ARM_GCC_541\Debug\DC-Motor-PWM.a(isr_uart_rx.o)
                0x000008b4                isr_uart_rx_StartEx
 .text.UART_1_IntClock_Start
                0x000008d0       0x1c .\CortexM3\ARM_GCC_541\Debug\DC-Motor-PWM.a(UART_1_IntClock.o)
                0x000008d0                UART_1_IntClock_Start
 .text.CyHalt   0x000008ec        0x4 .\CortexM3\ARM_GCC_541\Debug\DC-Motor-PWM.a(CyLib.o)
                0x000008ec                CyHalt
 .text.CyDelay  0x000008f0       0x2c .\CortexM3\ARM_GCC_541\Debug\DC-Motor-PWM.a(CyLib.o)
                0x000008f0                CyDelay
 .text.CyDelayUs
                0x0000091c       0x14 .\CortexM3\ARM_GCC_541\Debug\DC-Motor-PWM.a(CyLib.o)
                0x0000091c                CyDelayUs
 .text.CyIntSetVector
                0x00000930       0x28 .\CortexM3\ARM_GCC_541\Debug\DC-Motor-PWM.a(CyLib.o)
                0x00000930                CyIntSetVector
 .text.CyIntSetPriority
                0x00000958       0x30 .\CortexM3\ARM_GCC_541\Debug\DC-Motor-PWM.a(CyLib.o)
                0x00000958                CyIntSetPriority
 .text.Pin_1_Read
                0x00000988       0x10 .\CortexM3\ARM_GCC_541\Debug\DC-Motor-PWM.a(Pin_1.o)
                0x00000988                Pin_1_Read
 .text.Pin_1_ClearInterrupt
                0x00000998       0x10 .\CortexM3\ARM_GCC_541\Debug\DC-Motor-PWM.a(Pin_1.o)
                0x00000998                Pin_1_ClearInterrupt
 .text.PWM_M1_Enable
                0x000009a8       0x10 .\CortexM3\ARM_GCC_541\Debug\DC-Motor-PWM.a(PWM_M1.o)
                0x000009a8                PWM_M1_Enable
 .text.PWM_M1_WriteCounter
                0x000009b8        0xc .\CortexM3\ARM_GCC_541\Debug\DC-Motor-PWM.a(PWM_M1.o)
                0x000009b8                PWM_M1_WriteCounter
 .text.PWM_M1_WritePeriod
                0x000009c4        0xc .\CortexM3\ARM_GCC_541\Debug\DC-Motor-PWM.a(PWM_M1.o)
                0x000009c4                PWM_M1_WritePeriod
 .text.PWM_M1_WriteCompare
                0x000009d0        0xc .\CortexM3\ARM_GCC_541\Debug\DC-Motor-PWM.a(PWM_M1.o)
                0x000009d0                PWM_M1_WriteCompare
 .text.PWM_M1_SetInterruptMode
                0x000009dc        0xc .\CortexM3\ARM_GCC_541\Debug\DC-Motor-PWM.a(PWM_M1.o)
                0x000009dc                PWM_M1_SetInterruptMode
 .text.PWM_M1_ReadStatusRegister
                0x000009e8        0xc .\CortexM3\ARM_GCC_541\Debug\DC-Motor-PWM.a(PWM_M1.o)
                0x000009e8                PWM_M1_ReadStatusRegister
 .text.PWM_M1_ReadCapture
                0x000009f4        0xc .\CortexM3\ARM_GCC_541\Debug\DC-Motor-PWM.a(PWM_M1.o)
                0x000009f4                PWM_M1_ReadCapture
 .text.PWM_M1_ClearFIFO
                0x00000a00       0x14 .\CortexM3\ARM_GCC_541\Debug\DC-Motor-PWM.a(PWM_M1.o)
                0x00000a00                PWM_M1_ClearFIFO
 .text.PWM_M1_Init
                0x00000a14       0x50 .\CortexM3\ARM_GCC_541\Debug\DC-Motor-PWM.a(PWM_M1.o)
                0x00000a14                PWM_M1_Init
 .text.PWM_M1_Start
                0x00000a64       0x1c .\CortexM3\ARM_GCC_541\Debug\DC-Motor-PWM.a(PWM_M1.o)
                0x00000a64                PWM_M1_Start
 .text.PWM_M2_Enable
                0x00000a80       0x10 .\CortexM3\ARM_GCC_541\Debug\DC-Motor-PWM.a(PWM_M2.o)
                0x00000a80                PWM_M2_Enable
 .text.PWM_M2_WriteCounter
                0x00000a90        0xc .\CortexM3\ARM_GCC_541\Debug\DC-Motor-PWM.a(PWM_M2.o)
                0x00000a90                PWM_M2_WriteCounter
 .text.PWM_M2_WritePeriod
                0x00000a9c        0xc .\CortexM3\ARM_GCC_541\Debug\DC-Motor-PWM.a(PWM_M2.o)
                0x00000a9c                PWM_M2_WritePeriod
 .text.PWM_M2_WriteCompare
                0x00000aa8        0xc .\CortexM3\ARM_GCC_541\Debug\DC-Motor-PWM.a(PWM_M2.o)
                0x00000aa8                PWM_M2_WriteCompare
 .text.PWM_M2_SetInterruptMode
                0x00000ab4        0xc .\CortexM3\ARM_GCC_541\Debug\DC-Motor-PWM.a(PWM_M2.o)
                0x00000ab4                PWM_M2_SetInterruptMode
 .text.PWM_M2_ReadStatusRegister
                0x00000ac0        0xc .\CortexM3\ARM_GCC_541\Debug\DC-Motor-PWM.a(PWM_M2.o)
                0x00000ac0                PWM_M2_ReadStatusRegister
 .text.PWM_M2_ReadCapture
                0x00000acc        0xc .\CortexM3\ARM_GCC_541\Debug\DC-Motor-PWM.a(PWM_M2.o)
                0x00000acc                PWM_M2_ReadCapture
 .text.PWM_M2_ClearFIFO
                0x00000ad8       0x14 .\CortexM3\ARM_GCC_541\Debug\DC-Motor-PWM.a(PWM_M2.o)
                0x00000ad8                PWM_M2_ClearFIFO
 .text.PWM_M2_Init
                0x00000aec       0x54 .\CortexM3\ARM_GCC_541\Debug\DC-Motor-PWM.a(PWM_M2.o)
                0x00000aec                PWM_M2_Init
 .text.PWM_M2_Start
                0x00000b40       0x1c .\CortexM3\ARM_GCC_541\Debug\DC-Motor-PWM.a(PWM_M2.o)
                0x00000b40                PWM_M2_Start
 .text.PWM_P_Enable
                0x00000b5c       0x10 .\CortexM3\ARM_GCC_541\Debug\DC-Motor-PWM.a(PWM_P.o)
                0x00000b5c                PWM_P_Enable
 .text.PWM_P_WriteCounter
                0x00000b6c        0xc .\CortexM3\ARM_GCC_541\Debug\DC-Motor-PWM.a(PWM_P.o)
                0x00000b6c                PWM_P_WriteCounter
 .text.PWM_P_WritePeriod
                0x00000b78        0xc .\CortexM3\ARM_GCC_541\Debug\DC-Motor-PWM.a(PWM_P.o)
                0x00000b78                PWM_P_WritePeriod
 .text.PWM_P_WriteCompare
                0x00000b84        0xc .\CortexM3\ARM_GCC_541\Debug\DC-Motor-PWM.a(PWM_P.o)
                0x00000b84                PWM_P_WriteCompare
 .text.PWM_P_SetInterruptMode
                0x00000b90        0xc .\CortexM3\ARM_GCC_541\Debug\DC-Motor-PWM.a(PWM_P.o)
                0x00000b90                PWM_P_SetInterruptMode
 .text.PWM_P_ReadStatusRegister
                0x00000b9c        0xc .\CortexM3\ARM_GCC_541\Debug\DC-Motor-PWM.a(PWM_P.o)
                0x00000b9c                PWM_P_ReadStatusRegister
 .text.PWM_P_ReadCapture
                0x00000ba8        0xc .\CortexM3\ARM_GCC_541\Debug\DC-Motor-PWM.a(PWM_P.o)
                0x00000ba8                PWM_P_ReadCapture
 .text.PWM_P_ClearFIFO
                0x00000bb4       0x14 .\CortexM3\ARM_GCC_541\Debug\DC-Motor-PWM.a(PWM_P.o)
                0x00000bb4                PWM_P_ClearFIFO
 .text.PWM_P_Init
                0x00000bc8       0x50 .\CortexM3\ARM_GCC_541\Debug\DC-Motor-PWM.a(PWM_P.o)
                0x00000bc8                PWM_P_Init
 .text.PWM_P_Start
                0x00000c18       0x1c .\CortexM3\ARM_GCC_541\Debug\DC-Motor-PWM.a(PWM_P.o)
                0x00000c18                PWM_P_Start
 .text.SPI_Slave_Enable
                0x00000c34       0x38 .\CortexM3\ARM_GCC_541\Debug\DC-Motor-PWM.a(SPI_Slave.o)
                0x00000c34                SPI_Slave_Enable
 .text.SPI_Slave_ReadTxStatus
                0x00000c6c        0xc .\CortexM3\ARM_GCC_541\Debug\DC-Motor-PWM.a(SPI_Slave.o)
                0x00000c6c                SPI_Slave_ReadTxStatus
 .text.SPI_Slave_ReadRxStatus
                0x00000c78        0xc .\CortexM3\ARM_GCC_541\Debug\DC-Motor-PWM.a(SPI_Slave.o)
                0x00000c78                SPI_Slave_ReadRxStatus
 .text.SPI_Slave_ReadRxData
                0x00000c84        0xc .\CortexM3\ARM_GCC_541\Debug\DC-Motor-PWM.a(SPI_Slave.o)
                0x00000c84                SPI_Slave_ReadRxData
 .text.SPI_Slave_ClearRxBuffer
                0x00000c90       0x1c .\CortexM3\ARM_GCC_541\Debug\DC-Motor-PWM.a(SPI_Slave.o)
                0x00000c90                SPI_Slave_ClearRxBuffer
 .text.SPI_Slave_ClearFIFO
                0x00000cac       0x3c .\CortexM3\ARM_GCC_541\Debug\DC-Motor-PWM.a(SPI_Slave.o)
                0x00000cac                SPI_Slave_ClearFIFO
 .text.SPI_Slave_Init
                0x00000ce8       0x48 .\CortexM3\ARM_GCC_541\Debug\DC-Motor-PWM.a(SPI_Slave.o)
                0x00000ce8                SPI_Slave_Init
 .text.SPI_Slave_Start
                0x00000d30       0x1c .\CortexM3\ARM_GCC_541\Debug\DC-Motor-PWM.a(SPI_Slave.o)
                0x00000d30                SPI_Slave_Start
 .text.SPI_Slave_RX_ISR
                0x00000d4c        0x4 .\CortexM3\ARM_GCC_541\Debug\DC-Motor-PWM.a(SPI_Slave_INT.o)
                0x00000d4c                SPI_Slave_RX_ISR
 .text.ISR_SPI_SetVector
                0x00000d50        0xc .\CortexM3\ARM_GCC_541\Debug\DC-Motor-PWM.a(ISR_SPI.o)
                0x00000d50                ISR_SPI_SetVector
 .text.ISR_SPI_SetPriority
                0x00000d5c       0x10 .\CortexM3\ARM_GCC_541\Debug\DC-Motor-PWM.a(ISR_SPI.o)
                0x00000d5c                ISR_SPI_SetPriority
 .text.ISR_SPI_Enable
                0x00000d6c        0xc .\CortexM3\ARM_GCC_541\Debug\DC-Motor-PWM.a(ISR_SPI.o)
                0x00000d6c                ISR_SPI_Enable
 .text.ISR_SPI_Disable
                0x00000d78        0xc .\CortexM3\ARM_GCC_541\Debug\DC-Motor-PWM.a(ISR_SPI.o)
                0x00000d78                ISR_SPI_Disable
 .text.ISR_SPI_StartEx
                0x00000d84       0x1c .\CortexM3\ARM_GCC_541\Debug\DC-Motor-PWM.a(ISR_SPI.o)
                0x00000d84                ISR_SPI_StartEx
 .text.PWM_M3_Enable
                0x00000da0       0x10 .\CortexM3\ARM_GCC_541\Debug\DC-Motor-PWM.a(PWM_M3.o)
                0x00000da0                PWM_M3_Enable
 .text.PWM_M3_WriteCounter
                0x00000db0        0xc .\CortexM3\ARM_GCC_541\Debug\DC-Motor-PWM.a(PWM_M3.o)
                0x00000db0                PWM_M3_WriteCounter
 .text.PWM_M3_WritePeriod
                0x00000dbc        0xc .\CortexM3\ARM_GCC_541\Debug\DC-Motor-PWM.a(PWM_M3.o)
                0x00000dbc                PWM_M3_WritePeriod
 .text.PWM_M3_WriteCompare
                0x00000dc8        0xc .\CortexM3\ARM_GCC_541\Debug\DC-Motor-PWM.a(PWM_M3.o)
                0x00000dc8                PWM_M3_WriteCompare
 .text.PWM_M3_SetInterruptMode
                0x00000dd4        0xc .\CortexM3\ARM_GCC_541\Debug\DC-Motor-PWM.a(PWM_M3.o)
                0x00000dd4                PWM_M3_SetInterruptMode
 .text.PWM_M3_ReadStatusRegister
                0x00000de0        0xc .\CortexM3\ARM_GCC_541\Debug\DC-Motor-PWM.a(PWM_M3.o)
                0x00000de0                PWM_M3_ReadStatusRegister
 .text.PWM_M3_ReadCapture
                0x00000dec        0xc .\CortexM3\ARM_GCC_541\Debug\DC-Motor-PWM.a(PWM_M3.o)
                0x00000dec                PWM_M3_ReadCapture
 .text.PWM_M3_ClearFIFO
                0x00000df8       0x14 .\CortexM3\ARM_GCC_541\Debug\DC-Motor-PWM.a(PWM_M3.o)
                0x00000df8                PWM_M3_ClearFIFO
 .text.PWM_M3_Init
                0x00000e0c       0x50 .\CortexM3\ARM_GCC_541\Debug\DC-Motor-PWM.a(PWM_M3.o)
                0x00000e0c                PWM_M3_Init
 .text.PWM_M3_Start
                0x00000e5c       0x1c .\CortexM3\ARM_GCC_541\Debug\DC-Motor-PWM.a(PWM_M3.o)
                0x00000e5c                PWM_M3_Start
 .text.PWM_M4_Enable
                0x00000e78       0x10 .\CortexM3\ARM_GCC_541\Debug\DC-Motor-PWM.a(PWM_M4.o)
                0x00000e78                PWM_M4_Enable
 .text.PWM_M4_WriteCounter
                0x00000e88        0xc .\CortexM3\ARM_GCC_541\Debug\DC-Motor-PWM.a(PWM_M4.o)
                0x00000e88                PWM_M4_WriteCounter
 .text.PWM_M4_WritePeriod
                0x00000e94        0xc .\CortexM3\ARM_GCC_541\Debug\DC-Motor-PWM.a(PWM_M4.o)
                0x00000e94                PWM_M4_WritePeriod
 .text.PWM_M4_WriteCompare
                0x00000ea0        0xc .\CortexM3\ARM_GCC_541\Debug\DC-Motor-PWM.a(PWM_M4.o)
                0x00000ea0                PWM_M4_WriteCompare
 .text.PWM_M4_SetInterruptMode
                0x00000eac        0xc .\CortexM3\ARM_GCC_541\Debug\DC-Motor-PWM.a(PWM_M4.o)
                0x00000eac                PWM_M4_SetInterruptMode
 .text.PWM_M4_ReadStatusRegister
                0x00000eb8        0xc .\CortexM3\ARM_GCC_541\Debug\DC-Motor-PWM.a(PWM_M4.o)
                0x00000eb8                PWM_M4_ReadStatusRegister
 .text.PWM_M4_ReadCapture
                0x00000ec4        0xc .\CortexM3\ARM_GCC_541\Debug\DC-Motor-PWM.a(PWM_M4.o)
                0x00000ec4                PWM_M4_ReadCapture
 .text.PWM_M4_ClearFIFO
                0x00000ed0       0x14 .\CortexM3\ARM_GCC_541\Debug\DC-Motor-PWM.a(PWM_M4.o)
                0x00000ed0                PWM_M4_ClearFIFO
 .text.PWM_M4_Init
                0x00000ee4       0x50 .\CortexM3\ARM_GCC_541\Debug\DC-Motor-PWM.a(PWM_M4.o)
                0x00000ee4                PWM_M4_Init
 .text.PWM_M4_Start
                0x00000f34       0x1c .\CortexM3\ARM_GCC_541\Debug\DC-Motor-PWM.a(PWM_M4.o)
                0x00000f34                PWM_M4_Start
 .text.isr_1_SetVector
                0x00000f50        0xc .\CortexM3\ARM_GCC_541\Debug\DC-Motor-PWM.a(isr_1.o)
                0x00000f50                isr_1_SetVector
 .text.isr_1_SetPriority
                0x00000f5c       0x10 .\CortexM3\ARM_GCC_541\Debug\DC-Motor-PWM.a(isr_1.o)
                0x00000f5c                isr_1_SetPriority
 .text.isr_1_Enable
                0x00000f6c        0xc .\CortexM3\ARM_GCC_541\Debug\DC-Motor-PWM.a(isr_1.o)
                0x00000f6c                isr_1_Enable
 .text.isr_1_Disable
                0x00000f78        0xc .\CortexM3\ARM_GCC_541\Debug\DC-Motor-PWM.a(isr_1.o)
                0x00000f78                isr_1_Disable
 .text.isr_1_StartEx
                0x00000f84       0x1c .\CortexM3\ARM_GCC_541\Debug\DC-Motor-PWM.a(isr_1.o)
                0x00000f84                isr_1_StartEx
 .text.isr_1_ClearPending
                0x00000fa0        0xc .\CortexM3\ARM_GCC_541\Debug\DC-Motor-PWM.a(isr_1.o)
                0x00000fa0                isr_1_ClearPending
 .text.ADC_SAR_1_CalcGain
                0x00000fac       0x64 .\CortexM3\ARM_GCC_541\Debug\DC-Motor-PWM.a(ADC_SAR_1.o)
 .text.ADC_SAR_1_Enable
                0x00001010       0x98 .\CortexM3\ARM_GCC_541\Debug\DC-Motor-PWM.a(ADC_SAR_1.o)
                0x00001010                ADC_SAR_1_Enable
 .text.ADC_SAR_1_SetResolution
                0x000010a8       0x38 .\CortexM3\ARM_GCC_541\Debug\DC-Motor-PWM.a(ADC_SAR_1.o)
                0x000010a8                ADC_SAR_1_SetResolution
 .text.ADC_SAR_1_Init
                0x000010e0       0x3c .\CortexM3\ARM_GCC_541\Debug\DC-Motor-PWM.a(ADC_SAR_1.o)
                0x000010e0                ADC_SAR_1_Init
 .text.ADC_SAR_1_Start
                0x0000111c       0x1c .\CortexM3\ARM_GCC_541\Debug\DC-Motor-PWM.a(ADC_SAR_1.o)
                0x0000111c                ADC_SAR_1_Start
 .text.ADC_SAR_1_StartConvert
                0x00001138       0x10 .\CortexM3\ARM_GCC_541\Debug\DC-Motor-PWM.a(ADC_SAR_1.o)
                0x00001138                ADC_SAR_1_StartConvert
 .text.ADC_SAR_1_IsEndConversion
                0x00001148       0x24 .\CortexM3\ARM_GCC_541\Debug\DC-Motor-PWM.a(ADC_SAR_1.o)
                0x00001148                ADC_SAR_1_IsEndConversion
 .text.ADC_SAR_1_GetResult16
                0x0000116c       0x18 .\CortexM3\ARM_GCC_541\Debug\DC-Motor-PWM.a(ADC_SAR_1.o)
                0x0000116c                ADC_SAR_1_GetResult16
 .text.ADC_SAR_1_SetOffset
                0x00001184        0xc .\CortexM3\ARM_GCC_541\Debug\DC-Motor-PWM.a(ADC_SAR_1.o)
                0x00001184                ADC_SAR_1_SetOffset
 .text.ADC_SAR_1_ISR
                0x00001190        0x4 .\CortexM3\ARM_GCC_541\Debug\DC-Motor-PWM.a(ADC_SAR_1_INT.o)
                0x00001190                ADC_SAR_1_ISR
 .text.ADC_SAR_1_theACLK_SetModeRegister
                0x00001194       0x14 .\CortexM3\ARM_GCC_541\Debug\DC-Motor-PWM.a(ADC_SAR_1_theACLK.o)
                0x00001194                ADC_SAR_1_theACLK_SetModeRegister
 .text          0x000011a8       0x20 .\CortexM3\ARM_GCC_541\Debug\DC-Motor-PWM.a(CyBootAsmGnu.o)
                0x000011a8                CyDelayCycles
                0x000011b8                CyEnterCriticalSection
                0x000011c0                CyExitCriticalSection
 .text          0x000011c8      0x370 c:/program files (x86)/cypress/psoc creator/4.1/psoc creator/import/gnu/arm/5.4.1/bin/../lib/gcc/arm-none-eabi/5.4.1/armv7-m\libgcc.a(_arm_addsubdf3.o)
                0x000011c8                __aeabi_drsub
                0x000011d0                __aeabi_dsub
                0x000011d0                __subdf3
                0x000011d4                __aeabi_dadd
                0x000011d4                __adddf3
                0x0000144c                __floatunsidf
                0x0000144c                __aeabi_ui2d
                0x0000146c                __floatsidf
                0x0000146c                __aeabi_i2d
                0x00001490                __aeabi_f2d
                0x00001490                __extendsfdf2
                0x000014cc                __floatundidf
                0x000014cc                __aeabi_ul2d
                0x000014dc                __floatdidf
                0x000014dc                __aeabi_l2d
 .text          0x00001538      0x424 c:/program files (x86)/cypress/psoc creator/4.1/psoc creator/import/gnu/arm/5.4.1/bin/../lib/gcc/arm-none-eabi/5.4.1/armv7-m\libgcc.a(_arm_muldivdf3.o)
                0x00001538                __aeabi_dmul
                0x00001538                __muldf3
                0x0000178c                __divdf3
                0x0000178c                __aeabi_ddiv
 .text          0x0000195c      0x110 c:/program files (x86)/cypress/psoc creator/4.1/psoc creator/import/gnu/arm/5.4.1/bin/../lib/gcc/arm-none-eabi/5.4.1/armv7-m\libgcc.a(_arm_cmpdf2.o)
                0x0000195c                __gtdf2
                0x0000195c                __gedf2
                0x00001964                __ltdf2
                0x00001964                __ledf2
                0x0000196c                __nedf2
                0x0000196c                __eqdf2
                0x0000196c                __cmpdf2
                0x000019e8                __aeabi_cdrcmple
                0x000019f8                __aeabi_cdcmpeq
                0x000019f8                __aeabi_cdcmple
                0x00001a08                __aeabi_dcmpeq
                0x00001a1c                __aeabi_dcmplt
                0x00001a30                __aeabi_dcmple
                0x00001a44                __aeabi_dcmpge
                0x00001a58                __aeabi_dcmpgt
 .text.__errno  0x00001a6c        0xc c:/program files (x86)/cypress/psoc creator/4.1/psoc creator/import/gnu/arm/5.4.1/bin/../lib/gcc/arm-none-eabi/5.4.1/../../../../arm-none-eabi/lib/armv7-m\libg_nano.a(lib_a-errno.o)
                0x00001a6c                __errno
 .text.__libc_init_array
                0x00001a78       0x4c c:/program files (x86)/cypress/psoc creator/4.1/psoc creator/import/gnu/arm/5.4.1/bin/../lib/gcc/arm-none-eabi/5.4.1/../../../../arm-none-eabi/lib/armv7-m\libg_nano.a(lib_a-init.o)
                0x00001a78                __libc_init_array
 .text.memcpy   0x00001ac4       0x16 c:/program files (x86)/cypress/psoc creator/4.1/psoc creator/import/gnu/arm/5.4.1/bin/../lib/gcc/arm-none-eabi/5.4.1/../../../../arm-none-eabi/lib/armv7-m\libg_nano.a(lib_a-memcpy-stub.o)
                0x00001ac4                memcpy
 .text.memset   0x00001ada       0x10 c:/program files (x86)/cypress/psoc creator/4.1/psoc creator/import/gnu/arm/5.4.1/bin/../lib/gcc/arm-none-eabi/5.4.1/../../../../arm-none-eabi/lib/armv7-m\libg_nano.a(lib_a-memset.o)
                0x00001ada                memset
 .text.__cvt    0x00001aea       0xc0 c:/program files (x86)/cypress/psoc creator/4.1/psoc creator/import/gnu/arm/5.4.1/bin/../lib/gcc/arm-none-eabi/5.4.1/../../../../arm-none-eabi/lib/armv7-m\libg_nano.a(lib_a-nano-vfprintf_float.o)
                0x00001aea                __cvt
 .text.__exponent
                0x00001baa       0x62 c:/program files (x86)/cypress/psoc creator/4.1/psoc creator/import/gnu/arm/5.4.1/bin/../lib/gcc/arm-none-eabi/5.4.1/../../../../arm-none-eabi/lib/armv7-m\libg_nano.a(lib_a-nano-vfprintf_float.o)
                0x00001baa                __exponent
 .text._printf_float
                0x00001c0c      0x488 c:/program files (x86)/cypress/psoc creator/4.1/psoc creator/import/gnu/arm/5.4.1/bin/../lib/gcc/arm-none-eabi/5.4.1/../../../../arm-none-eabi/lib/armv7-m\libg_nano.a(lib_a-nano-vfprintf_float.o)
                0x00001c0c                _printf_float
 .text._printf_common
                0x00002094       0xec c:/program files (x86)/cypress/psoc creator/4.1/psoc creator/import/gnu/arm/5.4.1/bin/../lib/gcc/arm-none-eabi/5.4.1/../../../../arm-none-eabi/lib/armv7-m\libg_nano.a(lib_a-nano-vfprintf_i.o)
                0x00002094                _printf_common
 .text          0x00002180       0x10 c:/program files (x86)/cypress/psoc creator/4.1/psoc creator/import/gnu/arm/5.4.1/bin/../lib/gcc/arm-none-eabi/5.4.1/../../../../arm-none-eabi/lib/armv7-m\libg_nano.a(lib_a-strlen.o)
                0x00002180                strlen
 .text.quorem   0x00002190      0x116 c:/program files (x86)/cypress/psoc creator/4.1/psoc creator/import/gnu/arm/5.4.1/bin/../lib/gcc/arm-none-eabi/5.4.1/../../../../arm-none-eabi/lib/armv7-m\libg_nano.a(lib_a-dtoa.o)
 *fill*         0x000022a6        0x2 
 .text._dtoa_r  0x000022a8      0xb30 c:/program files (x86)/cypress/psoc creator/4.1/psoc creator/import/gnu/arm/5.4.1/bin/../lib/gcc/arm-none-eabi/5.4.1/../../../../arm-none-eabi/lib/armv7-m\libg_nano.a(lib_a-dtoa.o)
                0x000022a8                _dtoa_r
 .text._localeconv_r
                0x00002dd8        0x8 c:/program files (x86)/cypress/psoc creator/4.1/psoc creator/import/gnu/arm/5.4.1/bin/../lib/gcc/arm-none-eabi/5.4.1/../../../../arm-none-eabi/lib/armv7-m\libg_nano.a(lib_a-locale.o)
                0x00002dd8                _localeconv_r
 .text.malloc   0x00002de0       0x10 c:/program files (x86)/cypress/psoc creator/4.1/psoc creator/import/gnu/arm/5.4.1/bin/../lib/gcc/arm-none-eabi/5.4.1/../../../../arm-none-eabi/lib/armv7-m\libg_nano.a(lib_a-malloc.o)
                0x00002de0                malloc
 .text._Balloc  0x00002df0       0x6a c:/program files (x86)/cypress/psoc creator/4.1/psoc creator/import/gnu/arm/5.4.1/bin/../lib/gcc/arm-none-eabi/5.4.1/../../../../arm-none-eabi/lib/armv7-m\libg_nano.a(lib_a-mprec.o)
                0x00002df0                _Balloc
 .text._Bfree   0x00002e5a       0x2e c:/program files (x86)/cypress/psoc creator/4.1/psoc creator/import/gnu/arm/5.4.1/bin/../lib/gcc/arm-none-eabi/5.4.1/../../../../arm-none-eabi/lib/armv7-m\libg_nano.a(lib_a-mprec.o)
                0x00002e5a                _Bfree
 .text.__multadd
                0x00002e88       0x76 c:/program files (x86)/cypress/psoc creator/4.1/psoc creator/import/gnu/arm/5.4.1/bin/../lib/gcc/arm-none-eabi/5.4.1/../../../../arm-none-eabi/lib/armv7-m\libg_nano.a(lib_a-mprec.o)
                0x00002e88                __multadd
 .text.__hi0bits
                0x00002efe       0x40 c:/program files (x86)/cypress/psoc creator/4.1/psoc creator/import/gnu/arm/5.4.1/bin/../lib/gcc/arm-none-eabi/5.4.1/../../../../arm-none-eabi/lib/armv7-m\libg_nano.a(lib_a-mprec.o)
                0x00002efe                __hi0bits
 .text.__lo0bits
                0x00002f3e       0x5a c:/program files (x86)/cypress/psoc creator/4.1/psoc creator/import/gnu/arm/5.4.1/bin/../lib/gcc/arm-none-eabi/5.4.1/../../../../arm-none-eabi/lib/armv7-m\libg_nano.a(lib_a-mprec.o)
                0x00002f3e                __lo0bits
 .text.__i2b    0x00002f98       0x12 c:/program files (x86)/cypress/psoc creator/4.1/psoc creator/import/gnu/arm/5.4.1/bin/../lib/gcc/arm-none-eabi/5.4.1/../../../../arm-none-eabi/lib/armv7-m\libg_nano.a(lib_a-mprec.o)
                0x00002f98                __i2b
 .text.__multiply
                0x00002faa      0x120 c:/program files (x86)/cypress/psoc creator/4.1/psoc creator/import/gnu/arm/5.4.1/bin/../lib/gcc/arm-none-eabi/5.4.1/../../../../arm-none-eabi/lib/armv7-m\libg_nano.a(lib_a-mprec.o)
                0x00002faa                __multiply
 *fill*         0x000030ca        0x2 
 .text.__pow5mult
                0x000030cc       0x9c c:/program files (x86)/cypress/psoc creator/4.1/psoc creator/import/gnu/arm/5.4.1/bin/../lib/gcc/arm-none-eabi/5.4.1/../../../../arm-none-eabi/lib/armv7-m\libg_nano.a(lib_a-mprec.o)
                0x000030cc                __pow5mult
 .text.__lshift
                0x00003168       0xa2 c:/program files (x86)/cypress/psoc creator/4.1/psoc creator/import/gnu/arm/5.4.1/bin/../lib/gcc/arm-none-eabi/5.4.1/../../../../arm-none-eabi/lib/armv7-m\libg_nano.a(lib_a-mprec.o)
                0x00003168                __lshift
 .text.__mcmp   0x0000320a       0x38 c:/program files (x86)/cypress/psoc creator/4.1/psoc creator/import/gnu/arm/5.4.1/bin/../lib/gcc/arm-none-eabi/5.4.1/../../../../arm-none-eabi/lib/armv7-m\libg_nano.a(lib_a-mprec.o)
                0x0000320a                __mcmp
 .text.__mdiff  0x00003242       0xbe c:/program files (x86)/cypress/psoc creator/4.1/psoc creator/import/gnu/arm/5.4.1/bin/../lib/gcc/arm-none-eabi/5.4.1/../../../../arm-none-eabi/lib/armv7-m\libg_nano.a(lib_a-mprec.o)
                0x00003242                __mdiff
 .text.__d2b    0x00003300       0x9c c:/program files (x86)/cypress/psoc creator/4.1/psoc creator/import/gnu/arm/5.4.1/bin/../lib/gcc/arm-none-eabi/5.4.1/../../../../arm-none-eabi/lib/armv7-m\libg_nano.a(lib_a-mprec.o)
                0x00003300                __d2b
 .text._calloc_r
                0x0000339c       0x1c c:/program files (x86)/cypress/psoc creator/4.1/psoc creator/import/gnu/arm/5.4.1/bin/../lib/gcc/arm-none-eabi/5.4.1/../../../../arm-none-eabi/lib/armv7-m\libg_nano.a(lib_a-nano-callocr.o)
                0x0000339c                _calloc_r
 .text._malloc_r
                0x000033b8       0xbc c:/program files (x86)/cypress/psoc creator/4.1/psoc creator/import/gnu/arm/5.4.1/bin/../lib/gcc/arm-none-eabi/5.4.1/../../../../arm-none-eabi/lib/armv7-m\libg_nano.a(lib_a-nano-mallocr.o)
                0x000033b8                _malloc_r
 .text._sbrk_r  0x00003474       0x20 c:/program files (x86)/cypress/psoc creator/4.1/psoc creator/import/gnu/arm/5.4.1/bin/../lib/gcc/arm-none-eabi/5.4.1/../../../../arm-none-eabi/lib/armv7-m\libg_nano.a(lib_a-sbrkr.o)
                0x00003474                _sbrk_r
 .text.__malloc_lock
                0x00003494        0x2 c:/program files (x86)/cypress/psoc creator/4.1/psoc creator/import/gnu/arm/5.4.1/bin/../lib/gcc/arm-none-eabi/5.4.1/../../../../arm-none-eabi/lib/armv7-m\libg_nano.a(lib_a-mlock.o)
                0x00003494                __malloc_lock
 .text.__malloc_unlock
                0x00003496        0x2 c:/program files (x86)/cypress/psoc creator/4.1/psoc creator/import/gnu/arm/5.4.1/bin/../lib/gcc/arm-none-eabi/5.4.1/../../../../arm-none-eabi/lib/armv7-m\libg_nano.a(lib_a-mlock.o)
                0x00003496                __malloc_unlock
 .text          0x00003498       0x2c c:/program files (x86)/cypress/psoc creator/4.1/psoc creator/import/gnu/arm/5.4.1/bin/../lib/gcc/arm-none-eabi/5.4.1/armv7-m\libgcc.a(_arm_unorddf2.o)
                0x00003498                __unorddf2
                0x00003498                __aeabi_dcmpun
 .text          0x000034c4       0x50 c:/program files (x86)/cypress/psoc creator/4.1/psoc creator/import/gnu/arm/5.4.1/bin/../lib/gcc/arm-none-eabi/5.4.1/armv7-m\libgcc.a(_arm_fixdfsi.o)
                0x000034c4                __aeabi_d2iz
                0x000034c4                __fixdfsi
 *(.plt)
 *(.gnu.warning)
 *(.glue_7t)
 .glue_7t       0x00003514        0x0 linker stubs
 *(.glue_7)
 .glue_7        0x00003514        0x0 linker stubs
 *(.vfp11_veneer)
 .vfp11_veneer  0x00003514        0x0 linker stubs
 *(.bootloader)
 *(.ARM.extab* .gnu.linkonce.armextab.*)
 *(.gcc_except_table)

.v4_bx          0x00003514        0x0
 .v4_bx         0x00003514        0x0 linker stubs

.iplt           0x00003514        0x0
 .iplt          0x00003514        0x0 c:/program files (x86)/cypress/psoc creator/4.1/psoc creator/import/gnu/arm/5.4.1/bin/../lib/gcc/arm-none-eabi/5.4.1/armv7-m/crtbegin.o

.eh_frame_hdr
 *(.eh_frame_hdr)

.eh_frame       0x00003514        0x4
 *(.eh_frame)
 .eh_frame      0x00003514        0x0 c:/program files (x86)/cypress/psoc creator/4.1/psoc creator/import/gnu/arm/5.4.1/bin/../lib/gcc/arm-none-eabi/5.4.1/armv7-m/crtbegin.o
 .eh_frame      0x00003514        0x4 c:/program files (x86)/cypress/psoc creator/4.1/psoc creator/import/gnu/arm/5.4.1/bin/../lib/gcc/arm-none-eabi/5.4.1/armv7-m/crtend.o
                [!provide]                PROVIDE (__exidx_start, .)

.ARM.exidx
 *(.ARM.exidx* .gnu.linkonce.armexidx.*)
                0x00003518                __exidx_end = .

.rodata         0x00003518      0x2c0
 *(.rodata .rodata.* .gnu.linkonce.r.*)
 .rodata.str1.4
                0x00003518       0xaa .\CortexM3\ARM_GCC_541\Debug\main.o
 *fill*         0x000035c2        0x2 
 .rodata.str1.4
                0x000035c4       0x88 .\CortexM3\ARM_GCC_541\Debug\Motor.o
                                 0x87 (size before relaxing)
 .rodata        0x0000364c       0x2a .\CortexM3\ARM_GCC_541\Debug\cyfitter_cfg.o
 .rodata.str1.1
                0x00003676        0x2 c:/program files (x86)/cypress/psoc creator/4.1/psoc creator/import/gnu/arm/5.4.1/bin/../lib/gcc/arm-none-eabi/5.4.1/../../../../arm-none-eabi/lib/armv7-m\libg_nano.a(lib_a-impure.o)
 .rodata.str1.1
                0x00003678       0x12 c:/program files (x86)/cypress/psoc creator/4.1/psoc creator/import/gnu/arm/5.4.1/bin/../lib/gcc/arm-none-eabi/5.4.1/../../../../arm-none-eabi/lib/armv7-m\libg_nano.a(lib_a-nano-vfprintf_float.o)
 .rodata.str1.1
                0x0000368a        0xd c:/program files (x86)/cypress/psoc creator/4.1/psoc creator/import/gnu/arm/5.4.1/bin/../lib/gcc/arm-none-eabi/5.4.1/../../../../arm-none-eabi/lib/armv7-m\libg_nano.a(lib_a-dtoa.o)
                                  0xf (size before relaxing)
 .rodata.str1.1
                0x00003697        0x8 c:/program files (x86)/cypress/psoc creator/4.1/psoc creator/import/gnu/arm/5.4.1/bin/../lib/gcc/arm-none-eabi/5.4.1/../../../../arm-none-eabi/lib/armv7-m\libg_nano.a(lib_a-locale.o)
                                  0xb (size before relaxing)
 *fill*         0x0000369f        0x1 
 .rodata.__mprec_tens
                0x000036a0       0xc8 c:/program files (x86)/cypress/psoc creator/4.1/psoc creator/import/gnu/arm/5.4.1/bin/../lib/gcc/arm-none-eabi/5.4.1/../../../../arm-none-eabi/lib/armv7-m\libg_nano.a(lib_a-mprec.o)
                0x000036a0                __mprec_tens
 .rodata.p05.5408
                0x00003768        0xc c:/program files (x86)/cypress/psoc creator/4.1/psoc creator/import/gnu/arm/5.4.1/bin/../lib/gcc/arm-none-eabi/5.4.1/../../../../arm-none-eabi/lib/armv7-m\libg_nano.a(lib_a-mprec.o)
 *fill*         0x00003774        0x4 
 .rodata.__mprec_bigtens
                0x00003778       0x28 c:/program files (x86)/cypress/psoc creator/4.1/psoc creator/import/gnu/arm/5.4.1/bin/../lib/gcc/arm-none-eabi/5.4.1/../../../../arm-none-eabi/lib/armv7-m\libg_nano.a(lib_a-mprec.o)
                0x00003778                __mprec_bigtens
                0x000037a0                . = ALIGN (0x4)
 *(.init)
 .init          0x000037a0        0x4 c:/program files (x86)/cypress/psoc creator/4.1/psoc creator/import/gnu/arm/5.4.1/bin/../lib/gcc/arm-none-eabi/5.4.1/armv7-m/crti.o
                0x000037a0                _init
 .init          0x000037a4        0x8 c:/program files (x86)/cypress/psoc creator/4.1/psoc creator/import/gnu/arm/5.4.1/bin/../lib/gcc/arm-none-eabi/5.4.1/armv7-m/crtn.o
                0x000037ac                . = ALIGN (0x4)
                0x000037ac                __preinit_array_start = .
 *(.preinit_array)
                0x000037ac                __preinit_array_end = .
                0x000037ac                . = ALIGN (0x4)
                0x000037ac                __init_array_start = .
 *(SORT(.init_array.*))
 *(.init_array)
 .init_array    0x000037ac        0x4 c:/program files (x86)/cypress/psoc creator/4.1/psoc creator/import/gnu/arm/5.4.1/bin/../lib/gcc/arm-none-eabi/5.4.1/armv7-m/crtbegin.o
 .init_array    0x000037b0        0x4 .\CortexM3\ARM_GCC_541\Debug\Cm3Start.o
                0x000037b4                __init_array_end = .
                0x000037b4                . = ALIGN (0x4)
 *(.fini)
 .fini          0x000037b4        0x4 c:/program files (x86)/cypress/psoc creator/4.1/psoc creator/import/gnu/arm/5.4.1/bin/../lib/gcc/arm-none-eabi/5.4.1/armv7-m/crti.o
                0x000037b4                _fini
 .fini          0x000037b8        0x8 c:/program files (x86)/cypress/psoc creator/4.1/psoc creator/import/gnu/arm/5.4.1/bin/../lib/gcc/arm-none-eabi/5.4.1/armv7-m/crtn.o
                0x000037c0                . = ALIGN (0x4)
                0x000037c0                __fini_array_start = .
 *(.fini_array)
 .fini_array    0x000037c0        0x4 c:/program files (x86)/cypress/psoc creator/4.1/psoc creator/import/gnu/arm/5.4.1/bin/../lib/gcc/arm-none-eabi/5.4.1/armv7-m/crtbegin.o
 *(SORT(.fini_array.*))
                0x000037c4                __fini_array_end = .
                0x000037c4                . = ALIGN (0x4)
 *crtbegin.o(.ctors)
 *(EXCLUDE_FILE(*crtend.o) .ctors)
 *(SORT(.ctors.*))
 *crtend.o(.ctors)
                0x000037c4                . = ALIGN (0x4)
 *crtbegin.o(.dtors)
 *(EXCLUDE_FILE(*crtend.o) .dtors)
 *(SORT(.dtors.*))
 *crtend.o(.dtors)
                0x000037c4                . = ALIGN (0x4)
                0x000037c4                __cy_regions = .
                0x000037c4        0x4 LONG 0x37d8 __cy_region_init_ram
                0x000037c8        0x4 LONG 0x1fff80c8 __cy_region_start_data
                0x000037cc        0x4 LONG 0xc0 __cy_region_init_size_ram
                0x000037d0        0x4 LONG 0x48 __cy_region_zero_size_ram
                0x000037d4                __cy_regions_end = .
                0x000037d8                . = ALIGN (0x8)
 *fill*         0x000037d4        0x4 
                0x000037d8                _etext = .

.cy_checksum_exclude
                0x000037d8        0x0
 *(.cy_checksum_exclude)

.ramvectors     0x1fff8000       0xc0
                0x1fff8000                __cy_region_start_ram = .
 *(.ramvectors)
 .ramvectors    0x1fff8000       0xc0 .\CortexM3\ARM_GCC_541\Debug\Cm3Start.o
                0x1fff8000                CyRamVectors

.noinit         0x1fff80c0        0x1
 *(.noinit)
 .noinit        0x1fff80c0        0x1 .\CortexM3\ARM_GCC_541\Debug\DC-Motor-PWM.a(CyLib.o)
                0x1fff80c0                CyResetStatus

.data           0x1fff80c8       0xc0 load address 0x000037d8
                0x1fff80c8                __cy_region_start_data = .
 *(.jcr)
 .jcr           0x1fff80c8        0x0 c:/program files (x86)/cypress/psoc creator/4.1/psoc creator/import/gnu/arm/5.4.1/bin/../lib/gcc/arm-none-eabi/5.4.1/armv7-m/crtbegin.o
 .jcr           0x1fff80c8        0x4 c:/program files (x86)/cypress/psoc creator/4.1/psoc creator/import/gnu/arm/5.4.1/bin/../lib/gcc/arm-none-eabi/5.4.1/armv7-m/crtend.o
 *(.got.plt)
 *(.got)
 *(.shdata)
 *(.data .data.* .gnu.linkonce.d.*)
 .data          0x1fff80cc        0xc .\CortexM3\ARM_GCC_541\Debug\Motor.o
                0x1fff80cc                speed
                0x1fff80cd                forward
                0x1fff80d0                backTimer
                0x1fff80d4                turnSpeed
 .data          0x1fff80d8        0x4 .\CortexM3\ARM_GCC_541\Debug\Cm3Start.o
 .data          0x1fff80dc       0x10 .\CortexM3\ARM_GCC_541\Debug\DC-Motor-PWM.a(CyLib.o)
                0x1fff80dc                cydelay_32k_ms
                0x1fff80e0                cydelay_freq_khz
                0x1fff80e4                cydelay_freq_mhz
                0x1fff80e8                cydelay_freq_hz
 .data.impure_data
                0x1fff80ec       0x60 c:/program files (x86)/cypress/psoc creator/4.1/psoc creator/import/gnu/arm/5.4.1/bin/../lib/gcc/arm-none-eabi/5.4.1/../../../../arm-none-eabi/lib/armv7-m\libg_nano.a(lib_a-impure.o)
 .data._impure_ptr
                0x1fff814c        0x4 c:/program files (x86)/cypress/psoc creator/4.1/psoc creator/import/gnu/arm/5.4.1/bin/../lib/gcc/arm-none-eabi/5.4.1/../../../../arm-none-eabi/lib/armv7-m\libg_nano.a(lib_a-impure.o)
                0x1fff814c                _impure_ptr
 .data.lconv    0x1fff8150       0x38 c:/program files (x86)/cypress/psoc creator/4.1/psoc creator/import/gnu/arm/5.4.1/bin/../lib/gcc/arm-none-eabi/5.4.1/../../../../arm-none-eabi/lib/armv7-m\libg_nano.a(lib_a-locale.o)
                0x1fff8188                . = ALIGN (0x8)
 *(.ram)
                0x1fff8188                _edata = .

.igot.plt       0x1fff8188        0x0 load address 0x00003898
 .igot.plt      0x1fff8188        0x0 c:/program files (x86)/cypress/psoc creator/4.1/psoc creator/import/gnu/arm/5.4.1/bin/../lib/gcc/arm-none-eabi/5.4.1/armv7-m/crtbegin.o

.bss            0x1fff8188       0x48 load address 0x00003898
                0x1fff8188                PROVIDE (__bss_start__, .)
 *(.shbss)
 *(.bss .bss.* .gnu.linkonce.b.*)
 .bss           0x1fff8188       0x1c c:/program files (x86)/cypress/psoc creator/4.1/psoc creator/import/gnu/arm/5.4.1/bin/../lib/gcc/arm-none-eabi/5.4.1/armv7-m/crtbegin.o
 .bss           0x1fff81a4        0x6 .\CortexM3\ARM_GCC_541\Debug\main.o
                0x1fff81a4                received
                0x1fff81a5                intFlag
                0x1fff81a6                sensor
                0x1fff81a8                offsetADC
 .bss           0x1fff81aa        0x2 .\CortexM3\ARM_GCC_541\Debug\DC-Motor-PWM.a(UART_1.o)
                0x1fff81aa                UART_1_initVar
 .bss           0x1fff81ac        0x1 .\CortexM3\ARM_GCC_541\Debug\DC-Motor-PWM.a(PWM_M1.o)
                0x1fff81ac                PWM_M1_initVar
 .bss           0x1fff81ad        0x1 .\CortexM3\ARM_GCC_541\Debug\DC-Motor-PWM.a(PWM_M2.o)
                0x1fff81ad                PWM_M2_initVar
 .bss           0x1fff81ae        0x1 .\CortexM3\ARM_GCC_541\Debug\DC-Motor-PWM.a(PWM_P.o)
                0x1fff81ae                PWM_P_initVar
 .bss           0x1fff81af        0x1 .\CortexM3\ARM_GCC_541\Debug\DC-Motor-PWM.a(SPI_Slave.o)
                0x1fff81af                SPI_Slave_initVar
 .bss           0x1fff81b0        0x1 .\CortexM3\ARM_GCC_541\Debug\DC-Motor-PWM.a(PWM_M3.o)
                0x1fff81b0                PWM_M3_initVar
 .bss           0x1fff81b1        0x1 .\CortexM3\ARM_GCC_541\Debug\DC-Motor-PWM.a(PWM_M4.o)
                0x1fff81b1                PWM_M4_initVar
 .bss           0x1fff81b2        0x1 .\CortexM3\ARM_GCC_541\Debug\DC-Motor-PWM.a(ADC_SAR_1.o)
                0x1fff81b2                ADC_SAR_1_initVar
 *fill*         0x1fff81b3        0x1 
 .bss.__malloc_sbrk_start
                0x1fff81b4        0x4 c:/program files (x86)/cypress/psoc creator/4.1/psoc creator/import/gnu/arm/5.4.1/bin/../lib/gcc/arm-none-eabi/5.4.1/../../../../arm-none-eabi/lib/armv7-m\libg_nano.a(lib_a-nano-mallocr.o)
                0x1fff81b4                __malloc_sbrk_start
 .bss.__malloc_free_list
                0x1fff81b8        0x4 c:/program files (x86)/cypress/psoc creator/4.1/psoc creator/import/gnu/arm/5.4.1/bin/../lib/gcc/arm-none-eabi/5.4.1/../../../../arm-none-eabi/lib/armv7-m\libg_nano.a(lib_a-nano-mallocr.o)
                0x1fff81b8                __malloc_free_list
 *(COMMON)
 COMMON         0x1fff81bc        0xa .\CortexM3\ARM_GCC_541\Debug\DC-Motor-PWM.a(ADC_SAR_1.o)
                0x1fff81bc                ADC_SAR_1_countsPerVolt
                0x1fff81be                ADC_SAR_1_shift
                0x1fff81c0                ADC_SAR_1_countsPer10Volt
                0x1fff81c4                ADC_SAR_1_offset
 *fill*         0x1fff81c6        0x2 
 COMMON         0x1fff81c8        0x4 c:/program files (x86)/cypress/psoc creator/4.1/psoc creator/import/gnu/arm/5.4.1/bin/../lib/gcc/arm-none-eabi/5.4.1/../../../../arm-none-eabi/lib/armv7-m\libg_nano.a(lib_a-reent.o)
                0x1fff81c8                errno
                0x1fff81d0                . = ALIGN (0x8)
 *fill*         0x1fff81cc        0x4 
 *(.ram.b)
                0x1fff81d0                _end = .
                0x1fff81d0                __end = .
                0x1fff81d0                PROVIDE (end, .)
                0x1fff81d0                PROVIDE (__bss_end__, .)
                0x000037d8                __cy_region_init_ram = LOADADDR (.data)
                0x000000c0                __cy_region_init_size_ram = (_edata - ADDR (.data))
                0x00000048                __cy_region_zero_size_ram = (_end - _edata)

.heap           0x1fff81d0      0x200 load address 0x00003898
                0x1fff81d0                . = _end
                0x1fff83d0                . = (. + 0x200)
 *fill*         0x1fff81d0      0x200 
                0x1fff83d0                __cy_heap_limit = .

.stack          0x20007800      0x800
                0x20007800                __cy_stack_limit = .
                0x20008000                . = (. + 0x800)
 *fill*         0x20007800      0x800 
                0x00000001                ASSERT ((__cy_stack_limit >= __cy_heap_limit), region RAM overflowed with stack)
                0x00000000                cy_checksum_exclude_size = (CY_APPL_LOADABLE == 0x1)?SIZEOF (.cy_checksum_exclude):0x0
                0x00000001                ASSERT ((cy_checksum_exclude_size <= CY_CHECKSUM_EXCLUDE_SIZE), CY_BOOT: Section .cy_checksum_exclude size exceedes specified limit.)

.cyloadermeta
 *(.cyloadermeta)

.cyloadablemeta
 *(.cyloadablemeta)

.cyconfigecc    0x80000000      0x8e4
 *(.cyconfigecc)
 .cyconfigecc   0x80000000      0x8e4 .\CortexM3\ARM_GCC_541\Debug\cymetadata.o
                0x80000000                cy_meta_configecc

.cycustnvl      0x90000000        0x4
 *(.cycustnvl)
 .cycustnvl     0x90000000        0x4 .\CortexM3\ARM_GCC_541\Debug\cymetadata.o
                0x90000000                cy_meta_custnvl

.cywolatch      0x90100000        0x4
 *(.cywolatch)
 .cywolatch     0x90100000        0x4 .\CortexM3\ARM_GCC_541\Debug\cymetadata.o
                0x90100000                cy_meta_wonvl

.cyeeprom       0x90200000        0x0
 *(.cyeeprom)
                0x00000001                ASSERT ((. <= ((0x90200000 + ee_offset) + ee_size)), .cyeeprom data will not fit in EEPROM)

.cyflashprotect
                0x90400000      0x100
 *(.cyflashprotect)
 .cyflashprotect
                0x90400000      0x100 .\CortexM3\ARM_GCC_541\Debug\cymetadata.o
                0x90400000                cy_meta_flashprotect

.cymeta         0x90500000        0xc
 *(.cymeta)
 .cymeta        0x90500000        0xc .\CortexM3\ARM_GCC_541\Debug\cymetadata.o
                0x90500000                cy_metadata

.rel.dyn        0x00003898        0x0 load address 0x9050000c
 .rel.iplt      0x00003898        0x0 c:/program files (x86)/cypress/psoc creator/4.1/psoc creator/import/gnu/arm/5.4.1/bin/../lib/gcc/arm-none-eabi/5.4.1/armv7-m/crtbegin.o

.stab
 *(.stab)

.stabstr
 *(.stabstr)

.debug
 *(.debug)

.line
 *(.line)

.debug_srcinfo
 *(.debug_srcinfo)

.debug_sfnames
 *(.debug_sfnames)

.debug_aranges  0x00000000      0xe50
 *(.debug_aranges)
 .debug_aranges
                0x00000000       0x40 .\CortexM3\ARM_GCC_541\Debug\main.o
 .debug_aranges
                0x00000040       0x50 .\CortexM3\ARM_GCC_541\Debug\Motor.o
 .debug_aranges
                0x00000090       0x20 .\CortexM3\ARM_GCC_541\Debug\LoadCell.o
 .debug_aranges
                0x000000b0       0x20 .\CortexM3\ARM_GCC_541\Debug\BatterySensor.o
 .debug_aranges
                0x000000d0       0x20 .\CortexM3\ARM_GCC_541\Debug\CurrentSensor.o
 .debug_aranges
                0x000000f0       0x58 .\CortexM3\ARM_GCC_541\Debug\cyfitter_cfg.o
 .debug_aranges
                0x00000148       0x18 .\CortexM3\ARM_GCC_541\Debug\cymetadata.o
 .debug_aranges
                0x00000160       0x48 .\CortexM3\ARM_GCC_541\Debug\Cm3Start.o
 .debug_aranges
                0x000001a8       0xf0 .\CortexM3\ARM_GCC_541\Debug\DC-Motor-PWM.a(UART_1.o)
 .debug_aranges
                0x00000298       0x80 .\CortexM3\ARM_GCC_541\Debug\DC-Motor-PWM.a(isr_uart_rx.o)
 .debug_aranges
                0x00000318       0x70 .\CortexM3\ARM_GCC_541\Debug\DC-Motor-PWM.a(UART_1_IntClock.o)
 .debug_aranges
                0x00000388      0x2a0 .\CortexM3\ARM_GCC_541\Debug\DC-Motor-PWM.a(CyLib.o)
 .debug_aranges
                0x00000628       0x98 .\CortexM3\ARM_GCC_541\Debug\DC-Motor-PWM.a(cyPm.o)
 .debug_aranges
                0x000006c0       0x48 .\CortexM3\ARM_GCC_541\Debug\DC-Motor-PWM.a(Pin_1.o)
 .debug_aranges
                0x00000708       0x98 .\CortexM3\ARM_GCC_541\Debug\DC-Motor-PWM.a(PWM_M1.o)
 .debug_aranges
                0x000007a0       0x98 .\CortexM3\ARM_GCC_541\Debug\DC-Motor-PWM.a(PWM_M2.o)
 .debug_aranges
                0x00000838       0x98 .\CortexM3\ARM_GCC_541\Debug\DC-Motor-PWM.a(PWM_P.o)
 .debug_aranges
                0x000008d0       0xd8 .\CortexM3\ARM_GCC_541\Debug\DC-Motor-PWM.a(SPI_Slave.o)
 .debug_aranges
                0x000009a8       0x28 .\CortexM3\ARM_GCC_541\Debug\DC-Motor-PWM.a(SPI_Slave_INT.o)
 .debug_aranges
                0x000009d0       0x80 .\CortexM3\ARM_GCC_541\Debug\DC-Motor-PWM.a(ISR_SPI.o)
 .debug_aranges
                0x00000a50       0x98 .\CortexM3\ARM_GCC_541\Debug\DC-Motor-PWM.a(PWM_M3.o)
 .debug_aranges
                0x00000ae8       0x98 .\CortexM3\ARM_GCC_541\Debug\DC-Motor-PWM.a(PWM_M4.o)
 .debug_aranges
                0x00000b80       0x80 .\CortexM3\ARM_GCC_541\Debug\DC-Motor-PWM.a(isr_1.o)
 .debug_aranges
                0x00000c00       0xa8 .\CortexM3\ARM_GCC_541\Debug\DC-Motor-PWM.a(ADC_SAR_1.o)
 .debug_aranges
                0x00000ca8       0x20 .\CortexM3\ARM_GCC_541\Debug\DC-Motor-PWM.a(ADC_SAR_1_INT.o)
 .debug_aranges
                0x00000cc8       0x70 .\CortexM3\ARM_GCC_541\Debug\DC-Motor-PWM.a(ADC_SAR_1_theACLK.o)
 .debug_aranges
                0x00000d38       0x20 .\CortexM3\ARM_GCC_541\Debug\DC-Motor-PWM.a(CyBootAsmGnu.o)
 .debug_aranges
                0x00000d58       0x80 .\CortexM3\ARM_GCC_541\Debug\DC-Motor-PWM.a(CyFlash.o)
 .debug_aranges
                0x00000dd8       0x78 .\CortexM3\ARM_GCC_541\Debug\DC-Motor-PWM.a(CySpc.o)

.debug_pubnames
 *(.debug_pubnames)

.debug_info     0x00000000     0x733d
 *(.debug_info .gnu.linkonce.wi.*)
 .debug_info    0x00000000      0x60d .\CortexM3\ARM_GCC_541\Debug\main.o
 .debug_info    0x0000060d      0x3b2 .\CortexM3\ARM_GCC_541\Debug\Motor.o
 .debug_info    0x000009bf      0x1fc .\CortexM3\ARM_GCC_541\Debug\LoadCell.o
 .debug_info    0x00000bbb      0x1e9 .\CortexM3\ARM_GCC_541\Debug\BatterySensor.o
 .debug_info    0x00000da4      0x1d8 .\CortexM3\ARM_GCC_541\Debug\CurrentSensor.o
 .debug_info    0x00000f7c      0x4ff .\CortexM3\ARM_GCC_541\Debug\cyfitter_cfg.o
 .debug_info    0x0000147b      0x139 .\CortexM3\ARM_GCC_541\Debug\cymetadata.o
 .debug_info    0x000015b4      0x3b5 .\CortexM3\ARM_GCC_541\Debug\Cm3Start.o
 .debug_info    0x00001969      0x60c .\CortexM3\ARM_GCC_541\Debug\DC-Motor-PWM.a(UART_1.o)
 .debug_info    0x00001f75      0x2d2 .\CortexM3\ARM_GCC_541\Debug\DC-Motor-PWM.a(isr_uart_rx.o)
 .debug_info    0x00002247      0x283 .\CortexM3\ARM_GCC_541\Debug\DC-Motor-PWM.a(UART_1_IntClock.o)
 .debug_info    0x000024ca     0x1374 .\CortexM3\ARM_GCC_541\Debug\DC-Motor-PWM.a(CyLib.o)
 .debug_info    0x0000383e      0xa1d .\CortexM3\ARM_GCC_541\Debug\DC-Motor-PWM.a(cyPm.o)
 .debug_info    0x0000425b      0x174 .\CortexM3\ARM_GCC_541\Debug\DC-Motor-PWM.a(Pin_1.o)
 .debug_info    0x000043cf      0x334 .\CortexM3\ARM_GCC_541\Debug\DC-Motor-PWM.a(PWM_M1.o)
 .debug_info    0x00004703      0x334 .\CortexM3\ARM_GCC_541\Debug\DC-Motor-PWM.a(PWM_M2.o)
 .debug_info    0x00004a37      0x334 .\CortexM3\ARM_GCC_541\Debug\DC-Motor-PWM.a(PWM_P.o)
 .debug_info    0x00004d6b      0x4f3 .\CortexM3\ARM_GCC_541\Debug\DC-Motor-PWM.a(SPI_Slave.o)
 .debug_info    0x0000525e       0xb1 .\CortexM3\ARM_GCC_541\Debug\DC-Motor-PWM.a(SPI_Slave_INT.o)
 .debug_info    0x0000530f      0x2d2 .\CortexM3\ARM_GCC_541\Debug\DC-Motor-PWM.a(ISR_SPI.o)
 .debug_info    0x000055e1      0x334 .\CortexM3\ARM_GCC_541\Debug\DC-Motor-PWM.a(PWM_M3.o)
 .debug_info    0x00005915      0x334 .\CortexM3\ARM_GCC_541\Debug\DC-Motor-PWM.a(PWM_M4.o)
 .debug_info    0x00005c49      0x2d2 .\CortexM3\ARM_GCC_541\Debug\DC-Motor-PWM.a(isr_1.o)
 .debug_info    0x00005f1b      0x5c0 .\CortexM3\ARM_GCC_541\Debug\DC-Motor-PWM.a(ADC_SAR_1.o)
 .debug_info    0x000064db       0x92 .\CortexM3\ARM_GCC_541\Debug\DC-Motor-PWM.a(ADC_SAR_1_INT.o)
 .debug_info    0x0000656d      0x283 .\CortexM3\ARM_GCC_541\Debug\DC-Motor-PWM.a(ADC_SAR_1_theACLK.o)
 .debug_info    0x000067f0       0xac .\CortexM3\ARM_GCC_541\Debug\DC-Motor-PWM.a(CyBootAsmGnu.o)
 .debug_info    0x0000689c      0x5b8 .\CortexM3\ARM_GCC_541\Debug\DC-Motor-PWM.a(CyFlash.o)
 .debug_info    0x00006e54      0x4e9 .\CortexM3\ARM_GCC_541\Debug\DC-Motor-PWM.a(CySpc.o)

.debug_abbrev   0x00000000     0x2280
 *(.debug_abbrev)
 .debug_abbrev  0x00000000      0x11e .\CortexM3\ARM_GCC_541\Debug\main.o
 .debug_abbrev  0x0000011e       0xaf .\CortexM3\ARM_GCC_541\Debug\Motor.o
 .debug_abbrev  0x000001cd       0xf1 .\CortexM3\ARM_GCC_541\Debug\LoadCell.o
 .debug_abbrev  0x000002be       0xe4 .\CortexM3\ARM_GCC_541\Debug\BatterySensor.o
 .debug_abbrev  0x000003a2       0xe4 .\CortexM3\ARM_GCC_541\Debug\CurrentSensor.o
 .debug_abbrev  0x00000486      0x1fe .\CortexM3\ARM_GCC_541\Debug\cyfitter_cfg.o
 .debug_abbrev  0x00000684       0x77 .\CortexM3\ARM_GCC_541\Debug\cymetadata.o
 .debug_abbrev  0x000006fb      0x1e8 .\CortexM3\ARM_GCC_541\Debug\Cm3Start.o
 .debug_abbrev  0x000008e3      0x175 .\CortexM3\ARM_GCC_541\Debug\DC-Motor-PWM.a(UART_1.o)
 .debug_abbrev  0x00000a58      0x173 .\CortexM3\ARM_GCC_541\Debug\DC-Motor-PWM.a(isr_uart_rx.o)
 .debug_abbrev  0x00000bcb      0x139 .\CortexM3\ARM_GCC_541\Debug\DC-Motor-PWM.a(UART_1_IntClock.o)
 .debug_abbrev  0x00000d04      0x254 .\CortexM3\ARM_GCC_541\Debug\DC-Motor-PWM.a(CyLib.o)
 .debug_abbrev  0x00000f58      0x1ab .\CortexM3\ARM_GCC_541\Debug\DC-Motor-PWM.a(cyPm.o)
 .debug_abbrev  0x00001103       0x90 .\CortexM3\ARM_GCC_541\Debug\DC-Motor-PWM.a(Pin_1.o)
 .debug_abbrev  0x00001193      0x133 .\CortexM3\ARM_GCC_541\Debug\DC-Motor-PWM.a(PWM_M1.o)
 .debug_abbrev  0x000012c6      0x133 .\CortexM3\ARM_GCC_541\Debug\DC-Motor-PWM.a(PWM_M2.o)
 .debug_abbrev  0x000013f9      0x133 .\CortexM3\ARM_GCC_541\Debug\DC-Motor-PWM.a(PWM_P.o)
 .debug_abbrev  0x0000152c      0x15f .\CortexM3\ARM_GCC_541\Debug\DC-Motor-PWM.a(SPI_Slave.o)
 .debug_abbrev  0x0000168b       0x42 .\CortexM3\ARM_GCC_541\Debug\DC-Motor-PWM.a(SPI_Slave_INT.o)
 .debug_abbrev  0x000016cd      0x173 .\CortexM3\ARM_GCC_541\Debug\DC-Motor-PWM.a(ISR_SPI.o)
 .debug_abbrev  0x00001840      0x133 .\CortexM3\ARM_GCC_541\Debug\DC-Motor-PWM.a(PWM_M3.o)
 .debug_abbrev  0x00001973      0x133 .\CortexM3\ARM_GCC_541\Debug\DC-Motor-PWM.a(PWM_M4.o)
 .debug_abbrev  0x00001aa6      0x173 .\CortexM3\ARM_GCC_541\Debug\DC-Motor-PWM.a(isr_1.o)
 .debug_abbrev  0x00001c19      0x1ac .\CortexM3\ARM_GCC_541\Debug\DC-Motor-PWM.a(ADC_SAR_1.o)
 .debug_abbrev  0x00001dc5       0x42 .\CortexM3\ARM_GCC_541\Debug\DC-Motor-PWM.a(ADC_SAR_1_INT.o)
 .debug_abbrev  0x00001e07      0x139 .\CortexM3\ARM_GCC_541\Debug\DC-Motor-PWM.a(ADC_SAR_1_theACLK.o)
 .debug_abbrev  0x00001f40       0x14 .\CortexM3\ARM_GCC_541\Debug\DC-Motor-PWM.a(CyBootAsmGnu.o)
 .debug_abbrev  0x00001f54      0x198 .\CortexM3\ARM_GCC_541\Debug\DC-Motor-PWM.a(CyFlash.o)
 .debug_abbrev  0x000020ec      0x194 .\CortexM3\ARM_GCC_541\Debug\DC-Motor-PWM.a(CySpc.o)

.debug_line     0x00000000     0x3733
 *(.debug_line)
 .debug_line    0x00000000      0x2a1 .\CortexM3\ARM_GCC_541\Debug\main.o
 .debug_line    0x000002a1      0x239 .\CortexM3\ARM_GCC_541\Debug\Motor.o
 .debug_line    0x000004da      0x203 .\CortexM3\ARM_GCC_541\Debug\LoadCell.o
 .debug_line    0x000006dd      0x213 .\CortexM3\ARM_GCC_541\Debug\BatterySensor.o
 .debug_line    0x000008f0      0x212 .\CortexM3\ARM_GCC_541\Debug\CurrentSensor.o
 .debug_line    0x00000b02      0x1eb .\CortexM3\ARM_GCC_541\Debug\cyfitter_cfg.o
 .debug_line    0x00000ced      0x141 .\CortexM3\ARM_GCC_541\Debug\cymetadata.o
 .debug_line    0x00000e2e      0x234 .\CortexM3\ARM_GCC_541\Debug\Cm3Start.o
 .debug_line    0x00001062      0x2c0 .\CortexM3\ARM_GCC_541\Debug\DC-Motor-PWM.a(UART_1.o)
 .debug_line    0x00001322      0x138 .\CortexM3\ARM_GCC_541\Debug\DC-Motor-PWM.a(isr_uart_rx.o)
 .debug_line    0x0000145a      0x17e .\CortexM3\ARM_GCC_541\Debug\DC-Motor-PWM.a(UART_1_IntClock.o)
 .debug_line    0x000015d8      0x816 .\CortexM3\ARM_GCC_541\Debug\DC-Motor-PWM.a(CyLib.o)
 .debug_line    0x00001dee      0x364 .\CortexM3\ARM_GCC_541\Debug\DC-Motor-PWM.a(cyPm.o)
 .debug_line    0x00002152       0xb9 .\CortexM3\ARM_GCC_541\Debug\DC-Motor-PWM.a(Pin_1.o)
 .debug_line    0x0000220b      0x186 .\CortexM3\ARM_GCC_541\Debug\DC-Motor-PWM.a(PWM_M1.o)
 .debug_line    0x00002391      0x186 .\CortexM3\ARM_GCC_541\Debug\DC-Motor-PWM.a(PWM_M2.o)
 .debug_line    0x00002517      0x185 .\CortexM3\ARM_GCC_541\Debug\DC-Motor-PWM.a(PWM_P.o)
 .debug_line    0x0000269c      0x240 .\CortexM3\ARM_GCC_541\Debug\DC-Motor-PWM.a(SPI_Slave.o)
 .debug_line    0x000028dc       0x66 .\CortexM3\ARM_GCC_541\Debug\DC-Motor-PWM.a(SPI_Slave_INT.o)
 .debug_line    0x00002942      0x134 .\CortexM3\ARM_GCC_541\Debug\DC-Motor-PWM.a(ISR_SPI.o)
 .debug_line    0x00002a76      0x186 .\CortexM3\ARM_GCC_541\Debug\DC-Motor-PWM.a(PWM_M3.o)
 .debug_line    0x00002bfc      0x186 .\CortexM3\ARM_GCC_541\Debug\DC-Motor-PWM.a(PWM_M4.o)
 .debug_line    0x00002d82      0x132 .\CortexM3\ARM_GCC_541\Debug\DC-Motor-PWM.a(isr_1.o)
 .debug_line    0x00002eb4      0x21e .\CortexM3\ARM_GCC_541\Debug\DC-Motor-PWM.a(ADC_SAR_1.o)
 .debug_line    0x000030d2       0x56 .\CortexM3\ARM_GCC_541\Debug\DC-Motor-PWM.a(ADC_SAR_1_INT.o)
 .debug_line    0x00003128      0x180 .\CortexM3\ARM_GCC_541\Debug\DC-Motor-PWM.a(ADC_SAR_1_theACLK.o)
 .debug_line    0x000032a8       0x66 .\CortexM3\ARM_GCC_541\Debug\DC-Motor-PWM.a(CyBootAsmGnu.o)
 .debug_line    0x0000330e      0x1e9 .\CortexM3\ARM_GCC_541\Debug\DC-Motor-PWM.a(CyFlash.o)
 .debug_line    0x000034f7      0x23c .\CortexM3\ARM_GCC_541\Debug\DC-Motor-PWM.a(CySpc.o)

.debug_frame    0x00000000     0x29d0
 *(.debug_frame)
 .debug_frame   0x00000000       0xa0 .\CortexM3\ARM_GCC_541\Debug\main.o
 .debug_frame   0x000000a0       0xd4 .\CortexM3\ARM_GCC_541\Debug\Motor.o
 .debug_frame   0x00000174       0x34 .\CortexM3\ARM_GCC_541\Debug\LoadCell.o
 .debug_frame   0x000001a8       0x34 .\CortexM3\ARM_GCC_541\Debug\BatterySensor.o
 .debug_frame   0x000001dc       0x34 .\CortexM3\ARM_GCC_541\Debug\CurrentSensor.o
 .debug_frame   0x00000210       0xe4 .\CortexM3\ARM_GCC_541\Debug\cyfitter_cfg.o
 .debug_frame   0x000002f4       0xb8 .\CortexM3\ARM_GCC_541\Debug\Cm3Start.o
 .debug_frame   0x000003ac      0x250 .\CortexM3\ARM_GCC_541\Debug\DC-Motor-PWM.a(UART_1.o)
 .debug_frame   0x000005fc      0x104 .\CortexM3\ARM_GCC_541\Debug\DC-Motor-PWM.a(isr_uart_rx.o)
 .debug_frame   0x00000700       0xe0 .\CortexM3\ARM_GCC_541\Debug\DC-Motor-PWM.a(UART_1_IntClock.o)
 .debug_frame   0x000007e0      0x738 .\CortexM3\ARM_GCC_541\Debug\DC-Motor-PWM.a(CyLib.o)
 .debug_frame   0x00000f18      0x1f8 .\CortexM3\ARM_GCC_541\Debug\DC-Motor-PWM.a(cyPm.o)
 .debug_frame   0x00001110       0x70 .\CortexM3\ARM_GCC_541\Debug\DC-Motor-PWM.a(Pin_1.o)
 .debug_frame   0x00001180      0x134 .\CortexM3\ARM_GCC_541\Debug\DC-Motor-PWM.a(PWM_M1.o)
 .debug_frame   0x000012b4      0x134 .\CortexM3\ARM_GCC_541\Debug\DC-Motor-PWM.a(PWM_M2.o)
 .debug_frame   0x000013e8      0x134 .\CortexM3\ARM_GCC_541\Debug\DC-Motor-PWM.a(PWM_P.o)
 .debug_frame   0x0000151c      0x1e8 .\CortexM3\ARM_GCC_541\Debug\DC-Motor-PWM.a(SPI_Slave.o)
 .debug_frame   0x00001704       0x30 .\CortexM3\ARM_GCC_541\Debug\DC-Motor-PWM.a(SPI_Slave_INT.o)
 .debug_frame   0x00001734      0x104 .\CortexM3\ARM_GCC_541\Debug\DC-Motor-PWM.a(ISR_SPI.o)
 .debug_frame   0x00001838      0x134 .\CortexM3\ARM_GCC_541\Debug\DC-Motor-PWM.a(PWM_M3.o)
 .debug_frame   0x0000196c      0x134 .\CortexM3\ARM_GCC_541\Debug\DC-Motor-PWM.a(PWM_M4.o)
 .debug_frame   0x00001aa0      0x104 .\CortexM3\ARM_GCC_541\Debug\DC-Motor-PWM.a(isr_1.o)
 .debug_frame   0x00001ba4      0x1b4 .\CortexM3\ARM_GCC_541\Debug\DC-Motor-PWM.a(ADC_SAR_1.o)
 .debug_frame   0x00001d58       0x20 .\CortexM3\ARM_GCC_541\Debug\DC-Motor-PWM.a(ADC_SAR_1_INT.o)
 .debug_frame   0x00001d78       0xe0 .\CortexM3\ARM_GCC_541\Debug\DC-Motor-PWM.a(ADC_SAR_1_theACLK.o)
 .debug_frame   0x00001e58      0x174 .\CortexM3\ARM_GCC_541\Debug\DC-Motor-PWM.a(CyFlash.o)
 .debug_frame   0x00001fcc      0x160 .\CortexM3\ARM_GCC_541\Debug\DC-Motor-PWM.a(CySpc.o)
 .debug_frame   0x0000212c       0x44 c:/program files (x86)/cypress/psoc creator/4.1/psoc creator/import/gnu/arm/5.4.1/bin/../lib/gcc/arm-none-eabi/5.4.1/armv7-m\libgcc.a(_aeabi_ldivmod.o)
 .debug_frame   0x00002170       0x38 c:/program files (x86)/cypress/psoc creator/4.1/psoc creator/import/gnu/arm/5.4.1/bin/../lib/gcc/arm-none-eabi/5.4.1/armv7-m\libgcc.a(_udivmoddi4.o)
 .debug_frame   0x000021a8       0x20 c:/program files (x86)/cypress/psoc creator/4.1/psoc creator/import/gnu/arm/5.4.1/bin/../lib/gcc/arm-none-eabi/5.4.1/../../../../arm-none-eabi/lib/armv7-m\libg_nano.a(lib_a-errno.o)
 .debug_frame   0x000021c8       0x28 c:/program files (x86)/cypress/psoc creator/4.1/psoc creator/import/gnu/arm/5.4.1/bin/../lib/gcc/arm-none-eabi/5.4.1/../../../../arm-none-eabi/lib/armv7-m\libg_nano.a(lib_a-exit.o)
 .debug_frame   0x000021f0       0x2c c:/program files (x86)/cypress/psoc creator/4.1/psoc creator/import/gnu/arm/5.4.1/bin/../lib/gcc/arm-none-eabi/5.4.1/../../../../arm-none-eabi/lib/armv7-m\libg_nano.a(lib_a-init.o)
 .debug_frame   0x0000221c       0x28 c:/program files (x86)/cypress/psoc creator/4.1/psoc creator/import/gnu/arm/5.4.1/bin/../lib/gcc/arm-none-eabi/5.4.1/../../../../arm-none-eabi/lib/armv7-m\libg_nano.a(lib_a-memcpy-stub.o)
 .debug_frame   0x00002244       0x20 c:/program files (x86)/cypress/psoc creator/4.1/psoc creator/import/gnu/arm/5.4.1/bin/../lib/gcc/arm-none-eabi/5.4.1/../../../../arm-none-eabi/lib/armv7-m\libg_nano.a(lib_a-memset.o)
 .debug_frame   0x00002264       0x8c c:/program files (x86)/cypress/psoc creator/4.1/psoc creator/import/gnu/arm/5.4.1/bin/../lib/gcc/arm-none-eabi/5.4.1/../../../../arm-none-eabi/lib/armv7-m\libg_nano.a(lib_a-nano-vfprintf_float.o)
 .debug_frame   0x000022f0       0x60 c:/program files (x86)/cypress/psoc creator/4.1/psoc creator/import/gnu/arm/5.4.1/bin/../lib/gcc/arm-none-eabi/5.4.1/../../../../arm-none-eabi/lib/armv7-m\libg_nano.a(lib_a-nano-vfprintf_i.o)
 .debug_frame   0x00002350       0x74 c:/program files (x86)/cypress/psoc creator/4.1/psoc creator/import/gnu/arm/5.4.1/bin/../lib/gcc/arm-none-eabi/5.4.1/../../../../arm-none-eabi/lib/armv7-m\libg_nano.a(lib_a-snprintf.o)
 .debug_frame   0x000023c4       0x6c c:/program files (x86)/cypress/psoc creator/4.1/psoc creator/import/gnu/arm/5.4.1/bin/../lib/gcc/arm-none-eabi/5.4.1/../../../../arm-none-eabi/lib/armv7-m\libg_nano.a(lib_a-dtoa.o)
 .debug_frame   0x00002430       0x98 c:/program files (x86)/cypress/psoc creator/4.1/psoc creator/import/gnu/arm/5.4.1/bin/../lib/gcc/arm-none-eabi/5.4.1/../../../../arm-none-eabi/lib/armv7-m\libg_nano.a(lib_a-locale.o)
 .debug_frame   0x000024c8       0x30 c:/program files (x86)/cypress/psoc creator/4.1/psoc creator/import/gnu/arm/5.4.1/bin/../lib/gcc/arm-none-eabi/5.4.1/../../../../arm-none-eabi/lib/armv7-m\libg_nano.a(lib_a-malloc.o)
 .debug_frame   0x000024f8       0x28 c:/program files (x86)/cypress/psoc creator/4.1/psoc creator/import/gnu/arm/5.4.1/bin/../lib/gcc/arm-none-eabi/5.4.1/../../../../arm-none-eabi/lib/armv7-m\libg_nano.a(lib_a-memchr-stub.o)
 .debug_frame   0x00002520      0x234 c:/program files (x86)/cypress/psoc creator/4.1/psoc creator/import/gnu/arm/5.4.1/bin/../lib/gcc/arm-none-eabi/5.4.1/../../../../arm-none-eabi/lib/armv7-m\libg_nano.a(lib_a-mprec.o)
 .debug_frame   0x00002754       0x2c c:/program files (x86)/cypress/psoc creator/4.1/psoc creator/import/gnu/arm/5.4.1/bin/../lib/gcc/arm-none-eabi/5.4.1/../../../../arm-none-eabi/lib/armv7-m\libg_nano.a(lib_a-nano-callocr.o)
 .debug_frame   0x00002780       0x38 c:/program files (x86)/cypress/psoc creator/4.1/psoc creator/import/gnu/arm/5.4.1/bin/../lib/gcc/arm-none-eabi/5.4.1/../../../../arm-none-eabi/lib/armv7-m\libg_nano.a(lib_a-nano-freer.o)
 .debug_frame   0x000027b8       0x2c c:/program files (x86)/cypress/psoc creator/4.1/psoc creator/import/gnu/arm/5.4.1/bin/../lib/gcc/arm-none-eabi/5.4.1/../../../../arm-none-eabi/lib/armv7-m\libg_nano.a(lib_a-nano-mallocr.o)
 .debug_frame   0x000027e4       0x90 c:/program files (x86)/cypress/psoc creator/4.1/psoc creator/import/gnu/arm/5.4.1/bin/../lib/gcc/arm-none-eabi/5.4.1/../../../../arm-none-eabi/lib/armv7-m\libg_nano.a(lib_a-nano-svfprintf.o)
 .debug_frame   0x00002874       0x2c c:/program files (x86)/cypress/psoc creator/4.1/psoc creator/import/gnu/arm/5.4.1/bin/../lib/gcc/arm-none-eabi/5.4.1/../../../../arm-none-eabi/lib/armv7-m\libg_nano.a(lib_a-sbrkr.o)
 .debug_frame   0x000028a0       0x20 c:/program files (x86)/cypress/psoc creator/4.1/psoc creator/import/gnu/arm/5.4.1/bin/../lib/gcc/arm-none-eabi/5.4.1/../../../../arm-none-eabi/lib/armv7-m\libg_nano.a(lib_a-strcmp.o)
 .debug_frame   0x000028c0       0x28 c:/program files (x86)/cypress/psoc creator/4.1/psoc creator/import/gnu/arm/5.4.1/bin/../lib/gcc/arm-none-eabi/5.4.1/../../../../arm-none-eabi/lib/armv7-m\libg_nano.a(lib_a-memmove.o)
 .debug_frame   0x000028e8       0x30 c:/program files (x86)/cypress/psoc creator/4.1/psoc creator/import/gnu/arm/5.4.1/bin/../lib/gcc/arm-none-eabi/5.4.1/../../../../arm-none-eabi/lib/armv7-m\libg_nano.a(lib_a-mlock.o)
 .debug_frame   0x00002918       0x3c c:/program files (x86)/cypress/psoc creator/4.1/psoc creator/import/gnu/arm/5.4.1/bin/../lib/gcc/arm-none-eabi/5.4.1/../../../../arm-none-eabi/lib/armv7-m\libg_nano.a(lib_a-nano-reallocr.o)
 .debug_frame   0x00002954       0x5c c:/program files (x86)/cypress/psoc creator/4.1/psoc creator/import/gnu/arm/5.4.1/bin/../lib/gcc/arm-none-eabi/5.4.1/../../../../arm-none-eabi/lib/armv7-m\libg_nano.a(lib_a-reent.o)
 .debug_frame   0x000029b0       0x20 c:/program files (x86)/cypress/psoc creator/4.1/psoc creator/import/gnu/arm/5.4.1/bin/../lib/gcc/arm-none-eabi/5.4.1/../../../../arm-none-eabi/lib/armv7-m\libg_nano.a(lib_a-nano-msizer.o)

.debug_str      0x00000000     0x2ae0
 *(.debug_str)
 .debug_str     0x00000000      0x442 .\CortexM3\ARM_GCC_541\Debug\main.o
                                0x4a1 (size before relaxing)
 .debug_str     0x00000442       0x7a .\CortexM3\ARM_GCC_541\Debug\Motor.o
                                0x2bf (size before relaxing)
 .debug_str     0x000004bc       0x8e .\CortexM3\ARM_GCC_541\Debug\LoadCell.o
                                0x28e (size before relaxing)
 .debug_str     0x0000054a       0x37 .\CortexM3\ARM_GCC_541\Debug\BatterySensor.o
                                0x25c (size before relaxing)
 .debug_str     0x00000581       0x2f .\CortexM3\ARM_GCC_541\Debug\CurrentSensor.o
                                0x254 (size before relaxing)
 .debug_str     0x000005b0      0x17b .\CortexM3\ARM_GCC_541\Debug\cyfitter_cfg.o
                                0x331 (size before relaxing)
 .debug_str     0x0000072b       0x75 .\CortexM3\ARM_GCC_541\Debug\cymetadata.o
                                0x200 (size before relaxing)
 .debug_str     0x000007a0      0x13e .\CortexM3\ARM_GCC_541\Debug\Cm3Start.o
                                0x326 (size before relaxing)
 .debug_str     0x000008de      0x2b8 .\CortexM3\ARM_GCC_541\Debug\DC-Motor-PWM.a(UART_1.o)
                                0x4cf (size before relaxing)
 .debug_str     0x00000b96      0x13e .\CortexM3\ARM_GCC_541\Debug\DC-Motor-PWM.a(isr_uart_rx.o)
                                0x316 (size before relaxing)
 .debug_str     0x00000cd4      0x19d .\CortexM3\ARM_GCC_541\Debug\DC-Motor-PWM.a(UART_1_IntClock.o)
                                0x36a (size before relaxing)
 .debug_str     0x00000e71      0x7f2 .\CortexM3\ARM_GCC_541\Debug\DC-Motor-PWM.a(CyLib.o)
                                0xa63 (size before relaxing)
 .debug_str     0x00001663      0x359 .\CortexM3\ARM_GCC_541\Debug\DC-Motor-PWM.a(cyPm.o)
                                0x743 (size before relaxing)
 .debug_str     0x000019bc       0x7b .\CortexM3\ARM_GCC_541\Debug\DC-Motor-PWM.a(Pin_1.o)
                                0x23a (size before relaxing)
 .debug_str     0x00001a37      0x181 .\CortexM3\ARM_GCC_541\Debug\DC-Motor-PWM.a(PWM_M1.o)
                                0x380 (size before relaxing)
 .debug_str     0x00001bb8      0x157 .\CortexM3\ARM_GCC_541\Debug\DC-Motor-PWM.a(PWM_M2.o)
                                0x380 (size before relaxing)
 .debug_str     0x00001d0f      0x146 .\CortexM3\ARM_GCC_541\Debug\DC-Motor-PWM.a(PWM_P.o)
                                0x36d (size before relaxing)
 .debug_str     0x00001e55      0x216 .\CortexM3\ARM_GCC_541\Debug\DC-Motor-PWM.a(SPI_Slave.o)
                                0x4ba (size before relaxing)
 .debug_str     0x0000206b       0x49 .\CortexM3\ARM_GCC_541\Debug\DC-Motor-PWM.a(SPI_Slave_INT.o)
                                0x1e0 (size before relaxing)
 .debug_str     0x000020b4       0xf2 .\CortexM3\ARM_GCC_541\Debug\DC-Motor-PWM.a(ISR_SPI.o)
                                0x2de (size before relaxing)
 .debug_str     0x000021a6      0x157 .\CortexM3\ARM_GCC_541\Debug\DC-Motor-PWM.a(PWM_M3.o)
                                0x380 (size before relaxing)
 .debug_str     0x000022fd      0x157 .\CortexM3\ARM_GCC_541\Debug\DC-Motor-PWM.a(PWM_M4.o)
                                0x380 (size before relaxing)
 .debug_str     0x00002454       0xc5 .\CortexM3\ARM_GCC_541\Debug\DC-Motor-PWM.a(isr_1.o)
                                0x2c2 (size before relaxing)
 .debug_str     0x00002519      0x1e4 .\CortexM3\ARM_GCC_541\Debug\DC-Motor-PWM.a(ADC_SAR_1.o)
                                0x4d9 (size before relaxing)
 .debug_str     0x000026fd       0x35 .\CortexM3\ARM_GCC_541\Debug\DC-Motor-PWM.a(ADC_SAR_1_INT.o)
                                0x1b7 (size before relaxing)
 .debug_str     0x00002732      0x16d .\CortexM3\ARM_GCC_541\Debug\DC-Motor-PWM.a(ADC_SAR_1_theACLK.o)
                                0x382 (size before relaxing)
 .debug_str     0x0000289f      0x195 .\CortexM3\ARM_GCC_541\Debug\DC-Motor-PWM.a(CyFlash.o)
                                0x3bd (size before relaxing)
 .debug_str     0x00002a34       0xac .\CortexM3\ARM_GCC_541\Debug\DC-Motor-PWM.a(CySpc.o)
                                0x346 (size before relaxing)

.debug_loc      0x00000000     0x239a
 *(.debug_loc)
 .debug_loc     0x00000000       0x71 .\CortexM3\ARM_GCC_541\Debug\main.o
 .debug_loc     0x00000071       0x31 .\CortexM3\ARM_GCC_541\Debug\LoadCell.o
 .debug_loc     0x000000a2       0x13 .\CortexM3\ARM_GCC_541\Debug\BatterySensor.o
 .debug_loc     0x000000b5       0x1e .\CortexM3\ARM_GCC_541\Debug\CurrentSensor.o
 .debug_loc     0x000000d3      0x1d7 .\CortexM3\ARM_GCC_541\Debug\cyfitter_cfg.o
 .debug_loc     0x000002aa      0x144 .\CortexM3\ARM_GCC_541\Debug\Cm3Start.o
 .debug_loc     0x000003ee      0x258 .\CortexM3\ARM_GCC_541\Debug\DC-Motor-PWM.a(UART_1.o)
 .debug_loc     0x00000646       0x56 .\CortexM3\ARM_GCC_541\Debug\DC-Motor-PWM.a(isr_uart_rx.o)
 .debug_loc     0x0000069c      0x128 .\CortexM3\ARM_GCC_541\Debug\DC-Motor-PWM.a(UART_1_IntClock.o)
 .debug_loc     0x000007c4      0xa11 .\CortexM3\ARM_GCC_541\Debug\DC-Motor-PWM.a(CyLib.o)
 .debug_loc     0x000011d5      0x1e4 .\CortexM3\ARM_GCC_541\Debug\DC-Motor-PWM.a(cyPm.o)
 .debug_loc     0x000013b9       0x84 .\CortexM3\ARM_GCC_541\Debug\DC-Motor-PWM.a(Pin_1.o)
 .debug_loc     0x0000143d       0x26 .\CortexM3\ARM_GCC_541\Debug\DC-Motor-PWM.a(PWM_M1.o)
 .debug_loc     0x00001463       0x26 .\CortexM3\ARM_GCC_541\Debug\DC-Motor-PWM.a(PWM_M2.o)
 .debug_loc     0x00001489       0x26 .\CortexM3\ARM_GCC_541\Debug\DC-Motor-PWM.a(PWM_P.o)
 .debug_loc     0x000014af       0xf3 .\CortexM3\ARM_GCC_541\Debug\DC-Motor-PWM.a(SPI_Slave.o)
 .debug_loc     0x000015a2       0x56 .\CortexM3\ARM_GCC_541\Debug\DC-Motor-PWM.a(ISR_SPI.o)
 .debug_loc     0x000015f8       0x26 .\CortexM3\ARM_GCC_541\Debug\DC-Motor-PWM.a(PWM_M3.o)
 .debug_loc     0x0000161e       0x26 .\CortexM3\ARM_GCC_541\Debug\DC-Motor-PWM.a(PWM_M4.o)
 .debug_loc     0x00001644       0x56 .\CortexM3\ARM_GCC_541\Debug\DC-Motor-PWM.a(isr_1.o)
 .debug_loc     0x0000169a      0x295 .\CortexM3\ARM_GCC_541\Debug\DC-Motor-PWM.a(ADC_SAR_1.o)
 .debug_loc     0x0000192f      0x12c .\CortexM3\ARM_GCC_541\Debug\DC-Motor-PWM.a(ADC_SAR_1_theACLK.o)
 .debug_loc     0x00001a5b      0x2f2 .\CortexM3\ARM_GCC_541\Debug\DC-Motor-PWM.a(CyFlash.o)
 .debug_loc     0x00001d4d      0x64d .\CortexM3\ARM_GCC_541\Debug\DC-Motor-PWM.a(CySpc.o)

.debug_macinfo
 *(.debug_macinfo)

.debug_ranges   0x00000000      0xc68
 *(.debug_ranges)
 .debug_ranges  0x00000000       0x30 .\CortexM3\ARM_GCC_541\Debug\main.o
 .debug_ranges  0x00000030       0x40 .\CortexM3\ARM_GCC_541\Debug\Motor.o
 .debug_ranges  0x00000070       0x10 .\CortexM3\ARM_GCC_541\Debug\LoadCell.o
 .debug_ranges  0x00000080       0x10 .\CortexM3\ARM_GCC_541\Debug\BatterySensor.o
 .debug_ranges  0x00000090       0x10 .\CortexM3\ARM_GCC_541\Debug\CurrentSensor.o
 .debug_ranges  0x000000a0       0x48 .\CortexM3\ARM_GCC_541\Debug\cyfitter_cfg.o
 .debug_ranges  0x000000e8       0x38 .\CortexM3\ARM_GCC_541\Debug\Cm3Start.o
 .debug_ranges  0x00000120       0xe0 .\CortexM3\ARM_GCC_541\Debug\DC-Motor-PWM.a(UART_1.o)
 .debug_ranges  0x00000200       0x70 .\CortexM3\ARM_GCC_541\Debug\DC-Motor-PWM.a(isr_uart_rx.o)
 .debug_ranges  0x00000270       0x60 .\CortexM3\ARM_GCC_541\Debug\DC-Motor-PWM.a(UART_1_IntClock.o)
 .debug_ranges  0x000002d0      0x290 .\CortexM3\ARM_GCC_541\Debug\DC-Motor-PWM.a(CyLib.o)
 .debug_ranges  0x00000560       0x88 .\CortexM3\ARM_GCC_541\Debug\DC-Motor-PWM.a(cyPm.o)
 .debug_ranges  0x000005e8       0x38 .\CortexM3\ARM_GCC_541\Debug\DC-Motor-PWM.a(Pin_1.o)
 .debug_ranges  0x00000620       0x88 .\CortexM3\ARM_GCC_541\Debug\DC-Motor-PWM.a(PWM_M1.o)
 .debug_ranges  0x000006a8       0x88 .\CortexM3\ARM_GCC_541\Debug\DC-Motor-PWM.a(PWM_M2.o)
 .debug_ranges  0x00000730       0x88 .\CortexM3\ARM_GCC_541\Debug\DC-Motor-PWM.a(PWM_P.o)
 .debug_ranges  0x000007b8       0xc8 .\CortexM3\ARM_GCC_541\Debug\DC-Motor-PWM.a(SPI_Slave.o)
 .debug_ranges  0x00000880       0x18 .\CortexM3\ARM_GCC_541\Debug\DC-Motor-PWM.a(SPI_Slave_INT.o)
 .debug_ranges  0x00000898       0x70 .\CortexM3\ARM_GCC_541\Debug\DC-Motor-PWM.a(ISR_SPI.o)
 .debug_ranges  0x00000908       0x88 .\CortexM3\ARM_GCC_541\Debug\DC-Motor-PWM.a(PWM_M3.o)
 .debug_ranges  0x00000990       0x88 .\CortexM3\ARM_GCC_541\Debug\DC-Motor-PWM.a(PWM_M4.o)
 .debug_ranges  0x00000a18       0x70 .\CortexM3\ARM_GCC_541\Debug\DC-Motor-PWM.a(isr_1.o)
 .debug_ranges  0x00000a88       0x98 .\CortexM3\ARM_GCC_541\Debug\DC-Motor-PWM.a(ADC_SAR_1.o)
 .debug_ranges  0x00000b20       0x10 .\CortexM3\ARM_GCC_541\Debug\DC-Motor-PWM.a(ADC_SAR_1_INT.o)
 .debug_ranges  0x00000b30       0x60 .\CortexM3\ARM_GCC_541\Debug\DC-Motor-PWM.a(ADC_SAR_1_theACLK.o)
 .debug_ranges  0x00000b90       0x70 .\CortexM3\ARM_GCC_541\Debug\DC-Motor-PWM.a(CyFlash.o)
 .debug_ranges  0x00000c00       0x68 .\CortexM3\ARM_GCC_541\Debug\DC-Motor-PWM.a(CySpc.o)

.comment        0x00000000       0x6e
 .comment       0x00000000       0x6e .\CortexM3\ARM_GCC_541\Debug\main.o
                                 0x6f (size before relaxing)
 .comment       0x0000006e       0x6f .\CortexM3\ARM_GCC_541\Debug\Motor.o
 .comment       0x0000006e       0x6f .\CortexM3\ARM_GCC_541\Debug\LoadCell.o
 .comment       0x0000006e       0x6f .\CortexM3\ARM_GCC_541\Debug\BatterySensor.o
 .comment       0x0000006e       0x6f .\CortexM3\ARM_GCC_541\Debug\CurrentSensor.o
 .comment       0x0000006e       0x6f .\CortexM3\ARM_GCC_541\Debug\cyfitter_cfg.o
 .comment       0x0000006e       0x6f .\CortexM3\ARM_GCC_541\Debug\cymetadata.o
 .comment       0x0000006e       0x6f .\CortexM3\ARM_GCC_541\Debug\Cm3Start.o
 .comment       0x0000006e       0x6f .\CortexM3\ARM_GCC_541\Debug\DC-Motor-PWM.a(UART_1.o)
 .comment       0x0000006e       0x6f .\CortexM3\ARM_GCC_541\Debug\DC-Motor-PWM.a(isr_uart_rx.o)
 .comment       0x0000006e       0x6f .\CortexM3\ARM_GCC_541\Debug\DC-Motor-PWM.a(UART_1_IntClock.o)
 .comment       0x0000006e       0x6f .\CortexM3\ARM_GCC_541\Debug\DC-Motor-PWM.a(CyLib.o)
 .comment       0x0000006e       0x6f .\CortexM3\ARM_GCC_541\Debug\DC-Motor-PWM.a(cyPm.o)
 .comment       0x0000006e       0x6f .\CortexM3\ARM_GCC_541\Debug\DC-Motor-PWM.a(Pin_1.o)
 .comment       0x0000006e       0x6f .\CortexM3\ARM_GCC_541\Debug\DC-Motor-PWM.a(PWM_M1.o)
 .comment       0x0000006e       0x6f .\CortexM3\ARM_GCC_541\Debug\DC-Motor-PWM.a(PWM_M2.o)
 .comment       0x0000006e       0x6f .\CortexM3\ARM_GCC_541\Debug\DC-Motor-PWM.a(PWM_P.o)
 .comment       0x0000006e       0x6f .\CortexM3\ARM_GCC_541\Debug\DC-Motor-PWM.a(SPI_Slave.o)
 .comment       0x0000006e       0x6f .\CortexM3\ARM_GCC_541\Debug\DC-Motor-PWM.a(SPI_Slave_INT.o)
 .comment       0x0000006e       0x6f .\CortexM3\ARM_GCC_541\Debug\DC-Motor-PWM.a(ISR_SPI.o)
 .comment       0x0000006e       0x6f .\CortexM3\ARM_GCC_541\Debug\DC-Motor-PWM.a(PWM_M3.o)
 .comment       0x0000006e       0x6f .\CortexM3\ARM_GCC_541\Debug\DC-Motor-PWM.a(PWM_M4.o)
 .comment       0x0000006e       0x6f .\CortexM3\ARM_GCC_541\Debug\DC-Motor-PWM.a(isr_1.o)
 .comment       0x0000006e       0x6f .\CortexM3\ARM_GCC_541\Debug\DC-Motor-PWM.a(ADC_SAR_1.o)
 .comment       0x0000006e       0x6f .\CortexM3\ARM_GCC_541\Debug\DC-Motor-PWM.a(ADC_SAR_1_INT.o)
 .comment       0x0000006e       0x6f .\CortexM3\ARM_GCC_541\Debug\DC-Motor-PWM.a(ADC_SAR_1_theACLK.o)
 .comment       0x0000006e       0x6f .\CortexM3\ARM_GCC_541\Debug\DC-Motor-PWM.a(CyFlash.o)
 .comment       0x0000006e       0x6f .\CortexM3\ARM_GCC_541\Debug\DC-Motor-PWM.a(CySpc.o)

.debug_weaknames
 *(.debug_weaknames)

.debug_funcnames
 *(.debug_funcnames)

.debug_typenames
 *(.debug_typenames)

.debug_varnames
 *(.debug_varnames)

.note.gnu.arm.ident
 *(.note.gnu.arm.ident)

.ARM.attributes
                0x00000000       0x29
 *(.ARM.attributes)
 .ARM.attributes
                0x00000000       0x1d c:/program files (x86)/cypress/psoc creator/4.1/psoc creator/import/gnu/arm/5.4.1/bin/../lib/gcc/arm-none-eabi/5.4.1/armv7-m/crti.o
 .ARM.attributes
                0x0000001d       0x2d c:/program files (x86)/cypress/psoc creator/4.1/psoc creator/import/gnu/arm/5.4.1/bin/../lib/gcc/arm-none-eabi/5.4.1/armv7-m/crtbegin.o
 .ARM.attributes
                0x0000004a       0x1b c:/program files (x86)/cypress/psoc creator/4.1/psoc creator/import/gnu/arm/5.4.1/bin/../lib/gcc/arm-none-eabi/5.4.1/../../../../arm-none-eabi/lib/armv7-m/crt0.o
 .ARM.attributes
                0x00000065       0x33 .\CortexM3\ARM_GCC_541\Debug\main.o
 .ARM.attributes
                0x00000098       0x33 .\CortexM3\ARM_GCC_541\Debug\Motor.o
 .ARM.attributes
                0x000000cb       0x33 .\CortexM3\ARM_GCC_541\Debug\LoadCell.o
 .ARM.attributes
                0x000000fe       0x33 .\CortexM3\ARM_GCC_541\Debug\BatterySensor.o
 .ARM.attributes
                0x00000131       0x33 .\CortexM3\ARM_GCC_541\Debug\CurrentSensor.o
 .ARM.attributes
                0x00000164       0x33 .\CortexM3\ARM_GCC_541\Debug\cyfitter_cfg.o
 .ARM.attributes
                0x00000197       0x33 .\CortexM3\ARM_GCC_541\Debug\cymetadata.o
 .ARM.attributes
                0x000001ca       0x33 .\CortexM3\ARM_GCC_541\Debug\Cm3Start.o
 .ARM.attributes
                0x000001fd       0x33 .\CortexM3\ARM_GCC_541\Debug\DC-Motor-PWM.a(UART_1.o)
 .ARM.attributes
                0x00000230       0x33 .\CortexM3\ARM_GCC_541\Debug\DC-Motor-PWM.a(isr_uart_rx.o)
 .ARM.attributes
                0x00000263       0x33 .\CortexM3\ARM_GCC_541\Debug\DC-Motor-PWM.a(UART_1_IntClock.o)
 .ARM.attributes
                0x00000296       0x33 .\CortexM3\ARM_GCC_541\Debug\DC-Motor-PWM.a(CyLib.o)
 .ARM.attributes
                0x000002c9       0x33 .\CortexM3\ARM_GCC_541\Debug\DC-Motor-PWM.a(cyPm.o)
 .ARM.attributes
                0x000002fc       0x33 .\CortexM3\ARM_GCC_541\Debug\DC-Motor-PWM.a(Pin_1.o)
 .ARM.attributes
                0x0000032f       0x33 .\CortexM3\ARM_GCC_541\Debug\DC-Motor-PWM.a(PWM_M1.o)
 .ARM.attributes
                0x00000362       0x33 .\CortexM3\ARM_GCC_541\Debug\DC-Motor-PWM.a(PWM_M2.o)
 .ARM.attributes
                0x00000395       0x33 .\CortexM3\ARM_GCC_541\Debug\DC-Motor-PWM.a(PWM_P.o)
 .ARM.attributes
                0x000003c8       0x33 .\CortexM3\ARM_GCC_541\Debug\DC-Motor-PWM.a(SPI_Slave.o)
 .ARM.attributes
                0x000003fb       0x33 .\CortexM3\ARM_GCC_541\Debug\DC-Motor-PWM.a(SPI_Slave_INT.o)
 .ARM.attributes
                0x0000042e       0x33 .\CortexM3\ARM_GCC_541\Debug\DC-Motor-PWM.a(ISR_SPI.o)
 .ARM.attributes
                0x00000461       0x33 .\CortexM3\ARM_GCC_541\Debug\DC-Motor-PWM.a(PWM_M3.o)
 .ARM.attributes
                0x00000494       0x33 .\CortexM3\ARM_GCC_541\Debug\DC-Motor-PWM.a(PWM_M4.o)
 .ARM.attributes
                0x000004c7       0x33 .\CortexM3\ARM_GCC_541\Debug\DC-Motor-PWM.a(isr_1.o)
 .ARM.attributes
                0x000004fa       0x33 .\CortexM3\ARM_GCC_541\Debug\DC-Motor-PWM.a(ADC_SAR_1.o)
 .ARM.attributes
                0x0000052d       0x33 .\CortexM3\ARM_GCC_541\Debug\DC-Motor-PWM.a(ADC_SAR_1_INT.o)
 .ARM.attributes
                0x00000560       0x33 .\CortexM3\ARM_GCC_541\Debug\DC-Motor-PWM.a(ADC_SAR_1_theACLK.o)
 .ARM.attributes
                0x00000593       0x21 .\CortexM3\ARM_GCC_541\Debug\DC-Motor-PWM.a(CyBootAsmGnu.o)
 .ARM.attributes
                0x000005b4       0x33 .\CortexM3\ARM_GCC_541\Debug\DC-Motor-PWM.a(CyFlash.o)
 .ARM.attributes
                0x000005e7       0x33 .\CortexM3\ARM_GCC_541\Debug\DC-Motor-PWM.a(CySpc.o)
 .ARM.attributes
                0x0000061a       0x1d c:/program files (x86)/cypress/psoc creator/4.1/psoc creator/import/gnu/arm/5.4.1/bin/../lib/gcc/arm-none-eabi/5.4.1/armv7-m\libgcc.a(_arm_addsubdf3.o)
 .ARM.attributes
                0x00000637       0x1d c:/program files (x86)/cypress/psoc creator/4.1/psoc creator/import/gnu/arm/5.4.1/bin/../lib/gcc/arm-none-eabi/5.4.1/armv7-m\libgcc.a(_arm_muldivdf3.o)
 .ARM.attributes
                0x00000654       0x1d c:/program files (x86)/cypress/psoc creator/4.1/psoc creator/import/gnu/arm/5.4.1/bin/../lib/gcc/arm-none-eabi/5.4.1/armv7-m\libgcc.a(_arm_cmpdf2.o)
 .ARM.attributes
                0x00000671       0x1d c:/program files (x86)/cypress/psoc creator/4.1/psoc creator/import/gnu/arm/5.4.1/bin/../lib/gcc/arm-none-eabi/5.4.1/armv7-m\libgcc.a(_arm_truncdfsf2.o)
 .ARM.attributes
                0x0000068e       0x1d c:/program files (x86)/cypress/psoc creator/4.1/psoc creator/import/gnu/arm/5.4.1/bin/../lib/gcc/arm-none-eabi/5.4.1/armv7-m\libgcc.a(_arm_addsubsf3.o)
 .ARM.attributes
                0x000006ab       0x1d c:/program files (x86)/cypress/psoc creator/4.1/psoc creator/import/gnu/arm/5.4.1/bin/../lib/gcc/arm-none-eabi/5.4.1/armv7-m\libgcc.a(_arm_muldivsf3.o)
 .ARM.attributes
                0x000006c8       0x1d c:/program files (x86)/cypress/psoc creator/4.1/psoc creator/import/gnu/arm/5.4.1/bin/../lib/gcc/arm-none-eabi/5.4.1/armv7-m\libgcc.a(_arm_cmpsf2.o)
 .ARM.attributes
                0x000006e5       0x1d c:/program files (x86)/cypress/psoc creator/4.1/psoc creator/import/gnu/arm/5.4.1/bin/../lib/gcc/arm-none-eabi/5.4.1/armv7-m\libgcc.a(_aeabi_ldivmod.o)
 .ARM.attributes
                0x00000702       0x2d c:/program files (x86)/cypress/psoc creator/4.1/psoc creator/import/gnu/arm/5.4.1/bin/../lib/gcc/arm-none-eabi/5.4.1/armv7-m\libgcc.a(_udivmoddi4.o)
 .ARM.attributes
                0x0000072f       0x1d c:/program files (x86)/cypress/psoc creator/4.1/psoc creator/import/gnu/arm/5.4.1/bin/../lib/gcc/arm-none-eabi/5.4.1/armv7-m\libgcc.a(_dvmd_tls.o)
 .ARM.attributes
                0x0000074c       0x2d c:/program files (x86)/cypress/psoc creator/4.1/psoc creator/import/gnu/arm/5.4.1/bin/../lib/gcc/arm-none-eabi/5.4.1/../../../../arm-none-eabi/lib/armv7-m\libg_nano.a(lib_a-errno.o)
 .ARM.attributes
                0x00000779       0x2d c:/program files (x86)/cypress/psoc creator/4.1/psoc creator/import/gnu/arm/5.4.1/bin/../lib/gcc/arm-none-eabi/5.4.1/../../../../arm-none-eabi/lib/armv7-m\libg_nano.a(lib_a-exit.o)
 .ARM.attributes
                0x000007a6       0x2d c:/program files (x86)/cypress/psoc creator/4.1/psoc creator/import/gnu/arm/5.4.1/bin/../lib/gcc/arm-none-eabi/5.4.1/../../../../arm-none-eabi/lib/armv7-m\libg_nano.a(lib_a-impure.o)
 .ARM.attributes
                0x000007d3       0x2d c:/program files (x86)/cypress/psoc creator/4.1/psoc creator/import/gnu/arm/5.4.1/bin/../lib/gcc/arm-none-eabi/5.4.1/../../../../arm-none-eabi/lib/armv7-m\libg_nano.a(lib_a-init.o)
 .ARM.attributes
                0x00000800       0x2d c:/program files (x86)/cypress/psoc creator/4.1/psoc creator/import/gnu/arm/5.4.1/bin/../lib/gcc/arm-none-eabi/5.4.1/../../../../arm-none-eabi/lib/armv7-m\libg_nano.a(lib_a-memcpy-stub.o)
 .ARM.attributes
                0x0000082d       0x2d c:/program files (x86)/cypress/psoc creator/4.1/psoc creator/import/gnu/arm/5.4.1/bin/../lib/gcc/arm-none-eabi/5.4.1/../../../../arm-none-eabi/lib/armv7-m\libg_nano.a(lib_a-memset.o)
 .ARM.attributes
                0x0000085a       0x2d c:/program files (x86)/cypress/psoc creator/4.1/psoc creator/import/gnu/arm/5.4.1/bin/../lib/gcc/arm-none-eabi/5.4.1/../../../../arm-none-eabi/lib/armv7-m\libg_nano.a(lib_a-nano-vfprintf_float.o)
 .ARM.attributes
                0x00000887       0x2d c:/program files (x86)/cypress/psoc creator/4.1/psoc creator/import/gnu/arm/5.4.1/bin/../lib/gcc/arm-none-eabi/5.4.1/../../../../arm-none-eabi/lib/armv7-m\libg_nano.a(lib_a-nano-vfprintf_i.o)
 .ARM.attributes
                0x000008b4       0x2d c:/program files (x86)/cypress/psoc creator/4.1/psoc creator/import/gnu/arm/5.4.1/bin/../lib/gcc/arm-none-eabi/5.4.1/../../../../arm-none-eabi/lib/armv7-m\libg_nano.a(lib_a-snprintf.o)
 .ARM.attributes
                0x000008e1       0x17 c:/program files (x86)/cypress/psoc creator/4.1/psoc creator/import/gnu/arm/5.4.1/bin/../lib/gcc/arm-none-eabi/5.4.1/../../../../arm-none-eabi/lib/armv7-m\libg_nano.a(lib_a-strlen.o)
 .ARM.attributes
                0x000008f8       0x2d c:/program files (x86)/cypress/psoc creator/4.1/psoc creator/import/gnu/arm/5.4.1/bin/../lib/gcc/arm-none-eabi/5.4.1/../../../../arm-none-eabi/lib/armv7-m\libg_nano.a(lib_a-dtoa.o)
 .ARM.attributes
                0x00000925       0x2d c:/program files (x86)/cypress/psoc creator/4.1/psoc creator/import/gnu/arm/5.4.1/bin/../lib/gcc/arm-none-eabi/5.4.1/../../../../arm-none-eabi/lib/armv7-m\libg_nano.a(lib_a-locale.o)
 .ARM.attributes